Archive member included to satisfy reference by file (symbol)

C:/nxp/MCUXpressoIDE_24.12.148/ide/plugins/com.nxp.mcuxpresso.tools.win32_24.12.0.202407110909/tools/bin/../lib/gcc/arm-none-eabi/13.2.1/../../../../arm-none-eabi/lib/thumb/v8-m.main/nofp\libcr_semihost_nf.a(_cr__main.o)
                              ./startup/startup_mcxa153.o (__main)
C:/nxp/MCUXpressoIDE_24.12.148/ide/plugins/com.nxp.mcuxpresso.tools.win32_24.12.0.202407110909/tools/bin/../lib/gcc/arm-none-eabi/13.2.1/../../../../arm-none-eabi/lib/thumb/v8-m.main/nofp\libcr_c.a(memcpy.o)
                              ./source/utils/sdCard/FatFs/ff.o (memcpy)
C:/nxp/MCUXpressoIDE_24.12.148/ide/plugins/com.nxp.mcuxpresso.tools.win32_24.12.0.202407110909/tools/bin/../lib/gcc/arm-none-eabi/13.2.1/../../../../arm-none-eabi/lib/thumb/v8-m.main/nofp\libcr_c.a(memset.o)
                              ./source/utils/temperatureSensor/lm35d_polling.o (memset)
C:/nxp/MCUXpressoIDE_24.12.148/ide/plugins/com.nxp.mcuxpresso.tools.win32_24.12.0.202407110909/tools/bin/../lib/gcc/arm-none-eabi/13.2.1/../../../../arm-none-eabi/lib/thumb/v8-m.main/nofp\libcr_c.a(atan2.o)
                              ./source/games/gpsGame/gpsGame.o (atan2)
C:/nxp/MCUXpressoIDE_24.12.148/ide/plugins/com.nxp.mcuxpresso.tools.win32_24.12.0.202407110909/tools/bin/../lib/gcc/arm-none-eabi/13.2.1/../../../../arm-none-eabi/lib/thumb/v8-m.main/nofp\libcr_c.a(cos.o)
                              ./source/games/gpsGame/gpsGame.o (cos)
C:/nxp/MCUXpressoIDE_24.12.148/ide/plugins/com.nxp.mcuxpresso.tools.win32_24.12.0.202407110909/tools/bin/../lib/gcc/arm-none-eabi/13.2.1/../../../../arm-none-eabi/lib/thumb/v8-m.main/nofp\libcr_c.a(errno.o)
                              C:/nxp/MCUXpressoIDE_24.12.148/ide/plugins/com.nxp.mcuxpresso.tools.win32_24.12.0.202407110909/tools/bin/../lib/gcc/arm-none-eabi/13.2.1/../../../../arm-none-eabi/lib/thumb/v8-m.main/nofp\libcr_c.a(atan2.o) (errno)
C:/nxp/MCUXpressoIDE_24.12.148/ide/plugins/com.nxp.mcuxpresso.tools.win32_24.12.0.202407110909/tools/bin/../lib/gcc/arm-none-eabi/13.2.1/../../../../arm-none-eabi/lib/thumb/v8-m.main/nofp\libcr_c.a(fabs.o)
                              C:/nxp/MCUXpressoIDE_24.12.148/ide/plugins/com.nxp.mcuxpresso.tools.win32_24.12.0.202407110909/tools/bin/../lib/gcc/arm-none-eabi/13.2.1/../../../../arm-none-eabi/lib/thumb/v8-m.main/nofp\libcr_c.a(atan2.o) (fabs)
C:/nxp/MCUXpressoIDE_24.12.148/ide/plugins/com.nxp.mcuxpresso.tools.win32_24.12.0.202407110909/tools/bin/../lib/gcc/arm-none-eabi/13.2.1/../../../../arm-none-eabi/lib/thumb/v8-m.main/nofp\libcr_c.a(fpprintf.o)
                              ./source/utils/flag.o (sprintf)
C:/nxp/MCUXpressoIDE_24.12.148/ide/plugins/com.nxp.mcuxpresso.tools.win32_24.12.0.202407110909/tools/bin/../lib/gcc/arm-none-eabi/13.2.1/../../../../arm-none-eabi/lib/thumb/v8-m.main/nofp\libcr_c.a(initio.o)
                              C:/nxp/MCUXpressoIDE_24.12.148/ide/plugins/com.nxp.mcuxpresso.tools.win32_24.12.0.202407110909/tools/bin/../lib/gcc/arm-none-eabi/13.2.1/../../../../arm-none-eabi/lib/thumb/v8-m.main/nofp\libcr_semihost_nf.a(_cr__main.o) (_initio)
C:/nxp/MCUXpressoIDE_24.12.148/ide/plugins/com.nxp.mcuxpresso.tools.win32_24.12.0.202407110909/tools/bin/../lib/gcc/arm-none-eabi/13.2.1/../../../../arm-none-eabi/lib/thumb/v8-m.main/nofp\libcr_c.a(itoa.o)
                              ./source/utils/flag.o (itoa)
C:/nxp/MCUXpressoIDE_24.12.148/ide/plugins/com.nxp.mcuxpresso.tools.win32_24.12.0.202407110909/tools/bin/../lib/gcc/arm-none-eabi/13.2.1/../../../../arm-none-eabi/lib/thumb/v8-m.main/nofp\libcr_c.a(memcmp.o)
                              ./source/utils/sdCard/FatFs/ff.o (memcmp)
C:/nxp/MCUXpressoIDE_24.12.148/ide/plugins/com.nxp.mcuxpresso.tools.win32_24.12.0.202407110909/tools/bin/../lib/gcc/arm-none-eabi/13.2.1/../../../../arm-none-eabi/lib/thumb/v8-m.main/nofp\libcr_c.a(printf.o)
                              C:/nxp/MCUXpressoIDE_24.12.148/ide/plugins/com.nxp.mcuxpresso.tools.win32_24.12.0.202407110909/tools/bin/../lib/gcc/arm-none-eabi/13.2.1/../../../../arm-none-eabi/lib/thumb/v8-m.main/nofp\libcr_c.a(fpprintf.o) (__vfprintf)
C:/nxp/MCUXpressoIDE_24.12.148/ide/plugins/com.nxp.mcuxpresso.tools.win32_24.12.0.202407110909/tools/bin/../lib/gcc/arm-none-eabi/13.2.1/../../../../arm-none-eabi/lib/thumb/v8-m.main/nofp\libcr_c.a(scanf.o)
                              ./source/utils/sdCard/sdCard.o (atof)
C:/nxp/MCUXpressoIDE_24.12.148/ide/plugins/com.nxp.mcuxpresso.tools.win32_24.12.0.202407110909/tools/bin/../lib/gcc/arm-none-eabi/13.2.1/../../../../arm-none-eabi/lib/thumb/v8-m.main/nofp\libcr_c.a(setvbuf.o)
                              C:/nxp/MCUXpressoIDE_24.12.148/ide/plugins/com.nxp.mcuxpresso.tools.win32_24.12.0.202407110909/tools/bin/../lib/gcc/arm-none-eabi/13.2.1/../../../../arm-none-eabi/lib/thumb/v8-m.main/nofp\libcr_c.a(initio.o) (setvbuf)
[...]
Memory Configuration

Name             Origin             Length             Attributes
PROGRAM_FLASH    0x00000000         0x00020000         xr
SRAM             0x20000000         0x00006000         xrw
SRAMX0           0x04000000         0x00002000         xrw
SRAMX1           0x04002000         0x00001000         xrw
*default*        0x00000000         0xffffffff

Linker script and memory map

LOAD ./startup/startup_mcxa153.o
LOAD ./source/utils/temperatureSensor/lm35d_polling.o
LOAD ./source/utils/sdCard/FatFs/ff.o
LOAD ./source/utils/sdCard/FatFs/sdmm.o
LOAD ./source/utils/sdCard/sdCard.o
LOAD ./source/utils/lcdScreen/lcd.o
LOAD ./source/utils/joystick/joystick.o
LOAD ./source/utils/gps/gps.o
LOAD ./source/utils/comProtocols/Lpuart/lpuart0_interrupt.o
LOAD ./source/utils/comProtocols/Lpuart/lpuart2_interrupt.o
LOAD ./source/utils/comProtocols/Lpuart/retarget.o
LOAD ./source/utils/comProtocols/Lpi2c/lpi2c0_controller_interrupt.o
LOAD ./source/utils/comProtocols/GPIO/gpio_output.o
LOAD ./source/utils/comProtocols/fifo.o
LOAD ./source/utils/comProtocols/fifo16.o
LOAD ./source/utils/colourSensor/color_classifier.o
LOAD ./source/utils/colourSensor/tcs34725_polling.o
LOAD ./source/utils/flag.o
LOAD ./source/utils/timer.o
LOAD ./source/games/levelTwo/levelTwo.o
LOAD ./source/games/levelOne/delay.o
LOAD ./source/games/levelOne/levelOne.o
LOAD ./source/games/gpsGame/gpsGame.o
LOAD ./source/main.o
LOAD ./source/semihost_hardfault.o
LOAD ./device/system_MCXA153.o
START GROUP
LOAD C:/nxp/MCUXpressoIDE_24.12.148/ide/plugins/com.nxp.mcuxpresso.tools.win32_24.12.0.202407110909/tools/bin/../lib/gcc/arm-none-eabi/13.2.1/../../../../arm-none-eabi/lib/thumb/v8-m.main/nofp\libcr_semihost_nf.a
LOAD C:/nxp/MCUXpressoIDE_24.12.148/ide/plugins/com.nxp.mcuxpresso.tools.win32_24.12.0.202407110909/tools/bin/../lib/gcc/arm-none-eabi/13.2.1/../../../../arm-none-eabi/lib/thumb/v8-m.main/nofp\libcr_c.a
LOAD C:/nxp/MCUXpressoIDE_24.12.148/ide/plugins/com.nxp.mcuxpresso.tools.win32_24.12.0.202407110909/tools/bin/../lib/gcc/arm-none-eabi/13.2.1/thumb/v8-m.main/nofp\libcr_eabihelpers.a
LOAD C:/nxp/MCUXpressoIDE_24.12.148/ide/plugins/com.nxp.mcuxpresso.tools.win32_24.12.0.202407110909/tools/bin/../lib/gcc/arm-none-eabi/13.2.1/thumb/v8-m.main/nofp\libgcc.a
END GROUP
                0x00000000                        __base_PROGRAM_FLASH = 0x0
                0x00000000                        __base_Flash = 0x0
                0x00020000                        __top_PROGRAM_FLASH = 0x20000
                0x00020000                        __top_Flash = 0x20000
                0x20000000                        __base_SRAM = 0x20000000
                0x20000000                        __base_RAM = 0x20000000
                0x20006000                        __top_SRAM = 0x20006000
                0x20006000                        __top_RAM = 0x20006000
                0x04000000                        __base_SRAMX0 = 0x4000000
                0x04000000                        __base_RAM2 = 0x4000000
                0x04002000                        __top_SRAMX0 = 0x4002000
                0x04002000                        __top_RAM2 = 0x4002000
                0x04002000                        __base_SRAMX1 = 0x4002000
                0x04002000                        __base_RAM3 = 0x4002000
                0x04003000                        __top_SRAMX1 = 0x4003000
                0x04003000                        __top_RAM3 = 0x4003000

.text           0x00000000     0xba40
 FILL mask 0xff
                0x00000000                        __vectors_start__ = ABSOLUTE (.)
 *(SORT_BY_ALIGNMENT(.isr_vector))
 .isr_vector    0x00000000      0x16c ./startup/startup_mcxa153.o
                0x00000000                g_pfnVectors
                0x00000000                __Vectors
                0x0000016c                        . = ALIGN (0x4)
                0x0000016c                        __section_table_start = .
                0x0000016c                        __data_section_table = .
                0x0000016c        0x4 LONG 0xba40 LOADADDR (.data)
                0x00000170        0x4 LONG 0x20000000 ADDR (.data)
                0x00000174        0x4 LONG 0x1f0 SIZEOF (.data)
                0x00000178        0x4 LONG 0xba40 LOADADDR (.data_RAM2)
                0x0000017c        0x4 LONG 0x4000000 ADDR (.data_RAM2)
                0x00000180        0x4 LONG 0x0 SIZEOF (.data_RAM2)
                0x00000184        0x4 LONG 0xba40 LOADADDR (.data_RAM3)
                0x00000188        0x4 LONG 0x4002000 ADDR (.data_RAM3)
                0x0000018c        0x4 LONG 0x0 SIZEOF (.data_RAM3)
                0x00000190                        __data_section_table_end = .
                0x00000190                        __bss_section_table = .
                0x00000190        0x4 LONG 0x200001f0 ADDR (.bss)
                0x00000194        0x4 LONG 0x71c SIZEOF (.bss)
                0x00000198        0x4 LONG 0x4000000 ADDR (.bss_RAM2)
                0x0000019c        0x4 LONG 0x0 SIZEOF (.bss_RAM2)
                0x000001a0        0x4 LONG 0x4002000 ADDR (.bss_RAM3)
                0x000001a4        0x4 LONG 0x0 SIZEOF (.bss_RAM3)
                0x000001a8                        __bss_section_table_end = .
                0x000001a8                        __section_table_end = .
 *(SORT_BY_ALIGNMENT(.after_vectors*))
 .after_vectors.reset
                0x000001a8       0x68 ./startup/startup_mcxa153.o
                0x000001a8                ResetISR
 .after_vectors.init_data
                0x00000210       0x1c ./startup/startup_mcxa153.o
                0x00000210                data_init
 .after_vectors.init_bss
                0x0000022c       0x12 ./startup/startup_mcxa153.o
                0x0000022c                bss_init
 .after_vectors
                0x0000023e       0x16 ./startup/startup_mcxa153.o
                0x0000023e                NMI_Handler
                0x00000242                MemManage_Handler
                0x00000244                BusFault_Handler
                0x00000246                UsageFault_Handler
                0x00000248                SecureFault_Handler
                0x0000024a                SVC_Handler
                0x0000024c                DebugMon_Handler
                0x0000024e                PendSV_Handler
                0x00000252                LPTMR0_DriverIRQHandler
                0x00000252                FLEXPWM0_SUBMODULE1_DriverIRQHandler
                0x00000252                MBC0_DriverIRQHandler
                0x00000252                WAKETIMER0_DriverIRQHandler
                0x00000252                I3C0_DriverIRQHandler
                0x00000252                LPI2C0_DriverIRQHandler
                0x00000252                FLEXPWM0_RELOAD_ERROR_DriverIRQHandler
                0x00000252                QDC0_HOME_DriverIRQHandler
                0x00000252                Reserved82_DriverIRQHandler
                0x00000252                QDC0_WATCHDOG_DriverIRQHandler
                0x00000252                ERM0_MULTI_BIT_DriverIRQHandler
                0x00000252                Reserved36_DriverIRQHandler
                0x00000252                CTIMER2_DriverIRQHandler
                0x00000252                Reserved33_DriverIRQHandler
                0x00000252                CMP1_DriverIRQHandler
                0x00000252                IntDefaultHandler
                0x00000252                USB0_DriverIRQHandler
                0x00000252                QDC0_INDEX_DriverIRQHandler
                0x00000252                UTICK0_DriverIRQHandler
                0x00000252                Reserved41_DriverIRQHandler
                0x00000252                FLEXPWM0_SUBMODULE2_DriverIRQHandler
                0x00000252                Reserved39_DriverIRQHandler
                0x00000252                WWDT0_DriverIRQHandler
                0x00000252                Reserved84_DriverIRQHandler
                0x00000252                FLEXPWM0_FAULT_DriverIRQHandler
                0x00000252                GPIO0_DriverIRQHandler
                0x00000252                Reserved38_DriverIRQHandler
                0x00000252                FREQME0_DriverIRQHandler
                0x00000252                Reserved22_DriverIRQHandler
                0x00000252                Reserved53_DriverIRQHandler
                0x00000252                Reserved35_DriverIRQHandler
                0x00000252                CTIMER0_DriverIRQHandler
                0x00000252                Reserved79_DriverIRQHandler
                0x00000252                Reserved24_DriverIRQHandler
                0x00000252                CTIMER1_DriverIRQHandler
                0x00000252                QDC0_COMPARE_DriverIRQHandler
                0x00000252                LPUART1_DriverIRQHandler
                0x00000252                WUU0_DriverIRQHandler
                0x00000252                LPSPI0_DriverIRQHandler
                0x00000252                DMA_CH3_DriverIRQHandler
                0x00000252                Reserved83_DriverIRQHandler
                0x00000252                Reserved72_DriverIRQHandler
                0x00000252                Reserved23_DriverIRQHandler
                0x00000252                Reserved65_DriverIRQHandler
                0x00000252                ERM0_SINGLE_BIT_DriverIRQHandler
                0x00000252                DMA_CH2_DriverIRQHandler
                0x00000252                CMC_DriverIRQHandler
                0x00000252                Reserved51_DriverIRQHandler
                0x00000252                Reserved25_DriverIRQHandler
                0x00000252                LPUART2_DriverIRQHandler
                0x00000252                FMU0_DriverIRQHandler
                0x00000252                LPSPI1_DriverIRQHandler
                0x00000252                Reserved77_DriverIRQHandler
                0x00000252                Reserved16_DriverIRQHandler
                0x00000252                LPUART0_DriverIRQHandler
                0x00000252                GPIO2_DriverIRQHandler
                0x00000252                Reserved85_DriverIRQHandler
                0x00000252                ADC0_DriverIRQHandler
                0x00000252                CMP0_DriverIRQHandler
                0x00000252                CDOG0_DriverIRQHandler
                0x00000252                Reserved59_DriverIRQHandler
                0x00000252                DMA_CH0_DriverIRQHandler
                0x00000252                Reserved58_DriverIRQHandler
                0x00000252                DMA_CH1_DriverIRQHandler
                0x00000252                SPC0_DriverIRQHandler
                0x00000252                GLIKEY0_DriverIRQHandler
                0x00000252                Reserved43_DriverIRQHandler
                0x00000252                Reserved46_DriverIRQHandler
                0x00000252                Reserved37_DriverIRQHandler
                0x00000252                Reserved86_DriverIRQHandler
                0x00000252                GPIO1_DriverIRQHandler
                0x00000252                FLEXPWM0_SUBMODULE0_DriverIRQHandler
                0x00000252                Reserved50_DriverIRQHandler
                0x00000252                OS_EVENT_DriverIRQHandler
                0x00000252                SCG0_DriverIRQHandler
                0x00000252                GPIO3_DriverIRQHandler
 *(SORT_BY_ALIGNMENT(.text*))
 *fill*         0x00000254        0x4 ff
 .text.ilog10   0x00000258       0xf8 ./source/utils/sdCard/FatFs/ff.o
 .text.i10x     0x00000350       0xc8 ./source/utils/sdCard/FatFs/ff.o
 .text.atan2    0x00000418      0x110 C:/nxp/MCUXpressoIDE_24.12.148/ide/plugins/com.nxp.mcuxpresso.tools.win32_24.12.0.202407110909/tools/bin/../lib/gcc/arm-none-eabi/13.2.1/../../../../arm-none-eabi/lib/thumb/v8-m.main/nofp\libcr_c.a(atan2.o)
                0x00000418                atan2
 .text.cos      0x00000528       0x60 C:/nxp/MCUXpressoIDE_24.12.148/ide/plugins/com.nxp.mcuxpresso.tools.win32_24.12.0.202407110909/tools/bin/../lib/gcc/arm-none-eabi/13.2.1/../../../../arm-none-eabi/lib/thumb/v8-m.main/nofp\libcr_c.a(cos.o)
                0x00000528                cos
 .text.fp_display
                0x00000588      0x9ac C:/nxp/MCUXpressoIDE_24.12.148/ide/plugins/com.nxp.mcuxpresso.tools.win32_24.12.0.202407110909/tools/bin/../lib/gcc/arm-none-eabi/13.2.1/../../../../arm-none-eabi/lib/thumb/v8-m.main/nofp\libcr_c.a(fpprintf.o)
 *fill*         0x00000f34        0x4 ff
 .text.vfscanf  0x00000f38      0x900 C:/nxp/MCUXpressoIDE_24.12.148/ide/plugins/com.nxp.mcuxpresso.tools.win32_24.12.0.202407110909/tools/bin/../lib/gcc/arm-none-eabi/13.2.1/../../../../arm-none-eabi/lib/thumb/v8-m.main/nofp\libcr_c.a(scanf.o)
                0x00000f38                vfscanf
 .text.sqrt     0x00001838      0x10c C:/nxp/MCUXpressoIDE_24.12.148/ide/plugins/com.nxp.mcuxpresso.tools.win32_24.12.0.202407110909/tools/bin/../lib/gcc/arm-none-eabi/13.2.1/../../../../arm-none-eabi/lib/thumb/v8-m.main/nofp\libcr_c.a(sqrt.o)
                0x00001838                sqrt
 *fill*         0x00001944        0x4 ff
 .text._sincos  0x00001948      0x1fc C:/nxp/MCUXpressoIDE_24.12.148/ide/plugins/com.nxp.mcuxpresso.tools.win32_24.12.0.202407110909/tools/bin/../lib/gcc/arm-none-eabi/13.2.1/../../../../arm-none-eabi/lib/thumb/v8-m.main/nofp\libcr_c.a(_sincos.o)
                0x00001948                _sincos
 *fill*         0x00001b44        0x4 ff
 .text.atan     0x00001b48      0x214 C:/nxp/MCUXpressoIDE_24.12.148/ide/plugins/com.nxp.mcuxpresso.tools.win32_24.12.0.202407110909/tools/bin/../lib/gcc/arm-none-eabi/13.2.1/../../../../arm-none-eabi/lib/thumb/v8-m.main/nofp\libcr_c.a(atan.o)
                0x00001b48                atan
 .text.lm35d_init
                0x00001d5c      0x1e8 ./source/utils/temperatureSensor/lm35d_polling.o
                0x00001d5c                lm35d_init
 .text.sync_fs  0x00001f44       0xe0 ./source/utils/sdCard/FatFs/ff.o
 .text.create_name
                0x00002024      0x20c ./source/utils/sdCard/FatFs/ff.o
 .text.get_ldnumber
                0x00002230       0x88 ./source/utils/sdCard/FatFs/ff.o
 .text.check_fs
                0x000022b8      0x148 ./source/utils/sdCard/FatFs/ff.o
 .text.mount_volume
                0x00002400      0x3fc ./source/utils/sdCard/FatFs/ff.o
 .text.f_mount  0x000027fc       0x94 ./source/utils/sdCard/FatFs/ff.o
                0x000027fc                f_mount
 .text.f_open   0x00002890      0x2e0 ./source/utils/sdCard/FatFs/ff.o
                0x00002890                f_open
 .text.f_sync   0x00002b70       0xc8 ./source/utils/sdCard/FatFs/ff.o
                0x00002b70                f_sync
 .text.ftoa     0x00002c38      0x310 ./source/utils/sdCard/FatFs/ff.o
 .text.f_printf
                0x00002f48      0x704 ./source/utils/sdCard/FatFs/ff.o
                0x00002f48                f_printf
 .text.xmit_mmc
                0x0000364c      0x210 ./source/utils/sdCard/FatFs/sdmm.o
 .text.rcvr_mmc
                0x0000385c      0x1bc ./source/utils/sdCard/FatFs/sdmm.o
 .text.deselect
                0x00003a18       0x28 ./source/utils/sdCard/FatFs/sdmm.o
 .text.select   0x00003a40       0x3c ./source/utils/sdCard/FatFs/sdmm.o
 .text.disk_status
                0x00003a7c       0x28 ./source/utils/sdCard/FatFs/sdmm.o
                0x00003a7c                disk_status
 .text.disk_initialize
                0x00003aa4      0x224 ./source/utils/sdCard/FatFs/sdmm.o
                0x00003aa4                disk_initialize
 .text.disk_read
                0x00003cc8       0xac ./source/utils/sdCard/FatFs/sdmm.o
                0x00003cc8                disk_read
 .text.disk_write
                0x00003d74       0xdc ./source/utils/sdCard/FatFs/sdmm.o
                0x00003d74                disk_write
 .text.sdInit   0x00003e50       0x4c ./source/utils/sdCard/sdCard.o
                0x00003e50                sdInit
 .text.sdWrite  0x00003e9c       0x80 ./source/utils/sdCard/sdCard.o
                0x00003e9c                sdWrite
 .text.sdSettings
                0x00003f1c       0x78 ./source/utils/sdCard/sdCard.o
                0x00003f1c                sdSettings
 .text.sdReadSettings
                0x00003f94      0x14c ./source/utils/sdCard/sdCard.o
                0x00003f94                sdReadSettings
 .text.sdLog    0x000040e0       0xa8 ./source/utils/sdCard/sdCard.o
                0x000040e0                sdLog
 .text.sdRead   0x00004188       0xe0 ./source/utils/sdCard/sdCard.o
                0x00004188                sdRead
 .text.sdReadLogs
                0x00004268       0x14 ./source/utils/sdCard/sdCard.o
                0x00004268                sdReadLogs
 .text.sdBufWrite
                0x0000427c       0x5c ./source/utils/sdCard/sdCard.o
                0x0000427c                sdBufWrite
 .text.i2c_send
                0x000042d8       0x30 ./source/utils/lcdScreen/lcd.o
 .text.__NVIC_EnableIRQ
                0x00004308       0x38 ./source/utils/joystick/joystick.o
 .text.__NVIC_ClearPendingIRQ
                0x00004340       0x3c ./source/utils/joystick/joystick.o
 .text.__NVIC_SetPriority
                0x0000437c       0x54 ./source/utils/joystick/joystick.o
 .text.joystick_init
                0x000043d0      0x120 ./source/utils/joystick/joystick.o
                0x000043d0                joystick_init
 .text.GPIO1_IRQHandler
                0x000044f0       0x38 ./source/utils/joystick/joystick.o
                0x000044f0                GPIO1_IRQHandler
 .text.joystick_sw
                0x00004528       0x28 ./source/utils/joystick/joystick.o
                0x00004528                joystick_sw
 .text.joystick_vrx
                0x00004550       0xa4 ./source/utils/joystick/joystick.o
                0x00004550                joystick_vrx
 .text.joystick_vry
                0x000045f4       0xa4 ./source/utils/joystick/joystick.o
                0x000045f4                joystick_vry
 .text.gpsInit  0x00004698       0x60 ./source/utils/gps/gps.o
                0x00004698                gpsInit
 .text.updatePosition
                0x000046f8       0x88 ./source/utils/gps/gps.o
                0x000046f8                updatePosition
 .text.parseNMEA
                0x00004780      0x128 ./source/utils/gps/gps.o
                0x00004780                parseNMEA
 .text.convertToDecimal
                0x000048a8       0x98 ./source/utils/gps/gps.o
                0x000048a8                convertToDecimal
 .text.getPosition
                0x00004940       0x14 ./source/utils/gps/gps.o
                0x00004940                getPosition
 .text.getTarget
                0x00004954       0x14 ./source/utils/gps/gps.o
                0x00004954                getTarget
 .text.getFix   0x00004968       0x14 ./source/utils/gps/gps.o
                0x00004968                getFix
 .text.__NVIC_EnableIRQ
                0x0000497c       0x38 ./source/utils/comProtocols/Lpuart/lpuart0_interrupt.o
 .text.__NVIC_ClearPendingIRQ
                0x000049b4       0x3c ./source/utils/comProtocols/Lpuart/lpuart0_interrupt.o
 .text.__NVIC_SetPriority
                0x000049f0       0x54 ./source/utils/comProtocols/Lpuart/lpuart0_interrupt.o
 .text.lpuart0_init
                0x00004a44       0xc4 ./source/utils/comProtocols/Lpuart/lpuart0_interrupt.o
                0x00004a44                lpuart0_init
 .text.lpuart0_putchar
                0x00004b08       0x40 ./source/utils/comProtocols/Lpuart/lpuart0_interrupt.o
                0x00004b08                lpuart0_putchar
 .text.lpuart0_getchar
                0x00004b48       0x30 ./source/utils/comProtocols/Lpuart/lpuart0_interrupt.o
                0x00004b48                lpuart0_getchar
 .text.LPUART0_IRQHandler
                0x00004b78       0x7c ./source/utils/comProtocols/Lpuart/lpuart0_interrupt.o
                0x00004b78                LPUART0_IRQHandler
 .text.__NVIC_EnableIRQ
                0x00004bf4       0x38 ./source/utils/comProtocols/Lpuart/lpuart2_interrupt.o
 .text.__NVIC_ClearPendingIRQ
                0x00004c2c       0x3c ./source/utils/comProtocols/Lpuart/lpuart2_interrupt.o
 .text.__NVIC_SetPriority
                0x00004c68       0x54 ./source/utils/comProtocols/Lpuart/lpuart2_interrupt.o
 .text.lpuart2_init
                0x00004cbc       0xc0 ./source/utils/comProtocols/Lpuart/lpuart2_interrupt.o
                0x00004cbc                lpuart2_init
 .text.lpuart2_getchar
                0x00004d7c       0x30 ./source/utils/comProtocols/Lpuart/lpuart2_interrupt.o
                0x00004d7c                lpuart2_getchar
 .text.lpuart2_rxcnt
                0x00004dac       0x14 ./source/utils/comProtocols/Lpuart/lpuart2_interrupt.o
                0x00004dac                lpuart2_rxcnt
 .text.enableLpuart2
                0x00004dc0       0x1c ./source/utils/comProtocols/Lpuart/lpuart2_interrupt.o
                0x00004dc0                enableLpuart2
 .text.disableLpuart2
                0x00004ddc       0x1c ./source/utils/comProtocols/Lpuart/lpuart2_interrupt.o
                0x00004ddc                disableLpuart2
 .text.LPUART2_IRQHandler
                0x00004df8       0x7c ./source/utils/comProtocols/Lpuart/lpuart2_interrupt.o
                0x00004df8                LPUART2_IRQHandler
 .text.__NVIC_EnableIRQ
                0x00004e74       0x38 ./source/utils/comProtocols/Lpi2c/lpi2c0_controller_interrupt.o
 .text.__NVIC_ClearPendingIRQ
                0x00004eac       0x3c ./source/utils/comProtocols/Lpi2c/lpi2c0_controller_interrupt.o
 .text.__NVIC_SetPriority
                0x00004ee8       0x54 ./source/utils/comProtocols/Lpi2c/lpi2c0_controller_interrupt.o
 .text.lpi2c0_controller_init
                0x00004f3c       0xcc ./source/utils/comProtocols/Lpi2c/lpi2c0_controller_interrupt.o
                0x00004f3c                lpi2c0_controller_init
 .text.lpi2c0_wait_busy
                0x00005008       0x20 ./source/utils/comProtocols/Lpi2c/lpi2c0_controller_interrupt.o
                0x00005008                lpi2c0_wait_busy
 .text.lpi2c0_txfifo_full
                0x00005028       0x2c ./source/utils/comProtocols/Lpi2c/lpi2c0_controller_interrupt.o
                0x00005028                lpi2c0_txfifo_full
 .text.lpi2c0_rxfifo_empty
                0x00005054       0x2c ./source/utils/comProtocols/Lpi2c/lpi2c0_controller_interrupt.o
                0x00005054                lpi2c0_rxfifo_empty
 .text.LPI2C0_IRQHandler
                0x00005080       0xa8 ./source/utils/comProtocols/Lpi2c/lpi2c0_controller_interrupt.o
                0x00005080                LPI2C0_IRQHandler
 .text.gpio_output_init
                0x00005128       0x74 ./source/utils/comProtocols/GPIO/gpio_output.o
                0x00005128                gpio_output_init
 .text.rgbToHsl
                0x0000519c      0x1b4 ./source/utils/colourSensor/color_classifier.o
                0x0000519c                rgbToHsl
 .text.classifyColor
                0x00005350       0xf0 ./source/utils/colourSensor/color_classifier.o
                0x00005350                classifyColor
 .text.getColor
                0x00005440       0x4c ./source/utils/colourSensor/color_classifier.o
                0x00005440                getColor
 .text.tcs34725_write_register
                0x0000548c       0x90 ./source/utils/colourSensor/tcs34725_polling.o
 .text.tcs34725_read_register
                0x0000551c       0xc0 ./source/utils/colourSensor/tcs34725_polling.o
 .text.tcs34725_read_registers
                0x000055dc       0xd0 ./source/utils/colourSensor/tcs34725_polling.o
 .text.tcs34725_init
                0x000056ac       0x8c ./source/utils/colourSensor/tcs34725_polling.o
                0x000056ac                tcs34725_init
 .text.tcs34725_get_color_data
                0x00005738       0xc0 ./source/utils/colourSensor/tcs34725_polling.o
                0x00005738                tcs34725_get_color_data
 .text.setLCDFlag
                0x000057f8       0x28 ./source/utils/flag.o
                0x000057f8                setLCDFlag
 .text.getSuccessFlag
                0x00005820       0x14 ./source/utils/flag.o
                0x00005820                getSuccessFlag
 .text.__NVIC_SetPriority
                0x00005834       0x54 ./source/utils/timer.o
 .text.SysTick_Config
                0x00005888       0x44 ./source/utils/timer.o
 .text.getMs    0x000058cc       0x14 ./source/utils/timer.o
                0x000058cc                getMs
 .text.getWon   0x000058e0       0x14 ./source/utils/timer.o
                0x000058e0                getWon
 .text.setWon   0x000058f4       0x1c ./source/utils/timer.o
                0x000058f4                setWon
 .text.SysTick_Handler
                0x00005910       0x7c ./source/utils/timer.o
                0x00005910                SysTick_Handler
 .text.levelTwo
                0x0000598c       0xac ./source/games/levelTwo/levelTwo.o
                0x0000598c                levelTwo
 .text.showArrow
                0x00005a38       0xac ./source/games/levelOne/levelOne.o
                0x00005a38                showArrow
 .text.generateNewArrow
                0x00005ae4       0x40 ./source/games/levelOne/levelOne.o
                0x00005ae4                generateNewArrow
 .text.resetGame
                0x00005b24       0x68 ./source/games/levelOne/levelOne.o
                0x00005b24                resetGame
 .text.startCountdown
                0x00005b8c       0x98 ./source/games/levelOne/levelOne.o
                0x00005b8c                startCountdown
 .text.increaseScore
                0x00005c24       0x44 ./source/games/levelOne/levelOne.o
                0x00005c24                increaseScore
 .text.winGame  0x00005c68       0x4c ./source/games/levelOne/levelOne.o
                0x00005c68                winGame
 .text.levelOne
                0x00005cb4      0x178 ./source/games/levelOne/levelOne.o
                0x00005cb4                levelOne
 .text.distance
                0x00005e2c      0x1e0 ./source/games/gpsGame/gpsGame.o
                0x00005e2c                distance
 .text.calculateBearing
                0x0000600c      0x1a8 ./source/games/gpsGame/gpsGame.o
                0x0000600c                calculateBearing
 .text.getDistance
                0x000061b4       0x14 ./source/games/gpsGame/gpsGame.o
                0x000061b4                getDistance
 .text.degToRad
                0x000061c8       0x50 ./source/games/gpsGame/gpsGame.o
                0x000061c8                degToRad
 .text.radToDeg
                0x00006218       0x54 ./source/games/gpsGame/gpsGame.o
                0x00006218                radToDeg
 .text.main     0x0000626c      0x114 ./source/main.o
                0x0000626c                main
 .text.SystemInit
                0x00006380      0x120 ./device/system_MCXA153.o
                0x00006380                SystemInit
 .text.sprintf  0x000064a0       0x6c C:/nxp/MCUXpressoIDE_24.12.148/ide/plugins/com.nxp.mcuxpresso.tools.win32_24.12.0.202407110909/tools/bin/../lib/gcc/arm-none-eabi/13.2.1/../../../../arm-none-eabi/lib/thumb/v8-m.main/nofp\libcr_c.a(fpprintf.o)
                0x000064a0                sprintf
 .text.snprintf
                0x0000650c       0x78 C:/nxp/MCUXpressoIDE_24.12.148/ide/plugins/com.nxp.mcuxpresso.tools.win32_24.12.0.202407110909/tools/bin/../lib/gcc/arm-none-eabi/13.2.1/../../../../arm-none-eabi/lib/thumb/v8-m.main/nofp\libcr_c.a(fpprintf.o)
                0x0000650c                snprintf
 .text.vsnprintf
                0x00006584       0x68 C:/nxp/MCUXpressoIDE_24.12.148/ide/plugins/com.nxp.mcuxpresso.tools.win32_24.12.0.202407110909/tools/bin/../lib/gcc/arm-none-eabi/13.2.1/../../../../arm-none-eabi/lib/thumb/v8-m.main/nofp\libcr_c.a(fpprintf.o)
                0x00006584                vsnprintf
 .text.printf   0x000065ec       0x54 C:/nxp/MCUXpressoIDE_24.12.148/ide/plugins/com.nxp.mcuxpresso.tools.win32_24.12.0.202407110909/tools/bin/../lib/gcc/arm-none-eabi/13.2.1/../../../../arm-none-eabi/lib/thumb/v8-m.main/nofp\libcr_c.a(fpprintf.o)
                0x000065ec                printf
 .text._initio  0x00006640       0x78 C:/nxp/MCUXpressoIDE_24.12.148/ide/plugins/com.nxp.mcuxpresso.tools.win32_24.12.0.202407110909/tools/bin/../lib/gcc/arm-none-eabi/13.2.1/../../../../arm-none-eabi/lib/thumb/v8-m.main/nofp\libcr_c.a(initio.o)
                0x00006640                _initio
 .text.__vfprintf
                0x000066b8      0xb70 C:/nxp/MCUXpressoIDE_24.12.148/ide/plugins/com.nxp.mcuxpresso.tools.win32_24.12.0.202407110909/tools/bin/../lib/gcc/arm-none-eabi/13.2.1/../../../../arm-none-eabi/lib/thumb/v8-m.main/nofp\libcr_c.a(printf.o)
                0x000066b8                __vfprintf
 .text.ch_val   0x00007228       0x30 C:/nxp/MCUXpressoIDE_24.12.148/ide/plugins/com.nxp.mcuxpresso.tools.win32_24.12.0.202407110909/tools/bin/../lib/gcc/arm-none-eabi/13.2.1/../../../../arm-none-eabi/lib/thumb/v8-m.main/nofp\libcr_c.a(scanf.o)
 .text._strtoul
                0x00007258       0xb4 C:/nxp/MCUXpressoIDE_24.12.148/ide/plugins/com.nxp.mcuxpresso.tools.win32_24.12.0.202407110909/tools/bin/../lib/gcc/arm-none-eabi/13.2.1/../../../../arm-none-eabi/lib/thumb/v8-m.main/nofp\libcr_c.a(scanf.o)
 .text.cr_rd_int
                0x0000730c      0x1a0 C:/nxp/MCUXpressoIDE_24.12.148/ide/plugins/com.nxp.mcuxpresso.tools.win32_24.12.0.202407110909/tools/bin/../lib/gcc/arm-none-eabi/13.2.1/../../../../arm-none-eabi/lib/thumb/v8-m.main/nofp\libcr_c.a(scanf.o)
 .text.strtod   0x000074ac       0x34 C:/nxp/MCUXpressoIDE_24.12.148/ide/plugins/com.nxp.mcuxpresso.tools.win32_24.12.0.202407110909/tools/bin/../lib/gcc/arm-none-eabi/13.2.1/../../../../arm-none-eabi/lib/thumb/v8-m.main/nofp\libcr_c.a(scanf.o)
                0x000074ac                strtod
 .text.strtol   0x000074e0       0x80 C:/nxp/MCUXpressoIDE_24.12.148/ide/plugins/com.nxp.mcuxpresso.tools.win32_24.12.0.202407110909/tools/bin/../lib/gcc/arm-none-eabi/13.2.1/../../../../arm-none-eabi/lib/thumb/v8-m.main/nofp\libcr_c.a(scanf.o)
                0x000074e0                strtol
 .text.atof     0x00007560       0x14 C:/nxp/MCUXpressoIDE_24.12.148/ide/plugins/com.nxp.mcuxpresso.tools.win32_24.12.0.202407110909/tools/bin/../lib/gcc/arm-none-eabi/13.2.1/../../../../arm-none-eabi/lib/thumb/v8-m.main/nofp\libcr_c.a(scanf.o)
                0x00007560                atof
 .text.atoi     0x00007574       0x18 C:/nxp/MCUXpressoIDE_24.12.148/ide/plugins/com.nxp.mcuxpresso.tools.win32_24.12.0.202407110909/tools/bin/../lib/gcc/arm-none-eabi/13.2.1/../../../../arm-none-eabi/lib/thumb/v8-m.main/nofp\libcr_c.a(scanf.o)
                0x00007574                atoi
 .text.rand     0x0000758c       0x48 C:/nxp/MCUXpressoIDE_24.12.148/ide/plugins/com.nxp.mcuxpresso.tools.win32_24.12.0.202407110909/tools/bin/../lib/gcc/arm-none-eabi/13.2.1/../../../../arm-none-eabi/lib/thumb/v8-m.main/nofp\libcr_c.a(stdlib.o)
                0x0000758c                rand
 .text.srand    0x000075d4       0x40 C:/nxp/MCUXpressoIDE_24.12.148/ide/plugins/com.nxp.mcuxpresso.tools.win32_24.12.0.202407110909/tools/bin/../lib/gcc/arm-none-eabi/13.2.1/../../../../arm-none-eabi/lib/thumb/v8-m.main/nofp\libcr_c.a(stdlib.o)
                0x000075d4                srand
 .text.__filbuf
                0x00007614      0x178 C:/nxp/MCUXpressoIDE_24.12.148/ide/plugins/com.nxp.mcuxpresso.tools.win32_24.12.0.202407110909/tools/bin/../lib/gcc/arm-none-eabi/13.2.1/../../../../arm-none-eabi/lib/thumb/v8-m.main/nofp\libcr_c.a(__fillbuf.o)
                0x00007614                __filbuf
 .text._ldexpl  0x0000778c       0x48 C:/nxp/MCUXpressoIDE_24.12.148/ide/plugins/com.nxp.mcuxpresso.tools.win32_24.12.0.202407110909/tools/bin/../lib/gcc/arm-none-eabi/13.2.1/../../../../arm-none-eabi/lib/thumb/v8-m.main/nofp\libcr_c.a(_ldexpl.o)
                0x0000778c                _ldexpl
 .text._Cwritebuf
                0x000077d4       0x6c C:/nxp/MCUXpressoIDE_24.12.148/ide/plugins/com.nxp.mcuxpresso.tools.win32_24.12.0.202407110909/tools/bin/../lib/gcc/arm-none-eabi/13.2.1/../../../../arm-none-eabi/lib/thumb/v8-m.main/nofp\libcr_c.a(_writebuf.o)
                0x000077d4                _Cwritebuf
 .text.malloc   0x00007840       0xc8 C:/nxp/MCUXpressoIDE_24.12.148/ide/plugins/com.nxp.mcuxpresso.tools.win32_24.12.0.202407110909/tools/bin/../lib/gcc/arm-none-eabi/13.2.1/../../../../arm-none-eabi/lib/thumb/v8-m.main/nofp\libcr_c.a(alloc.o)
                0x00007840                malloc
 .text._Csys_alloc
                0x00007908       0x20 C:/nxp/MCUXpressoIDE_24.12.148/ide/plugins/com.nxp.mcuxpresso.tools.win32_24.12.0.202407110909/tools/bin/../lib/gcc/arm-none-eabi/13.2.1/../../../../arm-none-eabi/lib/thumb/v8-m.main/nofp\libcr_c.a(alloc.o)
                0x00007908                _Csys_alloc
 .text.fflush   0x00007928       0x3c C:/nxp/MCUXpressoIDE_24.12.148/ide/plugins/com.nxp.mcuxpresso.tools.win32_24.12.0.202407110909/tools/bin/../lib/gcc/arm-none-eabi/13.2.1/../../../../arm-none-eabi/lib/thumb/v8-m.main/nofp\libcr_c.a(fflush.o)
                0x00007928                fflush
 .text.fseek    0x00007964       0xf8 C:/nxp/MCUXpressoIDE_24.12.148/ide/plugins/com.nxp.mcuxpresso.tools.win32_24.12.0.202407110909/tools/bin/../lib/gcc/arm-none-eabi/13.2.1/../../../../arm-none-eabi/lib/thumb/v8-m.main/nofp\libcr_c.a(fseek.o)
                0x00007964                fseek
 .text.ftell    0x00007a5c       0x44 C:/nxp/MCUXpressoIDE_24.12.148/ide/plugins/com.nxp.mcuxpresso.tools.win32_24.12.0.202407110909/tools/bin/../lib/gcc/arm-none-eabi/13.2.1/../../../../arm-none-eabi/lib/thumb/v8-m.main/nofp\libcr_c.a(ftell.o)
                0x00007a5c                ftell
 .text._sbrk    0x00007aa0       0x3c C:/nxp/MCUXpressoIDE_24.12.148/ide/plugins/com.nxp.mcuxpresso.tools.win32_24.12.0.202407110909/tools/bin/../lib/gcc/arm-none-eabi/13.2.1/../../../../arm-none-eabi/lib/thumb/v8-m.main/nofp\libcr_c.a(_cr_sbrk.o)
                0x00007aa0                _sbrk
 .text.__check_heap_overflow
                0x00007adc       0x18 C:/nxp/MCUXpressoIDE_24.12.148/ide/plugins/com.nxp.mcuxpresso.tools.win32_24.12.0.202407110909/tools/bin/../lib/gcc/arm-none-eabi/13.2.1/../../../../arm-none-eabi/lib/thumb/v8-m.main/nofp\libcr_c.a(_cr_check_heap.o)
                0x00007adc                __check_heap_overflow
 .text.__aeabi_dmul
                0x00007af4       0xfc C:/nxp/MCUXpressoIDE_24.12.148/ide/plugins/com.nxp.mcuxpresso.tools.win32_24.12.0.202407110909/tools/bin/../lib/gcc/arm-none-eabi/13.2.1/thumb/v8-m.main/nofp\libcr_eabihelpers.a(double.o)
                0x00007af4                __aeabi_dmul
 .text.__aeabi_ddiv
                0x00007bf0      0x134 C:/nxp/MCUXpressoIDE_24.12.148/ide/plugins/com.nxp.mcuxpresso.tools.win32_24.12.0.202407110909/tools/bin/../lib/gcc/arm-none-eabi/13.2.1/thumb/v8-m.main/nofp\libcr_eabihelpers.a(double.o)
                0x00007bf0                __aeabi_ddiv
 .text.__aeabi_dsub
                0x00007d24      0x1b4 C:/nxp/MCUXpressoIDE_24.12.148/ide/plugins/com.nxp.mcuxpresso.tools.win32_24.12.0.202407110909/tools/bin/../lib/gcc/arm-none-eabi/13.2.1/thumb/v8-m.main/nofp\libcr_eabihelpers.a(double.o)
                0x00007d24                __aeabi_dsub
 .text.__aeabi_dadd
                0x00007ed8      0x118 C:/nxp/MCUXpressoIDE_24.12.148/ide/plugins/com.nxp.mcuxpresso.tools.win32_24.12.0.202407110909/tools/bin/../lib/gcc/arm-none-eabi/13.2.1/thumb/v8-m.main/nofp\libcr_eabihelpers.a(double.o)
                0x00007ed8                __aeabi_dadd
 .text.__aeabi_d2f
                0x00007ff0       0x58 C:/nxp/MCUXpressoIDE_24.12.148/ide/plugins/com.nxp.mcuxpresso.tools.win32_24.12.0.202407110909/tools/bin/../lib/gcc/arm-none-eabi/13.2.1/thumb/v8-m.main/nofp\libcr_eabihelpers.a(double.o)
                0x00007ff0                __aeabi_d2f
 .text.__aeabi_fmul
                0x00008048       0xac C:/nxp/MCUXpressoIDE_24.12.148/ide/plugins/com.nxp.mcuxpresso.tools.win32_24.12.0.202407110909/tools/bin/../lib/gcc/arm-none-eabi/13.2.1/thumb/v8-m.main/nofp\libcr_eabihelpers.a(float.o)
                0x00008048                __aeabi_fmul
 .text.__aeabi_fdiv
                0x000080f4       0xbc C:/nxp/MCUXpressoIDE_24.12.148/ide/plugins/com.nxp.mcuxpresso.tools.win32_24.12.0.202407110909/tools/bin/../lib/gcc/arm-none-eabi/13.2.1/thumb/v8-m.main/nofp\libcr_eabihelpers.a(float.o)
                0x000080f4                __aeabi_fdiv
 .text.__aeabi_fsub
                0x000081b0       0xe4 C:/nxp/MCUXpressoIDE_24.12.148/ide/plugins/com.nxp.mcuxpresso.tools.win32_24.12.0.202407110909/tools/bin/../lib/gcc/arm-none-eabi/13.2.1/thumb/v8-m.main/nofp\libcr_eabihelpers.a(float.o)
                0x000081b0                __aeabi_fsub
 .text.__aeabi_fadd
                0x00008294       0xb8 C:/nxp/MCUXpressoIDE_24.12.148/ide/plugins/com.nxp.mcuxpresso.tools.win32_24.12.0.202407110909/tools/bin/../lib/gcc/arm-none-eabi/13.2.1/thumb/v8-m.main/nofp\libcr_eabihelpers.a(float.o)
                0x00008294                __aeabi_fadd
 .text.__aeabi_f2d
                0x0000834c       0x38 C:/nxp/MCUXpressoIDE_24.12.148/ide/plugins/com.nxp.mcuxpresso.tools.win32_24.12.0.202407110909/tools/bin/../lib/gcc/arm-none-eabi/13.2.1/thumb/v8-m.main/nofp\libcr_eabihelpers.a(float.o)
                0x0000834c                __aeabi_f2d
 .text.__sys_appexit
                0x00008384        0xc C:/nxp/MCUXpressoIDE_24.12.148/ide/plugins/com.nxp.mcuxpresso.tools.win32_24.12.0.202407110909/tools/bin/../lib/gcc/arm-none-eabi/13.2.1/../../../../arm-none-eabi/lib/thumb/v8-m.main/nofp\libcr_semihost_nf.a(__sys_appexit.o)
                0x00008384                __sys_appexit
                0x00008384                __exit
 .text.Reserved16_IRQHandler
                0x00008390        0x8 ./startup/startup_mcxa153.o
                0x00008390                Reserved16_IRQHandler
 .text.CMC_IRQHandler
                0x00008398        0x8 ./startup/startup_mcxa153.o
                0x00008398                CMC_IRQHandler
 .text.DMA_CH0_IRQHandler
                0x000083a0        0x8 ./startup/startup_mcxa153.o
                0x000083a0                DMA_CH0_IRQHandler
 .text.DMA_CH1_IRQHandler
                0x000083a8        0x8 ./startup/startup_mcxa153.o
                0x000083a8                DMA_CH1_IRQHandler
 .text.DMA_CH2_IRQHandler
                0x000083b0        0x8 ./startup/startup_mcxa153.o
                0x000083b0                DMA_CH2_IRQHandler
 .text.DMA_CH3_IRQHandler
                0x000083b8        0x8 ./startup/startup_mcxa153.o
                0x000083b8                DMA_CH3_IRQHandler
 .text.Reserved22_IRQHandler
                0x000083c0        0x8 ./startup/startup_mcxa153.o
                0x000083c0                Reserved22_IRQHandler
 .text.Reserved23_IRQHandler
                0x000083c8        0x8 ./startup/startup_mcxa153.o
                0x000083c8                Reserved23_IRQHandler
 .text.Reserved24_IRQHandler
                0x000083d0        0x8 ./startup/startup_mcxa153.o
                0x000083d0                Reserved24_IRQHandler
 .text.Reserved25_IRQHandler
                0x000083d8        0x8 ./startup/startup_mcxa153.o
                0x000083d8                Reserved25_IRQHandler
 .text.ERM0_SINGLE_BIT_IRQHandler
                0x000083e0        0x8 ./startup/startup_mcxa153.o
                0x000083e0                ERM0_SINGLE_BIT_IRQHandler
 .text.ERM0_MULTI_BIT_IRQHandler
                0x000083e8        0x8 ./startup/startup_mcxa153.o
                0x000083e8                ERM0_MULTI_BIT_IRQHandler
 .text.FMU0_IRQHandler
                0x000083f0        0x8 ./startup/startup_mcxa153.o
                0x000083f0                FMU0_IRQHandler
 .text.GLIKEY0_IRQHandler
                0x000083f8        0x8 ./startup/startup_mcxa153.o
                0x000083f8                GLIKEY0_IRQHandler
 .text.MBC0_IRQHandler
                0x00008400        0x8 ./startup/startup_mcxa153.o
                0x00008400                MBC0_IRQHandler
 .text.SCG0_IRQHandler
                0x00008408        0x8 ./startup/startup_mcxa153.o
                0x00008408                SCG0_IRQHandler
 .text.SPC0_IRQHandler
                0x00008410        0x8 ./startup/startup_mcxa153.o
                0x00008410                SPC0_IRQHandler
 .text.Reserved33_IRQHandler
                0x00008418        0x8 ./startup/startup_mcxa153.o
                0x00008418                Reserved33_IRQHandler
 .text.WUU0_IRQHandler
                0x00008420        0x8 ./startup/startup_mcxa153.o
                0x00008420                WUU0_IRQHandler
 .text.Reserved35_IRQHandler
                0x00008428        0x8 ./startup/startup_mcxa153.o
                0x00008428                Reserved35_IRQHandler
 .text.Reserved36_IRQHandler
                0x00008430        0x8 ./startup/startup_mcxa153.o
                0x00008430                Reserved36_IRQHandler
 .text.Reserved37_IRQHandler
                0x00008438        0x8 ./startup/startup_mcxa153.o
                0x00008438                Reserved37_IRQHandler
 .text.Reserved38_IRQHandler
                0x00008440        0x8 ./startup/startup_mcxa153.o
                0x00008440                Reserved38_IRQHandler
 .text.Reserved39_IRQHandler
                0x00008448        0x8 ./startup/startup_mcxa153.o
                0x00008448                Reserved39_IRQHandler
 .text.I3C0_IRQHandler
                0x00008450        0x8 ./startup/startup_mcxa153.o
                0x00008450                I3C0_IRQHandler
 .text.Reserved41_IRQHandler
                0x00008458        0x8 ./startup/startup_mcxa153.o
                0x00008458                Reserved41_IRQHandler
 .text.Reserved43_IRQHandler
                0x00008460        0x8 ./startup/startup_mcxa153.o
                0x00008460                Reserved43_IRQHandler
 .text.LPSPI0_IRQHandler
                0x00008468        0x8 ./startup/startup_mcxa153.o
                0x00008468                LPSPI0_IRQHandler
 .text.LPSPI1_IRQHandler
                0x00008470        0x8 ./startup/startup_mcxa153.o
                0x00008470                LPSPI1_IRQHandler
 .text.Reserved46_IRQHandler
                0x00008478        0x8 ./startup/startup_mcxa153.o
                0x00008478                Reserved46_IRQHandler
 .text.LPUART1_IRQHandler
                0x00008480        0x8 ./startup/startup_mcxa153.o
                0x00008480                LPUART1_IRQHandler
 .text.Reserved50_IRQHandler
                0x00008488        0x8 ./startup/startup_mcxa153.o
                0x00008488                Reserved50_IRQHandler
 .text.Reserved51_IRQHandler
                0x00008490        0x8 ./startup/startup_mcxa153.o
                0x00008490                Reserved51_IRQHandler
 .text.USB0_IRQHandler
                0x00008498        0x8 ./startup/startup_mcxa153.o
                0x00008498                USB0_IRQHandler
 .text.Reserved53_IRQHandler
                0x000084a0        0x8 ./startup/startup_mcxa153.o
                0x000084a0                Reserved53_IRQHandler
 .text.CDOG0_IRQHandler
                0x000084a8        0x8 ./startup/startup_mcxa153.o
                0x000084a8                CDOG0_IRQHandler
 .text.CTIMER0_IRQHandler
                0x000084b0        0x8 ./startup/startup_mcxa153.o
                0x000084b0                CTIMER0_IRQHandler
 .text.CTIMER1_IRQHandler
                0x000084b8        0x8 ./startup/startup_mcxa153.o
                0x000084b8                CTIMER1_IRQHandler
 .text.CTIMER2_IRQHandler
                0x000084c0        0x8 ./startup/startup_mcxa153.o
                0x000084c0                CTIMER2_IRQHandler
 .text.Reserved58_IRQHandler
                0x000084c8        0x8 ./startup/startup_mcxa153.o
                0x000084c8                Reserved58_IRQHandler
 .text.Reserved59_IRQHandler
                0x000084d0        0x8 ./startup/startup_mcxa153.o
                0x000084d0                Reserved59_IRQHandler
 .text.FLEXPWM0_RELOAD_ERROR_IRQHandler
                0x000084d8        0x8 ./startup/startup_mcxa153.o
                0x000084d8                FLEXPWM0_RELOAD_ERROR_IRQHandler
 .text.FLEXPWM0_FAULT_IRQHandler
                0x000084e0        0x8 ./startup/startup_mcxa153.o
                0x000084e0                FLEXPWM0_FAULT_IRQHandler
 .text.FLEXPWM0_SUBMODULE0_IRQHandler
                0x000084e8        0x8 ./startup/startup_mcxa153.o
                0x000084e8                FLEXPWM0_SUBMODULE0_IRQHandler
 .text.FLEXPWM0_SUBMODULE1_IRQHandler
                0x000084f0        0x8 ./startup/startup_mcxa153.o
                0x000084f0                FLEXPWM0_SUBMODULE1_IRQHandler
 .text.FLEXPWM0_SUBMODULE2_IRQHandler
                0x000084f8        0x8 ./startup/startup_mcxa153.o
                0x000084f8                FLEXPWM0_SUBMODULE2_IRQHandler
 .text.Reserved65_IRQHandler
                0x00008500        0x8 ./startup/startup_mcxa153.o
                0x00008500                Reserved65_IRQHandler
 .text.QDC0_COMPARE_IRQHandler
                0x00008508        0x8 ./startup/startup_mcxa153.o
                0x00008508                QDC0_COMPARE_IRQHandler
 .text.QDC0_HOME_IRQHandler
                0x00008510        0x8 ./startup/startup_mcxa153.o
                0x00008510                QDC0_HOME_IRQHandler
 .text.QDC0_WATCHDOG_IRQHandler
                0x00008518        0x8 ./startup/startup_mcxa153.o
                0x00008518                QDC0_WATCHDOG_IRQHandler
 .text.QDC0_INDEX_IRQHandler
                0x00008520        0x8 ./startup/startup_mcxa153.o
                0x00008520                QDC0_INDEX_IRQHandler
 .text.FREQME0_IRQHandler
                0x00008528        0x8 ./startup/startup_mcxa153.o
                0x00008528                FREQME0_IRQHandler
 .text.LPTMR0_IRQHandler
                0x00008530        0x8 ./startup/startup_mcxa153.o
                0x00008530                LPTMR0_IRQHandler
 .text.Reserved72_IRQHandler
                0x00008538        0x8 ./startup/startup_mcxa153.o
                0x00008538                Reserved72_IRQHandler
 .text.OS_EVENT_IRQHandler
                0x00008540        0x8 ./startup/startup_mcxa153.o
                0x00008540                OS_EVENT_IRQHandler
 .text.WAKETIMER0_IRQHandler
                0x00008548        0x8 ./startup/startup_mcxa153.o
                0x00008548                WAKETIMER0_IRQHandler
 .text.UTICK0_IRQHandler
                0x00008550        0x8 ./startup/startup_mcxa153.o
                0x00008550                UTICK0_IRQHandler
 .text.WWDT0_IRQHandler
                0x00008558        0x8 ./startup/startup_mcxa153.o
                0x00008558                WWDT0_IRQHandler
 .text.Reserved77_IRQHandler
                0x00008560        0x8 ./startup/startup_mcxa153.o
                0x00008560                Reserved77_IRQHandler
 .text.ADC0_IRQHandler
                0x00008568        0x8 ./startup/startup_mcxa153.o
                0x00008568                ADC0_IRQHandler
 .text.Reserved79_IRQHandler
                0x00008570        0x8 ./startup/startup_mcxa153.o
                0x00008570                Reserved79_IRQHandler
 .text.CMP0_IRQHandler
                0x00008578        0x8 ./startup/startup_mcxa153.o
                0x00008578                CMP0_IRQHandler
 .text.CMP1_IRQHandler
                0x00008580        0x8 ./startup/startup_mcxa153.o
                0x00008580                CMP1_IRQHandler
 .text.Reserved82_IRQHandler
                0x00008588        0x8 ./startup/startup_mcxa153.o
                0x00008588                Reserved82_IRQHandler
 .text.Reserved83_IRQHandler
                0x00008590        0x8 ./startup/startup_mcxa153.o
                0x00008590                Reserved83_IRQHandler
 .text.Reserved84_IRQHandler
                0x00008598        0x8 ./startup/startup_mcxa153.o
                0x00008598                Reserved84_IRQHandler
 .text.Reserved85_IRQHandler
                0x000085a0        0x8 ./startup/startup_mcxa153.o
                0x000085a0                Reserved85_IRQHandler
 .text.Reserved86_IRQHandler
                0x000085a8        0x8 ./startup/startup_mcxa153.o
                0x000085a8                Reserved86_IRQHandler
 .text.GPIO0_IRQHandler
                0x000085b0        0x8 ./startup/startup_mcxa153.o
                0x000085b0                GPIO0_IRQHandler
 .text.GPIO2_IRQHandler
                0x000085b8        0x8 ./startup/startup_mcxa153.o
                0x000085b8                GPIO2_IRQHandler
 .text.GPIO3_IRQHandler
                0x000085c0        0x8 ./startup/startup_mcxa153.o
                0x000085c0                GPIO3_IRQHandler
 .text.ld_word  0x000085c8       0x30 ./source/utils/sdCard/FatFs/ff.o
 .text.ld_dword
                0x000085f8       0x44 ./source/utils/sdCard/FatFs/ff.o
 .text.st_word  0x0000863c       0x34 ./source/utils/sdCard/FatFs/ff.o
 .text.st_dword
                0x00008670       0x56 ./source/utils/sdCard/FatFs/ff.o
 .text.dbc_1st  0x000086c6       0x3e ./source/utils/sdCard/FatFs/ff.o
 .text.dbc_2nd  0x00008704       0x52 ./source/utils/sdCard/FatFs/ff.o
 .text.sync_window
                0x00008756       0x78 ./source/utils/sdCard/FatFs/ff.o
 .text.move_window
                0x000087ce       0x5a ./source/utils/sdCard/FatFs/ff.o
 .text.clst2sect
                0x00008828       0x3c ./source/utils/sdCard/FatFs/ff.o
 .text.get_fat  0x00008864      0x14e ./source/utils/sdCard/FatFs/ff.o
 .text.put_fat  0x000089b2      0x1d4 ./source/utils/sdCard/FatFs/ff.o
 .text.remove_chain
                0x00008b86       0xca ./source/utils/sdCard/FatFs/ff.o
 .text.create_chain
                0x00008c50      0x1aa ./source/utils/sdCard/FatFs/ff.o
 .text.dir_clear
                0x00008dfa       0x90 ./source/utils/sdCard/FatFs/ff.o
 .text.dir_sdi  0x00008e8a       0xf6 ./source/utils/sdCard/FatFs/ff.o
 .text.dir_next
                0x00008f80      0x12c ./source/utils/sdCard/FatFs/ff.o
 .text.dir_alloc
                0x000090ac       0x8e ./source/utils/sdCard/FatFs/ff.o
 .text.ld_clust
                0x0000913a       0x3e ./source/utils/sdCard/FatFs/ff.o
 .text.st_clust
                0x00009178       0x40 ./source/utils/sdCard/FatFs/ff.o
 .text.dir_read
                0x000091b8       0xba ./source/utils/sdCard/FatFs/ff.o
 .text.dir_find
                0x00009272       0xaa ./source/utils/sdCard/FatFs/ff.o
 .text.dir_register
                0x0000931c       0x64 ./source/utils/sdCard/FatFs/ff.o
 .text.dir_remove
                0x00009380       0x3c ./source/utils/sdCard/FatFs/ff.o
 .text.follow_path
                0x000093bc      0x11c ./source/utils/sdCard/FatFs/ff.o
 .text.find_volume
                0x000094d8       0xbe ./source/utils/sdCard/FatFs/ff.o
 .text.validate
                0x00009596       0x6a ./source/utils/sdCard/FatFs/ff.o
 .text.f_read   0x00009600      0x21a ./source/utils/sdCard/FatFs/ff.o
                0x00009600                f_read
 .text.f_write  0x0000981a      0x2ba ./source/utils/sdCard/FatFs/ff.o
                0x0000981a                f_write
 .text.f_close  0x00009ad4       0x40 ./source/utils/sdCard/FatFs/ff.o
                0x00009ad4                f_close
 .text.f_lseek  0x00009b14      0x1fc ./source/utils/sdCard/FatFs/ff.o
                0x00009b14                f_lseek
 .text.f_unlink
                0x00009d10      0x168 ./source/utils/sdCard/FatFs/ff.o
                0x00009d10                f_unlink
 .text.putc_bfd
                0x00009e78       0x70 ./source/utils/sdCard/FatFs/ff.o
 .text.putc_flush
                0x00009ee8       0x4a ./source/utils/sdCard/FatFs/ff.o
 .text.putc_init
                0x00009f32       0x22 ./source/utils/sdCard/FatFs/ff.o
 .text.dly_us   0x00009f54       0x32 ./source/utils/sdCard/FatFs/sdmm.o
                0x00009f54                dly_us
 .text.wait_ready
                0x00009f86       0x48 ./source/utils/sdCard/FatFs/sdmm.o
 .text.rcvr_datablock
                0x00009fce       0x62 ./source/utils/sdCard/FatFs/sdmm.o
 .text.xmit_datablock
                0x0000a030       0x6a ./source/utils/sdCard/FatFs/sdmm.o
 .text.send_cmd
                0x0000a09a       0xda ./source/utils/sdCard/FatFs/sdmm.o
 .text.disk_ioctl
                0x0000a174      0x116 ./source/utils/sdCard/FatFs/sdmm.o
                0x0000a174                disk_ioctl
 .text.delay_us
                0x0000a28a       0x32 ./source/utils/lcdScreen/lcd.o
                0x0000a28a                delay_us
 .text.lcd_pulse_enable
                0x0000a2bc       0x44 ./source/utils/lcdScreen/lcd.o
 .text.lcd_write4bits
                0x0000a300       0x28 ./source/utils/lcdScreen/lcd.o
 .text.lcd_send
                0x0000a328       0x42 ./source/utils/lcdScreen/lcd.o
 .text.lcd_send_cmd
                0x0000a36a       0x1c ./source/utils/lcdScreen/lcd.o
                0x0000a36a                lcd_send_cmd
 .text.lcd_send_data
                0x0000a386       0x1c ./source/utils/lcdScreen/lcd.o
                0x0000a386                lcd_send_data
 .text.lcd_init
                0x0000a3a2       0x62 ./source/utils/lcdScreen/lcd.o
                0x0000a3a2                lcd_init
 .text.lcd_send_string
                0x0000a404       0x2a ./source/utils/lcdScreen/lcd.o
                0x0000a404                lcd_send_string
 .text.lcd_clear
                0x0000a42e       0x16 ./source/utils/lcdScreen/lcd.o
                0x0000a42e                lcd_clear
 .text.lcd_set_cursor
                0x0000a444       0x52 ./source/utils/lcdScreen/lcd.o
                0x0000a444                lcd_set_cursor
 .text.strsep   0x0000a496       0x78 ./source/utils/gps/gps.o
                0x0000a496                strsep
 .text.__sys_write
                0x0000a50e       0x56 ./source/utils/comProtocols/Lpuart/retarget.o
                0x0000a50e                __sys_write
 .text.__sys_readc
                0x0000a564        0xe ./source/utils/comProtocols/Lpuart/retarget.o
                0x0000a564                __sys_readc
 .text.f_init   0x0000a572       0x4a ./source/utils/comProtocols/fifo.o
                0x0000a572                f_init
 .text.f_push   0x0000a5bc       0x6a ./source/utils/comProtocols/fifo.o
                0x0000a5bc                f_push
 .text.f_pop    0x0000a626       0x66 ./source/utils/comProtocols/fifo.o
                0x0000a626                f_pop
 .text.f_cnt    0x0000a68c       0x16 ./source/utils/comProtocols/fifo.o
                0x0000a68c                f_cnt
 .text.f16_init
                0x0000a6a2       0x4a ./source/utils/comProtocols/fifo16.o
                0x0000a6a2                f16_init
 .text.f16_push
                0x0000a6ec       0x6c ./source/utils/comProtocols/fifo16.o
                0x0000a6ec                f16_push
 .text.f16_pop  0x0000a758       0x68 ./source/utils/comProtocols/fifo16.o
                0x0000a758                f16_pop
 .text.f16_cnt  0x0000a7c0       0x16 ./source/utils/comProtocols/fifo16.o
                0x0000a7c0                f16_cnt
 .text.fmaxf_local
                0x0000a7d6       0x26 ./source/utils/colourSensor/color_classifier.o
 .text.fminf_local
                0x0000a7fc       0x26 ./source/utils/colourSensor/color_classifier.o
 .text.fmodf_local
                0x0000a822       0x40 ./source/utils/colourSensor/color_classifier.o
 .text.fabsf_local
                0x0000a862       0x2a ./source/utils/colourSensor/color_classifier.o
 .text.normalizeRGB
                0x0000a88c       0x96 ./source/utils/colourSensor/color_classifier.o
                0x0000a88c                normalizeRGB
 .text.readHslSample
                0x0000a922       0x3a ./source/utils/colourSensor/color_classifier.o
                0x0000a922                readHslSample
 .text.delay    0x0000a95c       0x28 ./source/utils/colourSensor/tcs34725_polling.o
 .text.timerInit
                0x0000a984       0x1a ./source/utils/timer.o
                0x0000a984                timerInit
 .text.delay_ms
                0x0000a99e       0x10 ./source/games/levelOne/delay.o
                0x0000a99e                delay_ms
 .text.init_hardware
                0x0000a9ae       0x10 ./source/games/levelOne/levelOne.o
                0x0000a9ae                init_hardware
 .text.getJoystickDirection
                0x0000a9be       0x7e ./source/games/levelOne/levelOne.o
                0x0000a9be                getJoystickDirection
 .text.HardFault_Handler
                0x0000aa3c       0x36 ./source/semihost_hardfault.o
                0x0000aa3c                HardFault_Handler
 .text.SystemInitHook
                0x0000aa72        0xc ./device/system_MCXA153.o
                0x0000aa72                SystemInitHook
 .text.__main   0x0000aa7e        0xe C:/nxp/MCUXpressoIDE_24.12.148/ide/plugins/com.nxp.mcuxpresso.tools.win32_24.12.0.202407110909/tools/bin/../lib/gcc/arm-none-eabi/13.2.1/../../../../arm-none-eabi/lib/thumb/v8-m.main/nofp\libcr_semihost_nf.a(_cr__main.o)
                0x0000aa7e                __CR_SEMIHOST
                0x0000aa7e                __main
 .text.memcpy   0x0000aa8c        0x4 C:/nxp/MCUXpressoIDE_24.12.148/ide/plugins/com.nxp.mcuxpresso.tools.win32_24.12.0.202407110909/tools/bin/../lib/gcc/arm-none-eabi/13.2.1/../../../../arm-none-eabi/lib/thumb/v8-m.main/nofp\libcr_c.a(memcpy.o)
                0x0000aa8c                memcpy
 .text.memset   0x0000aa90        0x4 C:/nxp/MCUXpressoIDE_24.12.148/ide/plugins/com.nxp.mcuxpresso.tools.win32_24.12.0.202407110909/tools/bin/../lib/gcc/arm-none-eabi/13.2.1/../../../../arm-none-eabi/lib/thumb/v8-m.main/nofp\libcr_c.a(memset.o)
                0x0000aa90                memset
 .text.fabs     0x0000aa94       0x1c C:/nxp/MCUXpressoIDE_24.12.148/ide/plugins/com.nxp.mcuxpresso.tools.win32_24.12.0.202407110909/tools/bin/../lib/gcc/arm-none-eabi/13.2.1/../../../../arm-none-eabi/lib/thumb/v8-m.main/nofp\libcr_c.a(fabs.o)
                0x0000aa94                fabs
 .text.fp_round
                0x0000aab0       0x4c C:/nxp/MCUXpressoIDE_24.12.148/ide/plugins/com.nxp.mcuxpresso.tools.win32_24.12.0.202407110909/tools/bin/../lib/gcc/arm-none-eabi/13.2.1/../../../../arm-none-eabi/lib/thumb/v8-m.main/nofp\libcr_c.a(fpprintf.o)
 .text.pr_dec.constprop.0
                0x0000aafc       0x24 C:/nxp/MCUXpressoIDE_24.12.148/ide/plugins/com.nxp.mcuxpresso.tools.win32_24.12.0.202407110909/tools/bin/../lib/gcc/arm-none-eabi/13.2.1/../../../../arm-none-eabi/lib/thumb/v8-m.main/nofp\libcr_c.a(fpprintf.o)
 .text.memcmp   0x0000ab20       0x42 C:/nxp/MCUXpressoIDE_24.12.148/ide/plugins/com.nxp.mcuxpresso.tools.win32_24.12.0.202407110909/tools/bin/../lib/gcc/arm-none-eabi/13.2.1/../../../../arm-none-eabi/lib/thumb/v8-m.main/nofp\libcr_c.a(memcmp.o)
                0x0000ab20                memcmp
 .text.sscanf   0x0000ab62       0x3e C:/nxp/MCUXpressoIDE_24.12.148/ide/plugins/com.nxp.mcuxpresso.tools.win32_24.12.0.202407110909/tools/bin/../lib/gcc/arm-none-eabi/13.2.1/../../../../arm-none-eabi/lib/thumb/v8-m.main/nofp\libcr_c.a(scanf.o)
                0x0000ab62                sscanf
 .text.setvbuf  0x0000aba0       0x3e C:/nxp/MCUXpressoIDE_24.12.148/ide/plugins/com.nxp.mcuxpresso.tools.win32_24.12.0.202407110909/tools/bin/../lib/gcc/arm-none-eabi/13.2.1/../../../../arm-none-eabi/lib/thumb/v8-m.main/nofp\libcr_c.a(setvbuf.o)
                0x0000aba0                setvbuf
 .text.sin      0x0000abde       0x38 C:/nxp/MCUXpressoIDE_24.12.148/ide/plugins/com.nxp.mcuxpresso.tools.win32_24.12.0.202407110909/tools/bin/../lib/gcc/arm-none-eabi/13.2.1/../../../../arm-none-eabi/lib/thumb/v8-m.main/nofp\libcr_c.a(sin.o)
                0x0000abde                sin
 .text.strchr   0x0000ac16       0x18 C:/nxp/MCUXpressoIDE_24.12.148/ide/plugins/com.nxp.mcuxpresso.tools.win32_24.12.0.202407110909/tools/bin/../lib/gcc/arm-none-eabi/13.2.1/../../../../arm-none-eabi/lib/thumb/v8-m.main/nofp\libcr_c.a(strchr.o)
                0x0000ac16                strchr
 .text.strlen   0x0000ac2e       0x4e C:/nxp/MCUXpressoIDE_24.12.148/ide/plugins/com.nxp.mcuxpresso.tools.win32_24.12.0.202407110909/tools/bin/../lib/gcc/arm-none-eabi/13.2.1/../../../../arm-none-eabi/lib/thumb/v8-m.main/nofp\libcr_c.a(strlen.o)
                0x0000ac2e                strlen
 .text.strncat  0x0000ac7c       0x28 C:/nxp/MCUXpressoIDE_24.12.148/ide/plugins/com.nxp.mcuxpresso.tools.win32_24.12.0.202407110909/tools/bin/../lib/gcc/arm-none-eabi/13.2.1/../../../../arm-none-eabi/lib/thumb/v8-m.main/nofp\libcr_c.a(strncat.o)
                0x0000ac7c                strncat
 .text.strncmp  0x0000aca4       0x54 C:/nxp/MCUXpressoIDE_24.12.148/ide/plugins/com.nxp.mcuxpresso.tools.win32_24.12.0.202407110909/tools/bin/../lib/gcc/arm-none-eabi/13.2.1/../../../../arm-none-eabi/lib/thumb/v8-m.main/nofp\libcr_c.a(strncmp.o)
                0x0000aca4                strncmp
 .text.strpbrk  0x0000acf8       0x20 C:/nxp/MCUXpressoIDE_24.12.148/ide/plugins/com.nxp.mcuxpresso.tools.win32_24.12.0.202407110909/tools/bin/../lib/gcc/arm-none-eabi/13.2.1/../../../../arm-none-eabi/lib/thumb/v8-m.main/nofp\libcr_c.a(strpbrk.o)
                0x0000acf8                strpbrk
 .text.ungetc   0x0000ad18       0x32 C:/nxp/MCUXpressoIDE_24.12.148/ide/plugins/com.nxp.mcuxpresso.tools.win32_24.12.0.202407110909/tools/bin/../lib/gcc/arm-none-eabi/13.2.1/../../../../arm-none-eabi/lib/thumb/v8-m.main/nofp\libcr_c.a(ungetc.o)
                0x0000ad18                ungetc
 .text._Csys_read_
                0x0000ad4a       0x22 C:/nxp/MCUXpressoIDE_24.12.148/ide/plugins/com.nxp.mcuxpresso.tools.win32_24.12.0.202407110909/tools/bin/../lib/gcc/arm-none-eabi/13.2.1/../../../../arm-none-eabi/lib/thumb/v8-m.main/nofp\libcr_c.a(__fillbuf.o)
                0x0000ad4a                _Csys_read_
 .text._deferredlazyseek
                0x0000ad6c       0x40 C:/nxp/MCUXpressoIDE_24.12.148/ide/plugins/com.nxp.mcuxpresso.tools.win32_24.12.0.202407110909/tools/bin/../lib/gcc/arm-none-eabi/13.2.1/../../../../arm-none-eabi/lib/thumb/v8-m.main/nofp\libcr_c.a(_deferredlazyseek.o)
                0x0000ad6c                _deferredlazyseek
 .text.__flsbuf
                0x0000adac      0x126 C:/nxp/MCUXpressoIDE_24.12.148/ide/plugins/com.nxp.mcuxpresso.tools.win32_24.12.0.202407110909/tools/bin/../lib/gcc/arm-none-eabi/13.2.1/../../../../arm-none-eabi/lib/thumb/v8-m.main/nofp\libcr_c.a(_deferredlazyseek.o)
                0x0000adac                __flsbuf
 .text._fdopen  0x0000aed2       0x68 C:/nxp/MCUXpressoIDE_24.12.148/ide/plugins/com.nxp.mcuxpresso.tools.win32_24.12.0.202407110909/tools/bin/../lib/gcc/arm-none-eabi/13.2.1/../../../../arm-none-eabi/lib/thumb/v8-m.main/nofp\libcr_c.a(_fdopen.o)
                0x0000aed2                _fdopen
 .text._fflush  0x0000af3a       0x52 C:/nxp/MCUXpressoIDE_24.12.148/ide/plugins/com.nxp.mcuxpresso.tools.win32_24.12.0.202407110909/tools/bin/../lib/gcc/arm-none-eabi/13.2.1/../../../../arm-none-eabi/lib/thumb/v8-m.main/nofp\libcr_c.a(_fflush.o)
                0x0000af3a                _fflush
 .text._frexpl  0x0000af8c       0x5a C:/nxp/MCUXpressoIDE_24.12.148/ide/plugins/com.nxp.mcuxpresso.tools.win32_24.12.0.202407110909/tools/bin/../lib/gcc/arm-none-eabi/13.2.1/../../../../arm-none-eabi/lib/thumb/v8-m.main/nofp\libcr_c.a(_frexpl.o)
                0x0000af8c                _frexpl
 .text.free     0x0000afe6       0x30 C:/nxp/MCUXpressoIDE_24.12.148/ide/plugins/com.nxp.mcuxpresso.tools.win32_24.12.0.202407110909/tools/bin/../lib/gcc/arm-none-eabi/13.2.1/../../../../arm-none-eabi/lib/thumb/v8-m.main/nofp\libcr_c.a(alloc.o)
                0x0000afe6                free
 .text.fclose   0x0000b016       0x58 C:/nxp/MCUXpressoIDE_24.12.148/ide/plugins/com.nxp.mcuxpresso.tools.win32_24.12.0.202407110909/tools/bin/../lib/gcc/arm-none-eabi/13.2.1/../../../../arm-none-eabi/lib/thumb/v8-m.main/nofp\libcr_c.a(fclose.o)
                0x0000b016                fclose
 .text.remove   0x0000b06e       0x14 C:/nxp/MCUXpressoIDE_24.12.148/ide/plugins/com.nxp.mcuxpresso.tools.win32_24.12.0.202407110909/tools/bin/../lib/gcc/arm-none-eabi/13.2.1/../../../../arm-none-eabi/lib/thumb/v8-m.main/nofp\libcr_c.a(remove.o)
                0x0000b06e                remove
 .text._do_fflush
                0x0000b082       0x40 C:/nxp/MCUXpressoIDE_24.12.148/ide/plugins/com.nxp.mcuxpresso.tools.win32_24.12.0.202407110909/tools/bin/../lib/gcc/arm-none-eabi/13.2.1/../../../../arm-none-eabi/lib/thumb/v8-m.main/nofp\libcr_c.a(_do_fflush.o)
                0x0000b082                _do_fflush
 .text.__aeabi_division_uldivmod
                0x0000b0c2      0x174 C:/nxp/MCUXpressoIDE_24.12.148/ide/plugins/com.nxp.mcuxpresso.tools.win32_24.12.0.202407110909/tools/bin/../lib/gcc/arm-none-eabi/13.2.1/thumb/v8-m.main/nofp\libcr_eabihelpers.a(division_64.o)
                0x0000b0c2                __aeabi_uldivmod
                0x0000b0c6                __bhs_ldivmod1
 .text.__aeabi_division_idiv0
                0x0000b236        0x2 C:/nxp/MCUXpressoIDE_24.12.148/ide/plugins/com.nxp.mcuxpresso.tools.win32_24.12.0.202407110909/tools/bin/../lib/gcc/arm-none-eabi/13.2.1/thumb/v8-m.main/nofp\libcr_eabihelpers.a(division_idiv0.o)
                0x0000b236                __aeabi_idiv0
 .text.__aeabi_d2iz
                0x0000b238       0x42 C:/nxp/MCUXpressoIDE_24.12.148/ide/plugins/com.nxp.mcuxpresso.tools.win32_24.12.0.202407110909/tools/bin/../lib/gcc/arm-none-eabi/13.2.1/thumb/v8-m.main/nofp\libcr_eabihelpers.a(double.o)
                0x0000b238                __aeabi_d2iz
 .text.__bhs_ui2d
                0x0000b27a       0x46 C:/nxp/MCUXpressoIDE_24.12.148/ide/plugins/com.nxp.mcuxpresso.tools.win32_24.12.0.202407110909/tools/bin/../lib/gcc/arm-none-eabi/13.2.1/thumb/v8-m.main/nofp\libcr_eabihelpers.a(double.o)
                0x0000b27a                __bhs_ui2d
 .text.__aeabi_i2d
                0x0000b2c0       0x10 C:/nxp/MCUXpressoIDE_24.12.148/ide/plugins/com.nxp.mcuxpresso.tools.win32_24.12.0.202407110909/tools/bin/../lib/gcc/arm-none-eabi/13.2.1/thumb/v8-m.main/nofp\libcr_eabihelpers.a(double.o)
                0x0000b2c0                __aeabi_i2d
 .text.__aeabi_dcmpeq
                0x0000b2d0       0x30 C:/nxp/MCUXpressoIDE_24.12.148/ide/plugins/com.nxp.mcuxpresso.tools.win32_24.12.0.202407110909/tools/bin/../lib/gcc/arm-none-eabi/13.2.1/thumb/v8-m.main/nofp\libcr_eabihelpers.a(double.o)
                0x0000b2d0                __aeabi_dcmpeq
 .text.__aeabi_dcmplt
                0x0000b300       0x56 C:/nxp/MCUXpressoIDE_24.12.148/ide/plugins/com.nxp.mcuxpresso.tools.win32_24.12.0.202407110909/tools/bin/../lib/gcc/arm-none-eabi/13.2.1/thumb/v8-m.main/nofp\libcr_eabihelpers.a(double.o)
                0x0000b300                __aeabi_dcmplt
 .text.__aeabi_dcmpgt
                0x0000b356       0x56 C:/nxp/MCUXpressoIDE_24.12.148/ide/plugins/com.nxp.mcuxpresso.tools.win32_24.12.0.202407110909/tools/bin/../lib/gcc/arm-none-eabi/13.2.1/thumb/v8-m.main/nofp\libcr_eabihelpers.a(double.o)
                0x0000b356                __aeabi_dcmpgt
 .text.__aeabi_dcmple
                0x0000b3ac       0x54 C:/nxp/MCUXpressoIDE_24.12.148/ide/plugins/com.nxp.mcuxpresso.tools.win32_24.12.0.202407110909/tools/bin/../lib/gcc/arm-none-eabi/13.2.1/thumb/v8-m.main/nofp\libcr_eabihelpers.a(double.o)
                0x0000b3ac                __aeabi_dcmple
 .text.__aeabi_dcmpge
                0x0000b400       0x5a C:/nxp/MCUXpressoIDE_24.12.148/ide/plugins/com.nxp.mcuxpresso.tools.win32_24.12.0.202407110909/tools/bin/../lib/gcc/arm-none-eabi/13.2.1/thumb/v8-m.main/nofp\libcr_eabihelpers.a(double.o)
                0x0000b400                __aeabi_dcmpge
 .text.__aeabi_f2iz
                0x0000b45a       0x34 C:/nxp/MCUXpressoIDE_24.12.148/ide/plugins/com.nxp.mcuxpresso.tools.win32_24.12.0.202407110909/tools/bin/../lib/gcc/arm-none-eabi/13.2.1/thumb/v8-m.main/nofp\libcr_eabihelpers.a(float.o)
                0x0000b45a                __aeabi_f2iz
 .text.__aeabi_f2uiz
                0x0000b48e       0x26 C:/nxp/MCUXpressoIDE_24.12.148/ide/plugins/com.nxp.mcuxpresso.tools.win32_24.12.0.202407110909/tools/bin/../lib/gcc/arm-none-eabi/13.2.1/thumb/v8-m.main/nofp\libcr_eabihelpers.a(float.o)
                0x0000b48e                __aeabi_f2uiz
 .text.__bhs_ui2f
                0x0000b4b4       0x26 C:/nxp/MCUXpressoIDE_24.12.148/ide/plugins/com.nxp.mcuxpresso.tools.win32_24.12.0.202407110909/tools/bin/../lib/gcc/arm-none-eabi/13.2.1/thumb/v8-m.main/nofp\libcr_eabihelpers.a(float.o)
                0x0000b4b4                __bhs_ui2f
 .text.__aeabi_i2f
                0x0000b4da       0x10 C:/nxp/MCUXpressoIDE_24.12.148/ide/plugins/com.nxp.mcuxpresso.tools.win32_24.12.0.202407110909/tools/bin/../lib/gcc/arm-none-eabi/13.2.1/thumb/v8-m.main/nofp\libcr_eabihelpers.a(float.o)
                0x0000b4da                __aeabi_i2f
 .text.__aeabi_ui2f
                0x0000b4ea        0x8 C:/nxp/MCUXpressoIDE_24.12.148/ide/plugins/com.nxp.mcuxpresso.tools.win32_24.12.0.202407110909/tools/bin/../lib/gcc/arm-none-eabi/13.2.1/thumb/v8-m.main/nofp\libcr_eabihelpers.a(float.o)
                0x0000b4ea                __aeabi_ui2f
 .text.__aeabi_fcmpeq
                0x0000b4f2       0x1e C:/nxp/MCUXpressoIDE_24.12.148/ide/plugins/com.nxp.mcuxpresso.tools.win32_24.12.0.202407110909/tools/bin/../lib/gcc/arm-none-eabi/13.2.1/thumb/v8-m.main/nofp\libcr_eabihelpers.a(float.o)
                0x0000b4f2                __aeabi_fcmpeq
 .text.__aeabi_fcmplt
                0x0000b510       0x3a C:/nxp/MCUXpressoIDE_24.12.148/ide/plugins/com.nxp.mcuxpresso.tools.win32_24.12.0.202407110909/tools/bin/../lib/gcc/arm-none-eabi/13.2.1/thumb/v8-m.main/nofp\libcr_eabihelpers.a(float.o)
                0x0000b510                __aeabi_fcmplt
 .text.__aeabi_fcmpgt
                0x0000b54a       0x3a C:/nxp/MCUXpressoIDE_24.12.148/ide/plugins/com.nxp.mcuxpresso.tools.win32_24.12.0.202407110909/tools/bin/../lib/gcc/arm-none-eabi/13.2.1/thumb/v8-m.main/nofp\libcr_eabihelpers.a(float.o)
                0x0000b54a                __aeabi_fcmpgt
 .text.__aeabi_fcmple
                0x0000b584       0x3e C:/nxp/MCUXpressoIDE_24.12.148/ide/plugins/com.nxp.mcuxpresso.tools.win32_24.12.0.202407110909/tools/bin/../lib/gcc/arm-none-eabi/13.2.1/thumb/v8-m.main/nofp\libcr_eabihelpers.a(float.o)
                0x0000b584                __aeabi_fcmple
 .text.__aeabi_memcpy
                0x0000b5c2       0x34 C:/nxp/MCUXpressoIDE_24.12.148/ide/plugins/com.nxp.mcuxpresso.tools.win32_24.12.0.202407110909/tools/bin/../lib/gcc/arm-none-eabi/13.2.1/thumb/v8-m.main/nofp\libcr_eabihelpers.a(memcpy.o)
                0x0000b5c2                __aeabi_memcpy
                0x0000b5cc                __aeabi_memcpy8
                0x0000b5cc                __aeabi_memcpy4
 .text.__aeabi_memset_lowlevel
                0x0000b5f6       0x32 C:/nxp/MCUXpressoIDE_24.12.148/ide/plugins/com.nxp.mcuxpresso.tools.win32_24.12.0.202407110909/tools/bin/../lib/gcc/arm-none-eabi/13.2.1/thumb/v8-m.main/nofp\libcr_eabihelpers.a(memcpy.o)
                0x0000b5f6                __aeabi_lowlevel_memset
 .text.__sys_close
                0x0000b628        0xc C:/nxp/MCUXpressoIDE_24.12.148/ide/plugins/com.nxp.mcuxpresso.tools.win32_24.12.0.202407110909/tools/bin/../lib/gcc/arm-none-eabi/13.2.1/../../../../arm-none-eabi/lib/thumb/v8-m.main/nofp\libcr_semihost_nf.a(__sys_close.o)
                0x0000b628                __sys_close
 .text.__sys_flen
                0x0000b634        0xc C:/nxp/MCUXpressoIDE_24.12.148/ide/plugins/com.nxp.mcuxpresso.tools.win32_24.12.0.202407110909/tools/bin/../lib/gcc/arm-none-eabi/13.2.1/../../../../arm-none-eabi/lib/thumb/v8-m.main/nofp\libcr_semihost_nf.a(__sys_flen.o)
                0x0000b634                __sys_flen
 .text.__sys_istty
                0x0000b640        0xc C:/nxp/MCUXpressoIDE_24.12.148/ide/plugins/com.nxp.mcuxpresso.tools.win32_24.12.0.202407110909/tools/bin/../lib/gcc/arm-none-eabi/13.2.1/../../../../arm-none-eabi/lib/thumb/v8-m.main/nofp\libcr_semihost_nf.a(__sys_istty.o)
                0x0000b640                __sys_istty
 .text.__sys_read
                0x0000b64c        0xc C:/nxp/MCUXpressoIDE_24.12.148/ide/plugins/com.nxp.mcuxpresso.tools.win32_24.12.0.202407110909/tools/bin/../lib/gcc/arm-none-eabi/13.2.1/../../../../arm-none-eabi/lib/thumb/v8-m.main/nofp\libcr_semihost_nf.a(__sys_read.o)
                0x0000b64c                __sys_read
 .text.__sys_remove
                0x0000b658        0xc C:/nxp/MCUXpressoIDE_24.12.148/ide/plugins/com.nxp.mcuxpresso.tools.win32_24.12.0.202407110909/tools/bin/../lib/gcc/arm-none-eabi/13.2.1/../../../../arm-none-eabi/lib/thumb/v8-m.main/nofp\libcr_semihost_nf.a(__sys_remove.o)
                0x0000b658                __sys_remove
 .text.__sys_seek
                0x0000b664        0xc C:/nxp/MCUXpressoIDE_24.12.148/ide/plugins/com.nxp.mcuxpresso.tools.win32_24.12.0.202407110909/tools/bin/../lib/gcc/arm-none-eabi/13.2.1/../../../../arm-none-eabi/lib/thumb/v8-m.main/nofp\libcr_semihost_nf.a(__sys_seek.o)
                0x0000b664                __sys_seek
 .text.__sys_tmpnam
                0x0000b670        0xc C:/nxp/MCUXpressoIDE_24.12.148/ide/plugins/com.nxp.mcuxpresso.tools.win32_24.12.0.202407110909/tools/bin/../lib/gcc/arm-none-eabi/13.2.1/../../../../arm-none-eabi/lib/thumb/v8-m.main/nofp\libcr_semihost_nf.a(__sys_tmpnam.o)
                0x0000b670                __sys_tmpnam
 *(SORT_BY_ALIGNMENT(.rodata) SORT_BY_ALIGNMENT(.rodata.*) SORT_BY_ALIGNMENT(.constdata) SORT_BY_ALIGNMENT(.constdata.*))
 *fill*         0x0000b67c        0x4 ff
 .rodata.a.0    0x0000b680       0x20 C:/nxp/MCUXpressoIDE_24.12.148/ide/plugins/com.nxp.mcuxpresso.tools.win32_24.12.0.202407110909/tools/bin/../lib/gcc/arm-none-eabi/13.2.1/../../../../arm-none-eabi/lib/thumb/v8-m.main/nofp\libcr_c.a(atan.o)
 .rodata.create_name.str1.4
                0x0000b6a0      0x191 ./source/utils/sdCard/FatFs/ff.o
                                  0xf (size before relaxing)
 .rodata.check_fs.str1.4
                0x0000b831        0x9 ./source/utils/sdCard/FatFs/ff.o
 .rodata.ftoa.str1.4
                0x0000b831        0xb ./source/utils/sdCard/FatFs/ff.o
 .rodata.sdInit.str1.4
                0x0000b831       0x33 ./source/utils/sdCard/sdCard.o
 .rodata.sdWrite.str1.4
                0x0000b831       0x47 ./source/utils/sdCard/sdCard.o
 .rodata.sdSettings.str1.4
                0x0000b831        0x3 ./source/utils/sdCard/sdCard.o
 .rodata.sdReadSettings.str1.4
                0x0000b831        0x2 ./source/utils/sdCard/sdCard.o
 .rodata.sdLog.str1.4
                0x0000b831       0x1b ./source/utils/sdCard/sdCard.o
 .rodata.sdRead.str1.4
                0x0000b831        0x2 ./source/utils/sdCard/sdCard.o
 .rodata.updatePosition.str1.4
                0x0000b831        0x7 ./source/utils/gps/gps.o
 .rodata.parseNMEA.str1.4
                0x0000b831        0x2 ./source/utils/gps/gps.o
 .rodata.showArrow.str1.4
                0x0000b831       0x4d ./source/games/levelOne/levelOne.o
 .rodata.resetGame.str1.4
                0x0000b831       0x11 ./source/games/levelOne/levelOne.o
 .rodata.startCountdown.str1.4
                0x0000b831       0x25 ./source/games/levelOne/levelOne.o
 .rodata.winGame.str1.4
                0x0000b831       0x11 ./source/games/levelOne/levelOne.o
 .rodata.levelOne.str1.4
                0x0000b831       0x25 ./source/games/levelOne/levelOne.o
 *fill*         0x0000b831        0x3 ff
 .rodata.__num_Ciob_streams
                0x0000b834        0x4 C:/nxp/MCUXpressoIDE_24.12.148/ide/plugins/com.nxp.mcuxpresso.tools.win32_24.12.0.202407110909/tools/bin/../lib/gcc/arm-none-eabi/13.2.1/../../../../arm-none-eabi/lib/thumb/v8-m.main/nofp\libcr_semihost_nf.a(__ciob.o)
                0x0000b834                __num_Ciob_streams
 .rodata.fp_display.str1.1
                0x0000b838       0x87 C:/nxp/MCUXpressoIDE_24.12.148/ide/plugins/com.nxp.mcuxpresso.tools.win32_24.12.0.202407110909/tools/bin/../lib/gcc/arm-none-eabi/13.2.1/../../../../arm-none-eabi/lib/thumb/v8-m.main/nofp\libcr_c.a(fpprintf.o)
                                 0x35 (size before relaxing)
 .rodata._initio.str1.1
                0x0000b8bf        0x4 C:/nxp/MCUXpressoIDE_24.12.148/ide/plugins/com.nxp.mcuxpresso.tools.win32_24.12.0.202407110909/tools/bin/../lib/gcc/arm-none-eabi/13.2.1/../../../../arm-none-eabi/lib/thumb/v8-m.main/nofp\libcr_c.a(initio.o)
 .rodata.__vfprintf.str1.1
                0x0000b8bf       0x38 C:/nxp/MCUXpressoIDE_24.12.148/ide/plugins/com.nxp.mcuxpresso.tools.win32_24.12.0.202407110909/tools/bin/../lib/gcc/arm-none-eabi/13.2.1/../../../../arm-none-eabi/lib/thumb/v8-m.main/nofp\libcr_c.a(printf.o)
 .rodata.strtod.str1.1
                0x0000b8bf        0x6 C:/nxp/MCUXpressoIDE_24.12.148/ide/plugins/com.nxp.mcuxpresso.tools.win32_24.12.0.202407110909/tools/bin/../lib/gcc/arm-none-eabi/13.2.1/../../../../arm-none-eabi/lib/thumb/v8-m.main/nofp\libcr_c.a(scanf.o)
 .rodata._Csys_alloc.str1.1
                0x0000b8bf       0x18 C:/nxp/MCUXpressoIDE_24.12.148/ide/plugins/com.nxp.mcuxpresso.tools.win32_24.12.0.202407110909/tools/bin/../lib/gcc/arm-none-eabi/13.2.1/../../../../arm-none-eabi/lib/thumb/v8-m.main/nofp\libcr_c.a(alloc.o)
 .rodata.__ctype
                0x0000b8bf      0x180 C:/nxp/MCUXpressoIDE_24.12.148/ide/plugins/com.nxp.mcuxpresso.tools.win32_24.12.0.202407110909/tools/bin/../lib/gcc/arm-none-eabi/13.2.1/../../../../arm-none-eabi/lib/thumb/v8-m.main/nofp\libcr_c.a(ctype.o)
                0x0000b8bf                __ctype
                0x0000ba40                        . = ALIGN (0x4)
 *fill*         0x0000ba3f        0x1 ff

.glue_7         0x0000ba40        0x0
 .glue_7        0x0000ba40        0x0 linker stubs

.glue_7t        0x0000ba40        0x0
 .glue_7t       0x0000ba40        0x0 linker stubs

.vfp11_veneer   0x0000ba40        0x0
 .vfp11_veneer  0x0000ba40        0x0 linker stubs

.v4_bx          0x0000ba40        0x0
 .v4_bx         0x0000ba40        0x0 linker stubs

.iplt           0x0000ba40        0x0
 .iplt          0x0000ba40        0x0 ./startup/startup_mcxa153.o

.rel.dyn        0x0000ba40        0x0
 .rel.iplt      0x0000ba40        0x0 ./startup/startup_mcxa153.o

.ARM.extab
 *(SORT_BY_ALIGNMENT(.ARM.extab*) SORT_BY_ALIGNMENT(.gnu.linkonce.armextab.*))

.ARM.exidx      0x0000ba40        0x0
                0x0000ba40                        __exidx_start = .
 *(SORT_BY_ALIGNMENT(.ARM.exidx*) SORT_BY_ALIGNMENT(.gnu.linkonce.armexidx.*))
                0x0000ba40                        __exidx_end = .
                0x0000ba40                        _etext = .

.data_RAM2      0x04000000        0x0 load address 0x0000ba40
 FILL mask 0xff
                [!provide]                        PROVIDE (__start_data_RAM2 = .)
                [!provide]                        PROVIDE (__start_data_SRAMX0 = .)
 *(SORT_BY_ALIGNMENT(.ramfunc.$RAM2))
 *(SORT_BY_ALIGNMENT(.ramfunc.$SRAMX0))
 *(SORT_BY_ALIGNMENT(.data.$RAM2))
 *(SORT_BY_ALIGNMENT(.data.$SRAMX0))
 *(SORT_BY_ALIGNMENT(.data.$RAM2.*))
 *(SORT_BY_ALIGNMENT(.data.$SRAMX0.*))
                0x04000000                        . = ALIGN (0x4)
                [!provide]                        PROVIDE (__end_data_RAM2 = .)
                [!provide]                        PROVIDE (__end_data_SRAMX0 = .)

.data_RAM3      0x04002000        0x0 load address 0x0000ba40
 FILL mask 0xff
                [!provide]                        PROVIDE (__start_data_RAM3 = .)
                [!provide]                        PROVIDE (__start_data_SRAMX1 = .)
 *(SORT_BY_ALIGNMENT(.ramfunc.$RAM3))
 *(SORT_BY_ALIGNMENT(.ramfunc.$SRAMX1))
 *(SORT_BY_ALIGNMENT(.data.$RAM3))
 *(SORT_BY_ALIGNMENT(.data.$SRAMX1))
 *(SORT_BY_ALIGNMENT(.data.$RAM3.*))
 *(SORT_BY_ALIGNMENT(.data.$SRAMX1.*))
                0x04002000                        . = ALIGN (0x4)
                [!provide]                        PROVIDE (__end_data_RAM3 = .)
                [!provide]                        PROVIDE (__end_data_SRAMX1 = .)

.uninit_RESERVED
                0x20000000        0x0
                0x20000000                        _start_uninit_RESERVED = .
 *(SORT_BY_ALIGNMENT(.bss.$RESERVED*))
                0x20000000                        . = ALIGN (0x4)
                0x20000000                        _end_uninit_RESERVED = .

.data           0x20000000      0x1f0 load address 0x0000ba40
 FILL mask 0xff
                0x20000000                        _data = .
                [!provide]                        PROVIDE (__start_data_RAM = .)
                [!provide]                        PROVIDE (__start_data_SRAM = .)
 *(SORT_BY_ALIGNMENT(vtable))
 *(SORT_BY_ALIGNMENT(.ramfunc*))
 *(SORT_BY_ALIGNMENT(CodeQuickAccess))
 *(SORT_BY_ALIGNMENT(DataQuickAccess))
 *(SORT_BY_ALIGNMENT(RamFunction))
 *(SORT_BY_ALIGNMENT(.data*))
 .data.u        0x20000000        0x4 ./source/utils/sdCard/sdCard.o
                0x20000000                u
 .data.Buckets  0x20000004       0xf0 ./source/utils/colourSensor/color_classifier.o
                0x20000004                Buckets
 .data.bucketCount
                0x200000f4        0x4 ./source/utils/colourSensor/color_classifier.o
                0x200000f4                bucketCount
 .data.interval
                0x200000f8        0x4 ./source/games/levelTwo/levelTwo.o
                0x200000f8                interval
 .data.countdownTime
                0x200000fc        0x4 ./source/games/levelOne/levelOne.o
                0x200000fc                countdownTime
 .data.neginf.0
                0x20000100        0x4 C:/nxp/MCUXpressoIDE_24.12.148/ide/plugins/com.nxp.mcuxpresso.tools.win32_24.12.0.202407110909/tools/bin/../lib/gcc/arm-none-eabi/13.2.1/../../../../arm-none-eabi/lib/thumb/v8-m.main/nofp\libcr_c.a(scanf.o)
 .data.posinf.1
                0x20000104        0x4 C:/nxp/MCUXpressoIDE_24.12.148/ide/plugins/com.nxp.mcuxpresso.tools.win32_24.12.0.202407110909/tools/bin/../lib/gcc/arm-none-eabi/13.2.1/../../../../arm-none-eabi/lib/thumb/v8-m.main/nofp\libcr_c.a(scanf.o)
 .data._random_k
                0x20000108        0x4 C:/nxp/MCUXpressoIDE_24.12.148/ide/plugins/com.nxp.mcuxpresso.tools.win32_24.12.0.202407110909/tools/bin/../lib/gcc/arm-none-eabi/13.2.1/../../../../arm-none-eabi/lib/thumb/v8-m.main/nofp\libcr_c.a(stdlib.o)
 .data._random_j
                0x2000010c        0x4 C:/nxp/MCUXpressoIDE_24.12.148/ide/plugins/com.nxp.mcuxpresso.tools.win32_24.12.0.202407110909/tools/bin/../lib/gcc/arm-none-eabi/13.2.1/../../../../arm-none-eabi/lib/thumb/v8-m.main/nofp\libcr_c.a(stdlib.o)
 .data._random_number_seed
                0x20000110       0xdc C:/nxp/MCUXpressoIDE_24.12.148/ide/plugins/com.nxp.mcuxpresso.tools.win32_24.12.0.202407110909/tools/bin/../lib/gcc/arm-none-eabi/13.2.1/../../../../arm-none-eabi/lib/thumb/v8-m.main/nofp\libcr_c.a(stdlib.o)
 .data.Stat     0x200001ec        0x1 ./source/utils/sdCard/FatFs/sdmm.o
 .data.gameActive
                0x200001ed        0x1 ./source/games/levelOne/levelOne.o
                0x200001ed                gameActive
 .data.stickInNeutral
                0x200001ee        0x1 ./source/games/levelOne/levelOne.o
                0x200001ee                stickInNeutral
 .data.currentArrow
                0x200001ef        0x1 ./source/games/levelOne/levelOne.o
                0x200001ef                currentArrow
                0x200001f0                        . = ALIGN (0x4)
                0x200001f0                        _edata = .
                [!provide]                        PROVIDE (__end_data_RAM = .)
                [!provide]                        PROVIDE (__end_data_SRAM = .)

.igot.plt       0x200001f0        0x0 load address 0x0000bc30
 .igot.plt      0x200001f0        0x0 ./startup/startup_mcxa153.o

.bss_RAM2       0x04000000        0x0
                [!provide]                        PROVIDE (__start_bss_RAM2 = .)
                [!provide]                        PROVIDE (__start_bss_SRAMX0 = .)
 *(SORT_BY_ALIGNMENT(.bss.$RAM2))
 *(SORT_BY_ALIGNMENT(.bss.$SRAMX0))
 *(SORT_BY_ALIGNMENT(.bss.$RAM2.*))
 *(SORT_BY_ALIGNMENT(.bss.$SRAMX0.*))
                0x04000000                        . = ALIGN ((. != 0x0)?0x4:0x1)
                [!provide]                        PROVIDE (__end_bss_RAM2 = .)
                [!provide]                        PROVIDE (__end_bss_SRAMX0 = .)

.bss_RAM3       0x04002000        0x0
                [!provide]                        PROVIDE (__start_bss_RAM3 = .)
                [!provide]                        PROVIDE (__start_bss_SRAMX1 = .)
 *(SORT_BY_ALIGNMENT(.bss.$RAM3))
 *(SORT_BY_ALIGNMENT(.bss.$SRAMX1))
 *(SORT_BY_ALIGNMENT(.bss.$RAM3.*))
 *(SORT_BY_ALIGNMENT(.bss.$SRAMX1.*))
                0x04002000                        . = ALIGN ((. != 0x0)?0x4:0x1)
                [!provide]                        PROVIDE (__end_bss_RAM3 = .)
                [!provide]                        PROVIDE (__end_bss_SRAMX1 = .)

.bss            0x200001f0      0x71c
                0x200001f0                        _bss = .
                [!provide]                        PROVIDE (__start_bss_RAM = .)
                [!provide]                        PROVIDE (__start_bss_SRAM = .)
 *(SORT_BY_ALIGNMENT(.bss*))
 .bss.FatFs     0x200001f0        0x4 ./source/utils/sdCard/FatFs/ff.o
 .bss.FatFs     0x200001f4      0x234 ./source/utils/sdCard/sdCard.o
                0x200001f4                FatFs
 .bss.Fil       0x20000428       0x28 ./source/utils/sdCard/sdCard.o
                0x20000428                Fil
 .bss.bw        0x20000450        0x4 ./source/utils/sdCard/sdCard.o
                0x20000450                bw
 .bss.br        0x20000454        0x4 ./source/utils/sdCard/sdCard.o
                0x20000454                br
 .bss.joystick_sw_press_count
                0x20000458        0x4 ./source/utils/joystick/joystick.o
 .bss.fix       0x2000045c        0x4 ./source/utils/gps/gps.o
                0x2000045c                fix
 .bss.buffer    0x20000460       0x80 ./source/utils/gps/gps.o
                0x20000460                buffer
 .bss.targetCoordinates
                0x200004e0        0xc ./source/utils/gps/gps.o
                0x200004e0                targetCoordinates
 .bss.testCoordinates
                0x200004ec        0xc ./source/utils/gps/gps.o
                0x200004ec                testCoordinates
 .bss.boxCoordinates
                0x200004f8        0xc ./source/utils/gps/gps.o
                0x200004f8                boxCoordinates
 .bss.tx        0x20000504       0x18 ./source/utils/comProtocols/Lpuart/lpuart0_interrupt.o
 .bss.rx        0x2000051c       0x18 ./source/utils/comProtocols/Lpuart/lpuart0_interrupt.o
 .bss.tx_buffer
                0x20000534       0x80 ./source/utils/comProtocols/Lpuart/lpuart0_interrupt.o
 .bss.rx_buffer
                0x200005b4       0x80 ./source/utils/comProtocols/Lpuart/lpuart0_interrupt.o
 .bss.tx        0x20000634       0x18 ./source/utils/comProtocols/Lpuart/lpuart2_interrupt.o
 .bss.rx        0x2000064c       0x18 ./source/utils/comProtocols/Lpuart/lpuart2_interrupt.o
 .bss.tx_buffer
                0x20000664       0x80 ./source/utils/comProtocols/Lpuart/lpuart2_interrupt.o
 .bss.rx_buffer
                0x200006e4       0x80 ./source/utils/comProtocols/Lpuart/lpuart2_interrupt.o
 .bss.tx        0x20000764       0x18 ./source/utils/comProtocols/Lpi2c/lpi2c0_controller_interrupt.o
 .bss.rx        0x2000077c       0x18 ./source/utils/comProtocols/Lpi2c/lpi2c0_controller_interrupt.o
 .bss.tx_buffer
                0x20000794       0x40 ./source/utils/comProtocols/Lpi2c/lpi2c0_controller_interrupt.o
 .bss.rx_buffer
                0x200007d4       0x40 ./source/utils/comProtocols/Lpi2c/lpi2c0_controller_interrupt.o
 .bss.sample.0  0x20000814        0xc ./source/utils/colourSensor/color_classifier.o
 .bss.LCDflag   0x20000820        0x4 ./source/utils/flag.o
                0x20000820                LCDflag
 .bss.won       0x20000824        0x4 ./source/utils/timer.o
                0x20000824                won
 .bss.ms        0x20000828        0x4 ./source/utils/timer.o
                0x20000828                ms
 .bss.color     0x2000082c        0x4 ./source/games/levelTwo/levelTwo.o
                0x2000082c                color
 .bss.currentMs
                0x20000830        0x4 ./source/games/levelTwo/levelTwo.o
                0x20000830                currentMs
 .bss.prevMs    0x20000834        0x4 ./source/games/levelTwo/levelTwo.o
                0x20000834                prevMs
 .bss.score     0x20000838        0x4 ./source/games/levelOne/levelOne.o
                0x20000838                score
 .bss.d         0x2000083c        0x4 ./source/games/gpsGame/gpsGame.o
                0x2000083c                d
 .bss.b         0x20000840        0x4 ./source/games/gpsGame/gpsGame.o
                0x20000840                b
 .bss.errno     0x20000844        0x4 C:/nxp/MCUXpressoIDE_24.12.148/ide/plugins/com.nxp.mcuxpresso.tools.win32_24.12.0.202407110909/tools/bin/../lib/gcc/arm-none-eabi/13.2.1/../../../../arm-none-eabi/lib/thumb/v8-m.main/nofp\libcr_c.a(errno.o)
                0x20000844                errno
 .bss.__end_of_heap
                0x20000848        0x4 C:/nxp/MCUXpressoIDE_24.12.148/ide/plugins/com.nxp.mcuxpresso.tools.win32_24.12.0.202407110909/tools/bin/../lib/gcc/arm-none-eabi/13.2.1/../../../../arm-none-eabi/lib/thumb/v8-m.main/nofp\libcr_c.a(__init_alloc.o)
                0x20000848                __end_of_heap
 .bss.__heaps   0x2000084c        0x4 C:/nxp/MCUXpressoIDE_24.12.148/ide/plugins/com.nxp.mcuxpresso.tools.win32_24.12.0.202407110909/tools/bin/../lib/gcc/arm-none-eabi/13.2.1/../../../../arm-none-eabi/lib/thumb/v8-m.main/nofp\libcr_c.a(__init_alloc.o)
                0x2000084c                __heaps
 .bss.__Ciob    0x20000850       0xb4 C:/nxp/MCUXpressoIDE_24.12.148/ide/plugins/com.nxp.mcuxpresso.tools.win32_24.12.0.202407110909/tools/bin/../lib/gcc/arm-none-eabi/13.2.1/../../../../arm-none-eabi/lib/thumb/v8-m.main/nofp\libcr_semihost_nf.a(__ciob.o)
                0x20000850                __Ciob
 .bss.Fsid      0x20000904        0x2 ./source/utils/sdCard/FatFs/ff.o
 .bss.CurrVol   0x20000906        0x1 ./source/utils/sdCard/FatFs/ff.o
 .bss.CardType  0x20000907        0x1 ./source/utils/sdCard/FatFs/sdmm.o
 .bss.fr        0x20000908        0x1 ./source/utils/sdCard/sdCard.o
                0x20000908                fr
 .bss.successFlag
                0x20000909        0x1 ./source/utils/flag.o
                0x20000909                successFlag
 .bss.countdownActive
                0x2000090a        0x1 ./source/games/levelOne/levelOne.o
                0x2000090a                countdownActive
 .bss.arrowVisible
                0x2000090b        0x1 ./source/games/levelOne/levelOne.o
                0x2000090b                arrowVisible
 *(SORT_BY_ALIGNMENT(COMMON))
                0x2000090c                        . = ALIGN (0x4)
                0x2000090c                        _ebss = .
                [!provide]                        PROVIDE (__end_bss_RAM = .)
                [!provide]                        PROVIDE (__end_bss_SRAM = .)
                [!provide]                        PROVIDE (end = .)

.noinit_RAM2    0x04000000        0x0
                [!provide]                        PROVIDE (__start_noinit_RAM2 = .)
                [!provide]                        PROVIDE (__start_noinit_SRAMX0 = .)
 *(SORT_BY_ALIGNMENT(.noinit.$RAM2))
 *(SORT_BY_ALIGNMENT(.noinit.$SRAMX0))
 *(SORT_BY_ALIGNMENT(.noinit.$RAM2.*))
 *(SORT_BY_ALIGNMENT(.noinit.$SRAMX0.*))
                0x04000000                        . = ALIGN (0x4)
                [!provide]                        PROVIDE (__end_noinit_RAM2 = .)
                [!provide]                        PROVIDE (__end_noinit_SRAMX0 = .)

.noinit_RAM3    0x04002000        0x0
                [!provide]                        PROVIDE (__start_noinit_RAM3 = .)
                [!provide]                        PROVIDE (__start_noinit_SRAMX1 = .)
 *(SORT_BY_ALIGNMENT(.noinit.$RAM3))
 *(SORT_BY_ALIGNMENT(.noinit.$SRAMX1))
 *(SORT_BY_ALIGNMENT(.noinit.$RAM3.*))
 *(SORT_BY_ALIGNMENT(.noinit.$SRAMX1.*))
                0x04002000                        . = ALIGN (0x4)
                [!provide]                        PROVIDE (__end_noinit_RAM3 = .)
                [!provide]                        PROVIDE (__end_noinit_SRAMX1 = .)

.noinit         0x2000090c        0x0
                0x2000090c                        _noinit = .
                [!provide]                        PROVIDE (__start_noinit_RAM = .)
                [!provide]                        PROVIDE (__start_noinit_SRAM = .)
 *(SORT_BY_ALIGNMENT(.noinit*))
                0x2000090c                        . = ALIGN (0x4)
                0x2000090c                        _end_noinit = .
                [!provide]                        PROVIDE (__end_noinit_RAM = .)
                [!provide]                        PROVIDE (__end_noinit_SRAM = .)
                0x00000600                        _HeapSize = 0x600

.heap           0x2000090c      0x600
                0x2000090c                        _pvHeapStart = .
                0x20000f0c                        . = (. + _HeapSize)
 *fill*         0x2000090c      0x600 
                0x20000f0c                        . = ALIGN (0x4)
                0x20000f0c                        _pvHeapLimit = .
                0x00000600                        _StackSize = 0x600

.heap2stackfill
                0x20000f0c      0x600
                0x2000150c                        . = (. + _StackSize)
 *fill*         0x20000f0c      0x600 

.stack          0x20005a00        0x0
                0x20005a00                        _vStackBase = .
                0x20005a00                        . = ALIGN (0x4)
                0x20006000                        _vStackTop = (. + _StackSize)
                0x00000000                        _image_start = LOADADDR (.text)
                0x0000bc30                        _image_end = (LOADADDR (.data) + SIZEOF (.data))
                0x0000bc30                        _image_size = (_image_end - _image_start)
OUTPUT(frdmmcxa153_ese_driver_examples_lpuart_interrupt.axf elf32-littlearm)
LOAD linker stubs

.debug_info     0x00000000    0x19d19