Archive member included to satisfy reference by file (symbol)

C:/nxp/MCUXpressoIDE_24.12.148/ide/plugins/com.nxp.mcuxpresso.tools.win32_24.12.0.202407110909/tools/bin/../lib/gcc/arm-none-eabi/13.2.1/../../../../arm-none-eabi/lib/thumb/v8-m.main/nofp\libcr_semihost_nf.a(_cr__main.o)
                              ./startup/startup_mcxa153.o (__main)
C:/nxp/MCUXpressoIDE_24.12.148/ide/plugins/com.nxp.mcuxpresso.tools.win32_24.12.0.202407110909/tools/bin/../lib/gcc/arm-none-eabi/13.2.1/../../../../arm-none-eabi/lib/thumb/v8-m.main/nofp\libcr_c.a(memcpy.o)
                              ./source/utils/sdCard/FatFs/ff.o (memcpy)
C:/nxp/MCUXpressoIDE_24.12.148/ide/plugins/com.nxp.mcuxpresso.tools.win32_24.12.0.202407110909/tools/bin/../lib/gcc/arm-none-eabi/13.2.1/../../../../arm-none-eabi/lib/thumb/v8-m.main/nofp\libcr_c.a(memset.o)
                              ./source/utils/temperatureSensor/lm35d_polling.o (memset)
C:/nxp/MCUXpressoIDE_24.12.148/ide/plugins/com.nxp.mcuxpresso.tools.win32_24.12.0.202407110909/tools/bin/../lib/gcc/arm-none-eabi/13.2.1/../../../../arm-none-eabi/lib/thumb/v8-m.main/nofp\libcr_c.a(atan2.o)
                              ./source/games/gpsGame/gpsGame.o (atan2)
C:/nxp/MCUXpressoIDE_24.12.148/ide/plugins/com.nxp.mcuxpresso.tools.win32_24.12.0.202407110909/tools/bin/../lib/gcc/arm-none-eabi/13.2.1/../../../../arm-none-eabi/lib/thumb/v8-m.main/nofp\libcr_c.a(cos.o)
                              ./source/games/gpsGame/gpsGame.o (cos)
C:/nxp/MCUXpressoIDE_24.12.148/ide/plugins/com.nxp.mcuxpresso.tools.win32_24.12.0.202407110909/tools/bin/../lib/gcc/arm-none-eabi/13.2.1/../../../../arm-none-eabi/lib/thumb/v8-m.main/nofp\libcr_c.a(errno.o)
                              C:/nxp/MCUXpressoIDE_24.12.148/ide/plugins/com.nxp.mcuxpresso.tools.win32_24.12.0.202407110909/tools/bin/../lib/gcc/arm-none-eabi/13.2.1/../../../../arm-none-eabi/lib/thumb/v8-m.main/nofp\libcr_c.a(atan2.o) (errno)
C:/nxp/MCUXpressoIDE_24.12.148/ide/plugins/com.nxp.mcuxpresso.tools.win32_24.12.0.202407110909/tools/bin/../lib/gcc/arm-none-eabi/13.2.1/../../../../arm-none-eabi/lib/thumb/v8-m.main/nofp\libcr_c.a(fabs.o)
                              C:/nxp/MCUXpressoIDE_24.12.148/ide/plugins/com.nxp.mcuxpresso.tools.win32_24.12.0.202407110909/tools/bin/../lib/gcc/arm-none-eabi/13.2.1/../../../../arm-none-eabi/lib/thumb/v8-m.main/nofp\libcr_c.a(atan2.o) (fabs)
C:/nxp/MCUXpressoIDE_24.12.148/ide/plugins/com.nxp.mcuxpresso.tools.win32_24.12.0.202407110909/tools/bin/../lib/gcc/arm-none-eabi/13.2.1/../../../../arm-none-eabi/lib/thumb/v8-m.main/nofp\libcr_c.a(fpprintf.o)
                              ./source/utils/sdCard/sdCard.o (printf)
C:/nxp/MCUXpressoIDE_24.12.148/ide/plugins/com.nxp.mcuxpresso.tools.win32_24.12.0.202407110909/tools/bin/../lib/gcc/arm-none-eabi/13.2.1/../../../../arm-none-eabi/lib/thumb/v8-m.main/nofp\libcr_c.a(initio.o)
                              C:/nxp/MCUXpressoIDE_24.12.148/ide/plugins/com.nxp.mcuxpresso.tools.win32_24.12.0.202407110909/tools/bin/../lib/gcc/arm-none-eabi/13.2.1/../../../../arm-none-eabi/lib/thumb/v8-m.main/nofp\libcr_semihost_nf.a(_cr__main.o) (_initio)
C:/nxp/MCUXpressoIDE_24.12.148/ide/plugins/com.nxp.mcuxpresso.tools.win32_24.12.0.202407110909/tools/bin/../lib/gcc/arm-none-eabi/13.2.1/../../../../arm-none-eabi/lib/thumb/v8-m.main/nofp\libcr_c.a(memcmp.o)
                              ./source/utils/sdCard/FatFs/ff.o (memcmp)
C:/nxp/MCUXpressoIDE_24.12.148/ide/plugins/com.nxp.mcuxpresso.tools.win32_24.12.0.202407110909/tools/bin/../lib/gcc/arm-none-eabi/13.2.1/../../../../arm-none-eabi/lib/thumb/v8-m.main/nofp\libcr_c.a(printf.o)
                              C:/nxp/MCUXpressoIDE_24.12.148/ide/plugins/com.nxp.mcuxpresso.tools.win32_24.12.0.202407110909/tools/bin/../lib/gcc/arm-none-eabi/13.2.1/../../../../arm-none-eabi/lib/thumb/v8-m.main/nofp\libcr_c.a(fpprintf.o) (__vfprintf)
C:/nxp/MCUXpressoIDE_24.12.148/ide/plugins/com.nxp.mcuxpresso.tools.win32_24.12.0.202407110909/tools/bin/../lib/gcc/arm-none-eabi/13.2.1/../../../../arm-none-eabi/lib/thumb/v8-m.main/nofp\libcr_c.a(scanf.o)
                              ./source/utils/gps/gps.o (atof)
C:/nxp/MCUXpressoIDE_24.12.148/ide/plugins/com.nxp.mcuxpresso.tools.win32_24.12.0.202407110909/tools/bin/../lib/gcc/arm-none-eabi/13.2.1/../../../../arm-none-eabi/lib/thumb/v8-m.main/nofp\libcr_c.a(setvbuf.o)
                              C:/nxp/MCUXpressoIDE_24.12.148/ide/plugins/com.nxp.mcuxpresso.tools.win32_24.12.0.202407110909/tools/bin/../lib/gcc/arm-none-eabi/13.2.1/../../../../arm-none-eabi/lib/thumb/v8-m.main/nofp\libcr_c.a(initio.o) (setvbuf)
C:/nxp/MCUXpressoIDE_24.12.148/ide/plugins/com.nxp.mcuxpresso.tools.win32_24.12.0.202407110909/tools/bin/../lib/gcc/arm-none-eabi/13.2.1/../../../../arm-none-eabi/lib/thumb/v8-m.main/nofp\libcr_c.a(sin.o)
                              ./source/games/gpsGame/gpsGame.o (sin)
[...]
Memory Configuration

Name             Origin             Length             Attributes
PROGRAM_FLASH    0x00000000         0x00020000         xr
SRAM             0x20000000         0x00006000         xrw
SRAMX0           0x04000000         0x00002000         xrw
SRAMX1           0x04002000         0x00001000         xrw
*default*        0x00000000         0xffffffff

Linker script and memory map

LOAD ./startup/startup_mcxa153.o
LOAD ./source/utils/temperatureSensor/lm35d_polling.o
LOAD ./source/utils/sdCard/FatFs/ff.o
LOAD ./source/utils/sdCard/FatFs/sdmm.o
LOAD ./source/utils/sdCard/sdCard.o
LOAD ./source/utils/gps/gps.o
LOAD ./source/utils/comProtocols/Lpuart/lpuart0_interrupt.o
LOAD ./source/utils/comProtocols/Lpuart/lpuart2_interrupt.o
LOAD ./source/utils/comProtocols/Lpuart/retarget.o
LOAD ./source/utils/comProtocols/GPIO/gpio_output.o
LOAD ./source/utils/comProtocols/fifo.o
LOAD ./source/games/gpsGame/gpsGame.o
LOAD ./source/main.o
LOAD ./source/semihost_hardfault.o
LOAD ./device/system_MCXA153.o
START GROUP
LOAD C:/nxp/MCUXpressoIDE_24.12.148/ide/plugins/com.nxp.mcuxpresso.tools.win32_24.12.0.202407110909/tools/bin/../lib/gcc/arm-none-eabi/13.2.1/../../../../arm-none-eabi/lib/thumb/v8-m.main/nofp\libcr_semihost_nf.a
LOAD C:/nxp/MCUXpressoIDE_24.12.148/ide/plugins/com.nxp.mcuxpresso.tools.win32_24.12.0.202407110909/tools/bin/../lib/gcc/arm-none-eabi/13.2.1/../../../../arm-none-eabi/lib/thumb/v8-m.main/nofp\libcr_c.a
LOAD C:/nxp/MCUXpressoIDE_24.12.148/ide/plugins/com.nxp.mcuxpresso.tools.win32_24.12.0.202407110909/tools/bin/../lib/gcc/arm-none-eabi/13.2.1/thumb/v8-m.main/nofp\libcr_eabihelpers.a
LOAD C:/nxp/MCUXpressoIDE_24.12.148/ide/plugins/com.nxp.mcuxpresso.tools.win32_24.12.0.202407110909/tools/bin/../lib/gcc/arm-none-eabi/13.2.1/thumb/v8-m.main/nofp\libgcc.a
END GROUP
                0x00000000                        __base_PROGRAM_FLASH = 0x0
                0x00000000                        __base_Flash = 0x0
                0x00020000                        __top_PROGRAM_FLASH = 0x20000
                0x00020000                        __top_Flash = 0x20000
                0x20000000                        __base_SRAM = 0x20000000
                0x20000000                        __base_RAM = 0x20000000
                0x20006000                        __top_SRAM = 0x20006000
                0x20006000                        __top_RAM = 0x20006000
                0x04000000                        __base_SRAMX0 = 0x4000000
                0x04000000                        __base_RAM2 = 0x4000000
                0x04002000                        __top_SRAMX0 = 0x4002000
                0x04002000                        __top_RAM2 = 0x4002000
                0x04002000                        __base_SRAMX1 = 0x4002000
                0x04002000                        __base_RAM3 = 0x4002000
                0x04003000                        __top_SRAMX1 = 0x4003000
                0x04003000                        __top_RAM3 = 0x4003000

.text           0x00000000     0x9eec
 FILL mask 0xff
                0x00000000                        __vectors_start__ = ABSOLUTE (.)
 *(SORT_BY_ALIGNMENT(.isr_vector))
 .isr_vector    0x00000000      0x16c ./startup/startup_mcxa153.o
                0x00000000                g_pfnVectors
                0x00000000                __Vectors
                0x0000016c                        . = ALIGN (0x4)
                0x0000016c                        __section_table_start = .
                0x0000016c                        __data_section_table = .
                0x0000016c        0x4 LONG 0x9eec LOADADDR (.data)
                0x00000170        0x4 LONG 0x20000000 ADDR (.data)
                0x00000174        0x4 LONG 0xc SIZEOF (.data)
                0x00000178        0x4 LONG 0x9eec LOADADDR (.data_RAM2)
                0x0000017c        0x4 LONG 0x4000000 ADDR (.data_RAM2)
                0x00000180        0x4 LONG 0x0 SIZEOF (.data_RAM2)
                0x00000184        0x4 LONG 0x9eec LOADADDR (.data_RAM3)
                0x00000188        0x4 LONG 0x4002000 ADDR (.data_RAM3)
                0x0000018c        0x4 LONG 0x0 SIZEOF (.data_RAM3)
                0x00000190                        __data_section_table_end = .
                0x00000190                        __bss_section_table = .
                0x00000190        0x4 LONG 0x2000000c ADDR (.bss)
                0x00000194        0x4 LONG 0x82c SIZEOF (.bss)
                0x00000198        0x4 LONG 0x4000000 ADDR (.bss_RAM2)
                0x0000019c        0x4 LONG 0x0 SIZEOF (.bss_RAM2)
                0x000001a0        0x4 LONG 0x4002000 ADDR (.bss_RAM3)
                0x000001a4        0x4 LONG 0x0 SIZEOF (.bss_RAM3)
                0x000001a8                        __bss_section_table_end = .
                0x000001a8                        __section_table_end = .
 *(SORT_BY_ALIGNMENT(.after_vectors*))
 .after_vectors.reset
                0x000001a8       0x68 ./startup/startup_mcxa153.o
                0x000001a8                ResetISR
 .after_vectors.init_data
                0x00000210       0x1c ./startup/startup_mcxa153.o
                0x00000210                data_init
 .after_vectors.init_bss
                0x0000022c       0x12 ./startup/startup_mcxa153.o
                0x0000022c                bss_init
 .after_vectors
                0x0000023e       0x16 ./startup/startup_mcxa153.o
                0x0000023e                NMI_Handler
                0x00000242                MemManage_Handler
                0x00000244                BusFault_Handler
                0x00000246                UsageFault_Handler
                0x00000248                SecureFault_Handler
                0x0000024a                SVC_Handler
                0x0000024c                DebugMon_Handler
                0x0000024e                PendSV_Handler
                0x00000252                LPTMR0_DriverIRQHandler
                0x00000252                FLEXPWM0_SUBMODULE1_DriverIRQHandler
                0x00000252                MBC0_DriverIRQHandler
                0x00000252                WAKETIMER0_DriverIRQHandler
                0x00000252                I3C0_DriverIRQHandler
                0x00000252                LPI2C0_DriverIRQHandler
                0x00000252                FLEXPWM0_RELOAD_ERROR_DriverIRQHandler
                0x00000252                QDC0_HOME_DriverIRQHandler
                0x00000252                Reserved82_DriverIRQHandler
                0x00000252                QDC0_WATCHDOG_DriverIRQHandler
                0x00000252                ERM0_MULTI_BIT_DriverIRQHandler
                0x00000252                Reserved36_DriverIRQHandler
                0x00000252                CTIMER2_DriverIRQHandler
                0x00000252                Reserved33_DriverIRQHandler
                0x00000252                CMP1_DriverIRQHandler
                0x00000252                IntDefaultHandler
                0x00000252                USB0_DriverIRQHandler
                0x00000252                QDC0_INDEX_DriverIRQHandler
                0x00000252                UTICK0_DriverIRQHandler
                0x00000252                Reserved41_DriverIRQHandler
                0x00000252                FLEXPWM0_SUBMODULE2_DriverIRQHandler
                0x00000252                Reserved39_DriverIRQHandler
                0x00000252                WWDT0_DriverIRQHandler
                0x00000252                Reserved84_DriverIRQHandler
                0x00000252                FLEXPWM0_FAULT_DriverIRQHandler
                0x00000252                GPIO0_DriverIRQHandler
                0x00000252                Reserved38_DriverIRQHandler
                0x00000252                FREQME0_DriverIRQHandler
                0x00000252                Reserved22_DriverIRQHandler
                0x00000252                Reserved53_DriverIRQHandler
                0x00000252                Reserved35_DriverIRQHandler
                0x00000252                CTIMER0_DriverIRQHandler
                0x00000252                Reserved79_DriverIRQHandler
                0x00000252                Reserved24_DriverIRQHandler
                0x00000252                CTIMER1_DriverIRQHandler
                0x00000252                QDC0_COMPARE_DriverIRQHandler
                0x00000252                LPUART1_DriverIRQHandler
                0x00000252                WUU0_DriverIRQHandler
                0x00000252                LPSPI0_DriverIRQHandler
                0x00000252                DMA_CH3_DriverIRQHandler
                0x00000252                Reserved83_DriverIRQHandler
                0x00000252                Reserved72_DriverIRQHandler
                0x00000252                Reserved23_DriverIRQHandler
                0x00000252                Reserved65_DriverIRQHandler
                0x00000252                ERM0_SINGLE_BIT_DriverIRQHandler
                0x00000252                DMA_CH2_DriverIRQHandler
                0x00000252                CMC_DriverIRQHandler
                0x00000252                Reserved51_DriverIRQHandler
                0x00000252                Reserved25_DriverIRQHandler
                0x00000252                LPUART2_DriverIRQHandler
                0x00000252                FMU0_DriverIRQHandler
                0x00000252                LPSPI1_DriverIRQHandler
                0x00000252                Reserved77_DriverIRQHandler
                0x00000252                Reserved16_DriverIRQHandler
                0x00000252                LPUART0_DriverIRQHandler
                0x00000252                GPIO2_DriverIRQHandler
                0x00000252                Reserved85_DriverIRQHandler
                0x00000252                ADC0_DriverIRQHandler
                0x00000252                CMP0_DriverIRQHandler
                0x00000252                CDOG0_DriverIRQHandler
                0x00000252                Reserved59_DriverIRQHandler
                0x00000252                DMA_CH0_DriverIRQHandler
                0x00000252                Reserved58_DriverIRQHandler
                0x00000252                DMA_CH1_DriverIRQHandler
                0x00000252                SPC0_DriverIRQHandler
                0x00000252                GLIKEY0_DriverIRQHandler
                0x00000252                Reserved43_DriverIRQHandler
                0x00000252                Reserved46_DriverIRQHandler
                0x00000252                Reserved37_DriverIRQHandler
                0x00000252                Reserved86_DriverIRQHandler
                0x00000252                GPIO1_DriverIRQHandler
                0x00000252                FLEXPWM0_SUBMODULE0_DriverIRQHandler
                0x00000252                Reserved50_DriverIRQHandler
                0x00000252                OS_EVENT_DriverIRQHandler
                0x00000252                SCG0_DriverIRQHandler
                0x00000252                GPIO3_DriverIRQHandler
 *(SORT_BY_ALIGNMENT(.text*))
 *fill*         0x00000254        0x4 ff
 .text.ilog10   0x00000258       0xf8 ./source/utils/sdCard/FatFs/ff.o
 .text.i10x     0x00000350       0xc8 ./source/utils/sdCard/FatFs/ff.o
 .text.atan2    0x00000418      0x110 C:/nxp/MCUXpressoIDE_24.12.148/ide/plugins/com.nxp.mcuxpresso.tools.win32_24.12.0.202407110909/tools/bin/../lib/gcc/arm-none-eabi/13.2.1/../../../../arm-none-eabi/lib/thumb/v8-m.main/nofp\libcr_c.a(atan2.o)
                0x00000418                atan2
 .text.cos      0x00000528       0x60 C:/nxp/MCUXpressoIDE_24.12.148/ide/plugins/com.nxp.mcuxpresso.tools.win32_24.12.0.202407110909/tools/bin/../lib/gcc/arm-none-eabi/13.2.1/../../../../arm-none-eabi/lib/thumb/v8-m.main/nofp\libcr_c.a(cos.o)
                0x00000528                cos
 .text.fp_display
                0x00000588      0x9ac C:/nxp/MCUXpressoIDE_24.12.148/ide/plugins/com.nxp.mcuxpresso.tools.win32_24.12.0.202407110909/tools/bin/../lib/gcc/arm-none-eabi/13.2.1/../../../../arm-none-eabi/lib/thumb/v8-m.main/nofp\libcr_c.a(fpprintf.o)
 *fill*         0x00000f34        0x4 ff
 .text.vfscanf  0x00000f38      0x900 C:/nxp/MCUXpressoIDE_24.12.148/ide/plugins/com.nxp.mcuxpresso.tools.win32_24.12.0.202407110909/tools/bin/../lib/gcc/arm-none-eabi/13.2.1/../../../../arm-none-eabi/lib/thumb/v8-m.main/nofp\libcr_c.a(scanf.o)
                0x00000f38                vfscanf
 .text.sqrt     0x00001838      0x10c C:/nxp/MCUXpressoIDE_24.12.148/ide/plugins/com.nxp.mcuxpresso.tools.win32_24.12.0.202407110909/tools/bin/../lib/gcc/arm-none-eabi/13.2.1/../../../../arm-none-eabi/lib/thumb/v8-m.main/nofp\libcr_c.a(sqrt.o)
                0x00001838                sqrt
 *fill*         0x00001944        0x4 ff
 .text._sincos  0x00001948      0x1fc C:/nxp/MCUXpressoIDE_24.12.148/ide/plugins/com.nxp.mcuxpresso.tools.win32_24.12.0.202407110909/tools/bin/../lib/gcc/arm-none-eabi/13.2.1/../../../../arm-none-eabi/lib/thumb/v8-m.main/nofp\libcr_c.a(_sincos.o)
                0x00001948                _sincos
 *fill*         0x00001b44        0x4 ff
 .text.atan     0x00001b48      0x214 C:/nxp/MCUXpressoIDE_24.12.148/ide/plugins/com.nxp.mcuxpresso.tools.win32_24.12.0.202407110909/tools/bin/../lib/gcc/arm-none-eabi/13.2.1/../../../../arm-none-eabi/lib/thumb/v8-m.main/nofp\libcr_c.a(atan.o)
                0x00001b48                atan
 .text.lm35d_init
                0x00001d5c      0x1e8 ./source/utils/temperatureSensor/lm35d_polling.o
                0x00001d5c                lm35d_init
 .text.adc0_sample_channel_08
                0x00001f44       0x34 ./source/utils/temperatureSensor/lm35d_polling.o
                0x00001f44                adc0_sample_channel_08
 .text.lm35d_get_temperature
                0x00001f78       0x68 ./source/utils/temperatureSensor/lm35d_polling.o
                0x00001f78                lm35d_get_temperature
 .text.sync_fs  0x00001fe0       0xe0 ./source/utils/sdCard/FatFs/ff.o
 .text.create_name
                0x000020c0      0x20c ./source/utils/sdCard/FatFs/ff.o
 .text.get_ldnumber
                0x000022cc       0x88 ./source/utils/sdCard/FatFs/ff.o
 .text.check_fs
                0x00002354      0x148 ./source/utils/sdCard/FatFs/ff.o
 .text.mount_volume
                0x0000249c      0x3fc ./source/utils/sdCard/FatFs/ff.o
 .text.f_mount  0x00002898       0x94 ./source/utils/sdCard/FatFs/ff.o
                0x00002898                f_mount
 .text.f_open   0x0000292c      0x2e0 ./source/utils/sdCard/FatFs/ff.o
                0x0000292c                f_open
 .text.f_sync   0x00002c0c       0xc8 ./source/utils/sdCard/FatFs/ff.o
                0x00002c0c                f_sync
 .text.ftoa     0x00002cd4      0x310 ./source/utils/sdCard/FatFs/ff.o
 .text.f_printf
                0x00002fe4      0x704 ./source/utils/sdCard/FatFs/ff.o
                0x00002fe4                f_printf
 .text.xmit_mmc
                0x000036e8      0x210 ./source/utils/sdCard/FatFs/sdmm.o
 .text.rcvr_mmc
                0x000038f8      0x1bc ./source/utils/sdCard/FatFs/sdmm.o
 .text.deselect
                0x00003ab4       0x28 ./source/utils/sdCard/FatFs/sdmm.o
 .text.select   0x00003adc       0x3c ./source/utils/sdCard/FatFs/sdmm.o
 .text.disk_status
                0x00003b18       0x28 ./source/utils/sdCard/FatFs/sdmm.o
                0x00003b18                disk_status
 .text.disk_initialize
                0x00003b40      0x224 ./source/utils/sdCard/FatFs/sdmm.o
                0x00003b40                disk_initialize
 .text.disk_read
                0x00003d64       0xac ./source/utils/sdCard/FatFs/sdmm.o
                0x00003d64                disk_read
 .text.disk_write
                0x00003e10       0xdc ./source/utils/sdCard/FatFs/sdmm.o
                0x00003e10                disk_write
 .text.sdInit   0x00003eec       0x4c ./source/utils/sdCard/sdCard.o
                0x00003eec                sdInit
 .text.sdLog    0x00003f38       0xa8 ./source/utils/sdCard/sdCard.o
                0x00003f38                sdLog
 .text.sdRead   0x00003fe0       0xd0 ./source/utils/sdCard/sdCard.o
                0x00003fe0                sdRead
 .text.gpsInit  0x000040b0       0x70 ./source/utils/gps/gps.o
                0x000040b0                gpsInit
 .text.updatePosition
                0x00004120      0x13c ./source/utils/gps/gps.o
                0x00004120                updatePosition
 .text.parseNMEA
                0x0000425c      0x114 ./source/utils/gps/gps.o
                0x0000425c                parseNMEA
 .text.convertToDecimal
                0x00004370       0x98 ./source/utils/gps/gps.o
                0x00004370                convertToDecimal
 .text.getPosition
                0x00004408       0x20 ./source/utils/gps/gps.o
                0x00004408                getPosition
 .text.getTarget
                0x00004428       0x20 ./source/utils/gps/gps.o
                0x00004428                getTarget
 .text.__NVIC_EnableIRQ
                0x00004448       0x38 ./source/utils/comProtocols/Lpuart/lpuart0_interrupt.o
 .text.__NVIC_ClearPendingIRQ
                0x00004480       0x3c ./source/utils/comProtocols/Lpuart/lpuart0_interrupt.o
 .text.__NVIC_SetPriority
                0x000044bc       0x54 ./source/utils/comProtocols/Lpuart/lpuart0_interrupt.o
 .text.lpuart0_init
                0x00004510       0xc4 ./source/utils/comProtocols/Lpuart/lpuart0_interrupt.o
                0x00004510                lpuart0_init
 .text.lpuart0_putchar
                0x000045d4       0x40 ./source/utils/comProtocols/Lpuart/lpuart0_interrupt.o
                0x000045d4                lpuart0_putchar
 .text.lpuart0_getchar
                0x00004614       0x30 ./source/utils/comProtocols/Lpuart/lpuart0_interrupt.o
                0x00004614                lpuart0_getchar
 .text.LPUART0_IRQHandler
                0x00004644       0x7c ./source/utils/comProtocols/Lpuart/lpuart0_interrupt.o
                0x00004644                LPUART0_IRQHandler
 .text.__NVIC_EnableIRQ
                0x000046c0       0x38 ./source/utils/comProtocols/Lpuart/lpuart2_interrupt.o
 .text.__NVIC_ClearPendingIRQ
                0x000046f8       0x3c ./source/utils/comProtocols/Lpuart/lpuart2_interrupt.o
 .text.__NVIC_SetPriority
                0x00004734       0x54 ./source/utils/comProtocols/Lpuart/lpuart2_interrupt.o
 .text.lpuart2_init
                0x00004788       0xc4 ./source/utils/comProtocols/Lpuart/lpuart2_interrupt.o
                0x00004788                lpuart2_init
 .text.lpuart2_getchar
                0x0000484c       0x30 ./source/utils/comProtocols/Lpuart/lpuart2_interrupt.o
                0x0000484c                lpuart2_getchar
 .text.lpuart2_rxcnt
                0x0000487c       0x14 ./source/utils/comProtocols/Lpuart/lpuart2_interrupt.o
                0x0000487c                lpuart2_rxcnt
 .text.LPUART2_IRQHandler
                0x00004890       0x7c ./source/utils/comProtocols/Lpuart/lpuart2_interrupt.o
                0x00004890                LPUART2_IRQHandler
 .text.gpio_output_init
                0x0000490c       0x74 ./source/utils/comProtocols/GPIO/gpio_output.o
                0x0000490c                gpio_output_init
 .text.distance
                0x00004980      0x1ec ./source/games/gpsGame/gpsGame.o
                0x00004980                distance
 .text.calculateBearing
                0x00004b6c      0x1a0 ./source/games/gpsGame/gpsGame.o
                0x00004b6c                calculateBearing
 .text.getSuccessFlag
                0x00004d0c       0x14 ./source/games/gpsGame/gpsGame.o
                0x00004d0c                getSuccessFlag
 .text.setSuccessFlag
                0x00004d20       0x20 ./source/games/gpsGame/gpsGame.o
                0x00004d20                setSuccessFlag
 .text.degToRad
                0x00004d40       0x50 ./source/games/gpsGame/gpsGame.o
                0x00004d40                degToRad
 .text.radToDeg
                0x00004d90       0x54 ./source/games/gpsGame/gpsGame.o
                0x00004d90                radToDeg
 .text.__NVIC_SetPriority
                0x00004de4       0x54 ./source/main.o
 .text.SysTick_Config
                0x00004e38       0x44 ./source/main.o
 .text.main     0x00004e7c       0x80 ./source/main.o
                0x00004e7c                main
 .text.SysTick_Handler
                0x00004efc       0x90 ./source/main.o
                0x00004efc                SysTick_Handler
 .text.SystemInit
                0x00004f8c      0x120 ./device/system_MCXA153.o
                0x00004f8c                SystemInit
 .text.sprintf  0x000050ac       0x6c C:/nxp/MCUXpressoIDE_24.12.148/ide/plugins/com.nxp.mcuxpresso.tools.win32_24.12.0.202407110909/tools/bin/../lib/gcc/arm-none-eabi/13.2.1/../../../../arm-none-eabi/lib/thumb/v8-m.main/nofp\libcr_c.a(fpprintf.o)
                0x000050ac                sprintf
 .text.vsnprintf
                0x00005118       0x68 C:/nxp/MCUXpressoIDE_24.12.148/ide/plugins/com.nxp.mcuxpresso.tools.win32_24.12.0.202407110909/tools/bin/../lib/gcc/arm-none-eabi/13.2.1/../../../../arm-none-eabi/lib/thumb/v8-m.main/nofp\libcr_c.a(fpprintf.o)
                0x00005118                vsnprintf
 .text.printf   0x00005180       0x54 C:/nxp/MCUXpressoIDE_24.12.148/ide/plugins/com.nxp.mcuxpresso.tools.win32_24.12.0.202407110909/tools/bin/../lib/gcc/arm-none-eabi/13.2.1/../../../../arm-none-eabi/lib/thumb/v8-m.main/nofp\libcr_c.a(fpprintf.o)
                0x00005180                printf
 .text._initio  0x000051d4       0x78 C:/nxp/MCUXpressoIDE_24.12.148/ide/plugins/com.nxp.mcuxpresso.tools.win32_24.12.0.202407110909/tools/bin/../lib/gcc/arm-none-eabi/13.2.1/../../../../arm-none-eabi/lib/thumb/v8-m.main/nofp\libcr_c.a(initio.o)
                0x000051d4                _initio
 .text.__vfprintf
                0x0000524c      0xb70 C:/nxp/MCUXpressoIDE_24.12.148/ide/plugins/com.nxp.mcuxpresso.tools.win32_24.12.0.202407110909/tools/bin/../lib/gcc/arm-none-eabi/13.2.1/../../../../arm-none-eabi/lib/thumb/v8-m.main/nofp\libcr_c.a(printf.o)
                0x0000524c                __vfprintf
 .text.ch_val   0x00005dbc       0x30 C:/nxp/MCUXpressoIDE_24.12.148/ide/plugins/com.nxp.mcuxpresso.tools.win32_24.12.0.202407110909/tools/bin/../lib/gcc/arm-none-eabi/13.2.1/../../../../arm-none-eabi/lib/thumb/v8-m.main/nofp\libcr_c.a(scanf.o)
 .text._strtoul
                0x00005dec       0xb4 C:/nxp/MCUXpressoIDE_24.12.148/ide/plugins/com.nxp.mcuxpresso.tools.win32_24.12.0.202407110909/tools/bin/../lib/gcc/arm-none-eabi/13.2.1/../../../../arm-none-eabi/lib/thumb/v8-m.main/nofp\libcr_c.a(scanf.o)
 .text.cr_rd_int
                0x00005ea0      0x1a0 C:/nxp/MCUXpressoIDE_24.12.148/ide/plugins/com.nxp.mcuxpresso.tools.win32_24.12.0.202407110909/tools/bin/../lib/gcc/arm-none-eabi/13.2.1/../../../../arm-none-eabi/lib/thumb/v8-m.main/nofp\libcr_c.a(scanf.o)
 .text.strtod   0x00006040       0x34 C:/nxp/MCUXpressoIDE_24.12.148/ide/plugins/com.nxp.mcuxpresso.tools.win32_24.12.0.202407110909/tools/bin/../lib/gcc/arm-none-eabi/13.2.1/../../../../arm-none-eabi/lib/thumb/v8-m.main/nofp\libcr_c.a(scanf.o)
                0x00006040                strtod
 .text.strtol   0x00006074       0x80 C:/nxp/MCUXpressoIDE_24.12.148/ide/plugins/com.nxp.mcuxpresso.tools.win32_24.12.0.202407110909/tools/bin/../lib/gcc/arm-none-eabi/13.2.1/../../../../arm-none-eabi/lib/thumb/v8-m.main/nofp\libcr_c.a(scanf.o)
                0x00006074                strtol
 .text.atof     0x000060f4       0x14 C:/nxp/MCUXpressoIDE_24.12.148/ide/plugins/com.nxp.mcuxpresso.tools.win32_24.12.0.202407110909/tools/bin/../lib/gcc/arm-none-eabi/13.2.1/../../../../arm-none-eabi/lib/thumb/v8-m.main/nofp\libcr_c.a(scanf.o)
                0x000060f4                atof
 .text.atoi     0x00006108       0x18 C:/nxp/MCUXpressoIDE_24.12.148/ide/plugins/com.nxp.mcuxpresso.tools.win32_24.12.0.202407110909/tools/bin/../lib/gcc/arm-none-eabi/13.2.1/../../../../arm-none-eabi/lib/thumb/v8-m.main/nofp\libcr_c.a(scanf.o)
                0x00006108                atoi
 .text.__filbuf
                0x00006120      0x178 C:/nxp/MCUXpressoIDE_24.12.148/ide/plugins/com.nxp.mcuxpresso.tools.win32_24.12.0.202407110909/tools/bin/../lib/gcc/arm-none-eabi/13.2.1/../../../../arm-none-eabi/lib/thumb/v8-m.main/nofp\libcr_c.a(__fillbuf.o)
                0x00006120                __filbuf
 .text._ldexpl  0x00006298       0x48 C:/nxp/MCUXpressoIDE_24.12.148/ide/plugins/com.nxp.mcuxpresso.tools.win32_24.12.0.202407110909/tools/bin/../lib/gcc/arm-none-eabi/13.2.1/../../../../arm-none-eabi/lib/thumb/v8-m.main/nofp\libcr_c.a(_ldexpl.o)
                0x00006298                _ldexpl
 .text._Cwritebuf
                0x000062e0       0x6c C:/nxp/MCUXpressoIDE_24.12.148/ide/plugins/com.nxp.mcuxpresso.tools.win32_24.12.0.202407110909/tools/bin/../lib/gcc/arm-none-eabi/13.2.1/../../../../arm-none-eabi/lib/thumb/v8-m.main/nofp\libcr_c.a(_writebuf.o)
                0x000062e0                _Cwritebuf
 .text.malloc   0x0000634c       0xc8 C:/nxp/MCUXpressoIDE_24.12.148/ide/plugins/com.nxp.mcuxpresso.tools.win32_24.12.0.202407110909/tools/bin/../lib/gcc/arm-none-eabi/13.2.1/../../../../arm-none-eabi/lib/thumb/v8-m.main/nofp\libcr_c.a(alloc.o)
                0x0000634c                malloc
 .text._Csys_alloc
                0x00006414       0x20 C:/nxp/MCUXpressoIDE_24.12.148/ide/plugins/com.nxp.mcuxpresso.tools.win32_24.12.0.202407110909/tools/bin/../lib/gcc/arm-none-eabi/13.2.1/../../../../arm-none-eabi/lib/thumb/v8-m.main/nofp\libcr_c.a(alloc.o)
                0x00006414                _Csys_alloc
 .text.fflush   0x00006434       0x3c C:/nxp/MCUXpressoIDE_24.12.148/ide/plugins/com.nxp.mcuxpresso.tools.win32_24.12.0.202407110909/tools/bin/../lib/gcc/arm-none-eabi/13.2.1/../../../../arm-none-eabi/lib/thumb/v8-m.main/nofp\libcr_c.a(fflush.o)
                0x00006434                fflush
 .text.fseek    0x00006470       0xf8 C:/nxp/MCUXpressoIDE_24.12.148/ide/plugins/com.nxp.mcuxpresso.tools.win32_24.12.0.202407110909/tools/bin/../lib/gcc/arm-none-eabi/13.2.1/../../../../arm-none-eabi/lib/thumb/v8-m.main/nofp\libcr_c.a(fseek.o)
                0x00006470                fseek
 .text.ftell    0x00006568       0x44 C:/nxp/MCUXpressoIDE_24.12.148/ide/plugins/com.nxp.mcuxpresso.tools.win32_24.12.0.202407110909/tools/bin/../lib/gcc/arm-none-eabi/13.2.1/../../../../arm-none-eabi/lib/thumb/v8-m.main/nofp\libcr_c.a(ftell.o)
                0x00006568                ftell
 .text._sbrk    0x000065ac       0x3c C:/nxp/MCUXpressoIDE_24.12.148/ide/plugins/com.nxp.mcuxpresso.tools.win32_24.12.0.202407110909/tools/bin/../lib/gcc/arm-none-eabi/13.2.1/../../../../arm-none-eabi/lib/thumb/v8-m.main/nofp\libcr_c.a(_cr_sbrk.o)
                0x000065ac                _sbrk
 .text.__check_heap_overflow
                0x000065e8       0x18 C:/nxp/MCUXpressoIDE_24.12.148/ide/plugins/com.nxp.mcuxpresso.tools.win32_24.12.0.202407110909/tools/bin/../lib/gcc/arm-none-eabi/13.2.1/../../../../arm-none-eabi/lib/thumb/v8-m.main/nofp\libcr_c.a(_cr_check_heap.o)
                0x000065e8                __check_heap_overflow
 .text.__aeabi_dmul
                0x00006600       0xfc C:/nxp/MCUXpressoIDE_24.12.148/ide/plugins/com.nxp.mcuxpresso.tools.win32_24.12.0.202407110909/tools/bin/../lib/gcc/arm-none-eabi/13.2.1/thumb/v8-m.main/nofp\libcr_eabihelpers.a(double.o)
                0x00006600                __aeabi_dmul
 .text.__aeabi_ddiv
                0x000066fc      0x134 C:/nxp/MCUXpressoIDE_24.12.148/ide/plugins/com.nxp.mcuxpresso.tools.win32_24.12.0.202407110909/tools/bin/../lib/gcc/arm-none-eabi/13.2.1/thumb/v8-m.main/nofp\libcr_eabihelpers.a(double.o)
                0x000066fc                __aeabi_ddiv
 .text.__aeabi_dsub
                0x00006830      0x1b4 C:/nxp/MCUXpressoIDE_24.12.148/ide/plugins/com.nxp.mcuxpresso.tools.win32_24.12.0.202407110909/tools/bin/../lib/gcc/arm-none-eabi/13.2.1/thumb/v8-m.main/nofp\libcr_eabihelpers.a(double.o)
                0x00006830                __aeabi_dsub
 .text.__aeabi_dadd
                0x000069e4      0x118 C:/nxp/MCUXpressoIDE_24.12.148/ide/plugins/com.nxp.mcuxpresso.tools.win32_24.12.0.202407110909/tools/bin/../lib/gcc/arm-none-eabi/13.2.1/thumb/v8-m.main/nofp\libcr_eabihelpers.a(double.o)
                0x000069e4                __aeabi_dadd
 .text.__aeabi_d2f
                0x00006afc       0x58 C:/nxp/MCUXpressoIDE_24.12.148/ide/plugins/com.nxp.mcuxpresso.tools.win32_24.12.0.202407110909/tools/bin/../lib/gcc/arm-none-eabi/13.2.1/thumb/v8-m.main/nofp\libcr_eabihelpers.a(double.o)
                0x00006afc                __aeabi_d2f
 .text.__aeabi_fmul
                0x00006b54       0xac C:/nxp/MCUXpressoIDE_24.12.148/ide/plugins/com.nxp.mcuxpresso.tools.win32_24.12.0.202407110909/tools/bin/../lib/gcc/arm-none-eabi/13.2.1/thumb/v8-m.main/nofp\libcr_eabihelpers.a(float.o)
                0x00006b54                __aeabi_fmul
 .text.__aeabi_fdiv
                0x00006c00       0xbc C:/nxp/MCUXpressoIDE_24.12.148/ide/plugins/com.nxp.mcuxpresso.tools.win32_24.12.0.202407110909/tools/bin/../lib/gcc/arm-none-eabi/13.2.1/thumb/v8-m.main/nofp\libcr_eabihelpers.a(float.o)
                0x00006c00                __aeabi_fdiv
 .text.__aeabi_fsub
                0x00006cbc       0xe4 C:/nxp/MCUXpressoIDE_24.12.148/ide/plugins/com.nxp.mcuxpresso.tools.win32_24.12.0.202407110909/tools/bin/../lib/gcc/arm-none-eabi/13.2.1/thumb/v8-m.main/nofp\libcr_eabihelpers.a(float.o)
                0x00006cbc                __aeabi_fsub
 .text.__aeabi_fadd
                0x00006da0       0xb8 C:/nxp/MCUXpressoIDE_24.12.148/ide/plugins/com.nxp.mcuxpresso.tools.win32_24.12.0.202407110909/tools/bin/../lib/gcc/arm-none-eabi/13.2.1/thumb/v8-m.main/nofp\libcr_eabihelpers.a(float.o)
                0x00006da0                __aeabi_fadd
 .text.__aeabi_f2d
                0x00006e58       0x38 C:/nxp/MCUXpressoIDE_24.12.148/ide/plugins/com.nxp.mcuxpresso.tools.win32_24.12.0.202407110909/tools/bin/../lib/gcc/arm-none-eabi/13.2.1/thumb/v8-m.main/nofp\libcr_eabihelpers.a(float.o)
                0x00006e58                __aeabi_f2d
 .text.__sys_appexit
                0x00006e90        0xc C:/nxp/MCUXpressoIDE_24.12.148/ide/plugins/com.nxp.mcuxpresso.tools.win32_24.12.0.202407110909/tools/bin/../lib/gcc/arm-none-eabi/13.2.1/../../../../arm-none-eabi/lib/thumb/v8-m.main/nofp\libcr_semihost_nf.a(__sys_appexit.o)
                0x00006e90                __sys_appexit
                0x00006e90                __exit
 .text.Reserved16_IRQHandler
                0x00006e9c        0x8 ./startup/startup_mcxa153.o
                0x00006e9c                Reserved16_IRQHandler
 .text.CMC_IRQHandler
                0x00006ea4        0x8 ./startup/startup_mcxa153.o
                0x00006ea4                CMC_IRQHandler
 .text.DMA_CH0_IRQHandler
                0x00006eac        0x8 ./startup/startup_mcxa153.o
                0x00006eac                DMA_CH0_IRQHandler
 .text.DMA_CH1_IRQHandler
                0x00006eb4        0x8 ./startup/startup_mcxa153.o
                0x00006eb4                DMA_CH1_IRQHandler
 .text.DMA_CH2_IRQHandler
                0x00006ebc        0x8 ./startup/startup_mcxa153.o
                0x00006ebc                DMA_CH2_IRQHandler
 .text.DMA_CH3_IRQHandler
                0x00006ec4        0x8 ./startup/startup_mcxa153.o
                0x00006ec4                DMA_CH3_IRQHandler
 .text.Reserved22_IRQHandler
                0x00006ecc        0x8 ./startup/startup_mcxa153.o
                0x00006ecc                Reserved22_IRQHandler
 .text.Reserved23_IRQHandler
                0x00006ed4        0x8 ./startup/startup_mcxa153.o
                0x00006ed4                Reserved23_IRQHandler
 .text.Reserved24_IRQHandler
                0x00006edc        0x8 ./startup/startup_mcxa153.o
                0x00006edc                Reserved24_IRQHandler
 .text.Reserved25_IRQHandler
                0x00006ee4        0x8 ./startup/startup_mcxa153.o
                0x00006ee4                Reserved25_IRQHandler
 .text.ERM0_SINGLE_BIT_IRQHandler
                0x00006eec        0x8 ./startup/startup_mcxa153.o
                0x00006eec                ERM0_SINGLE_BIT_IRQHandler
 .text.ERM0_MULTI_BIT_IRQHandler
                0x00006ef4        0x8 ./startup/startup_mcxa153.o
                0x00006ef4                ERM0_MULTI_BIT_IRQHandler
 .text.FMU0_IRQHandler
                0x00006efc        0x8 ./startup/startup_mcxa153.o
                0x00006efc                FMU0_IRQHandler
 .text.GLIKEY0_IRQHandler
                0x00006f04        0x8 ./startup/startup_mcxa153.o
                0x00006f04                GLIKEY0_IRQHandler
 .text.MBC0_IRQHandler
                0x00006f0c        0x8 ./startup/startup_mcxa153.o
                0x00006f0c                MBC0_IRQHandler
 .text.SCG0_IRQHandler
                0x00006f14        0x8 ./startup/startup_mcxa153.o
                0x00006f14                SCG0_IRQHandler
 .text.SPC0_IRQHandler
                0x00006f1c        0x8 ./startup/startup_mcxa153.o
                0x00006f1c                SPC0_IRQHandler
 .text.Reserved33_IRQHandler
                0x00006f24        0x8 ./startup/startup_mcxa153.o
                0x00006f24                Reserved33_IRQHandler
 .text.WUU0_IRQHandler
                0x00006f2c        0x8 ./startup/startup_mcxa153.o
                0x00006f2c                WUU0_IRQHandler
 .text.Reserved35_IRQHandler
                0x00006f34        0x8 ./startup/startup_mcxa153.o
                0x00006f34                Reserved35_IRQHandler
 .text.Reserved36_IRQHandler
                0x00006f3c        0x8 ./startup/startup_mcxa153.o
                0x00006f3c                Reserved36_IRQHandler
 .text.Reserved37_IRQHandler
                0x00006f44        0x8 ./startup/startup_mcxa153.o
                0x00006f44                Reserved37_IRQHandler
 .text.Reserved38_IRQHandler
                0x00006f4c        0x8 ./startup/startup_mcxa153.o
                0x00006f4c                Reserved38_IRQHandler
 .text.Reserved39_IRQHandler
                0x00006f54        0x8 ./startup/startup_mcxa153.o
                0x00006f54                Reserved39_IRQHandler
 .text.I3C0_IRQHandler
                0x00006f5c        0x8 ./startup/startup_mcxa153.o
                0x00006f5c                I3C0_IRQHandler
 .text.Reserved41_IRQHandler
                0x00006f64        0x8 ./startup/startup_mcxa153.o
                0x00006f64                Reserved41_IRQHandler
 .text.LPI2C0_IRQHandler
                0x00006f6c        0x8 ./startup/startup_mcxa153.o
                0x00006f6c                LPI2C0_IRQHandler
 .text.Reserved43_IRQHandler
                0x00006f74        0x8 ./startup/startup_mcxa153.o
                0x00006f74                Reserved43_IRQHandler
 .text.LPSPI0_IRQHandler
                0x00006f7c        0x8 ./startup/startup_mcxa153.o
                0x00006f7c                LPSPI0_IRQHandler
 .text.LPSPI1_IRQHandler
                0x00006f84        0x8 ./startup/startup_mcxa153.o
                0x00006f84                LPSPI1_IRQHandler
 .text.Reserved46_IRQHandler
                0x00006f8c        0x8 ./startup/startup_mcxa153.o
                0x00006f8c                Reserved46_IRQHandler
 .text.LPUART1_IRQHandler
                0x00006f94        0x8 ./startup/startup_mcxa153.o
                0x00006f94                LPUART1_IRQHandler
 .text.Reserved50_IRQHandler
                0x00006f9c        0x8 ./startup/startup_mcxa153.o
                0x00006f9c                Reserved50_IRQHandler
 .text.Reserved51_IRQHandler
                0x00006fa4        0x8 ./startup/startup_mcxa153.o
                0x00006fa4                Reserved51_IRQHandler
 .text.USB0_IRQHandler
                0x00006fac        0x8 ./startup/startup_mcxa153.o
                0x00006fac                USB0_IRQHandler
 .text.Reserved53_IRQHandler
                0x00006fb4        0x8 ./startup/startup_mcxa153.o
                0x00006fb4                Reserved53_IRQHandler
 .text.CDOG0_IRQHandler
                0x00006fbc        0x8 ./startup/startup_mcxa153.o
                0x00006fbc                CDOG0_IRQHandler
 .text.CTIMER0_IRQHandler
                0x00006fc4        0x8 ./startup/startup_mcxa153.o
                0x00006fc4                CTIMER0_IRQHandler
 .text.CTIMER1_IRQHandler
                0x00006fcc        0x8 ./startup/startup_mcxa153.o
                0x00006fcc                CTIMER1_IRQHandler
 .text.CTIMER2_IRQHandler
                0x00006fd4        0x8 ./startup/startup_mcxa153.o
                0x00006fd4                CTIMER2_IRQHandler
 .text.Reserved58_IRQHandler
                0x00006fdc        0x8 ./startup/startup_mcxa153.o
                0x00006fdc                Reserved58_IRQHandler
 .text.Reserved59_IRQHandler
                0x00006fe4        0x8 ./startup/startup_mcxa153.o
                0x00006fe4                Reserved59_IRQHandler
 .text.FLEXPWM0_RELOAD_ERROR_IRQHandler
                0x00006fec        0x8 ./startup/startup_mcxa153.o
                0x00006fec                FLEXPWM0_RELOAD_ERROR_IRQHandler
 .text.FLEXPWM0_FAULT_IRQHandler
                0x00006ff4        0x8 ./startup/startup_mcxa153.o
                0x00006ff4                FLEXPWM0_FAULT_IRQHandler
 .text.FLEXPWM0_SUBMODULE0_IRQHandler
                0x00006ffc        0x8 ./startup/startup_mcxa153.o
                0x00006ffc                FLEXPWM0_SUBMODULE0_IRQHandler
 .text.FLEXPWM0_SUBMODULE1_IRQHandler
                0x00007004        0x8 ./startup/startup_mcxa153.o
                0x00007004                FLEXPWM0_SUBMODULE1_IRQHandler
 .text.FLEXPWM0_SUBMODULE2_IRQHandler
                0x0000700c        0x8 ./startup/startup_mcxa153.o
                0x0000700c                FLEXPWM0_SUBMODULE2_IRQHandler
 .text.Reserved65_IRQHandler
                0x00007014        0x8 ./startup/startup_mcxa153.o
                0x00007014                Reserved65_IRQHandler
 .text.QDC0_COMPARE_IRQHandler
                0x0000701c        0x8 ./startup/startup_mcxa153.o
                0x0000701c                QDC0_COMPARE_IRQHandler
 .text.QDC0_HOME_IRQHandler
                0x00007024        0x8 ./startup/startup_mcxa153.o
                0x00007024                QDC0_HOME_IRQHandler
 .text.QDC0_WATCHDOG_IRQHandler
                0x0000702c        0x8 ./startup/startup_mcxa153.o
                0x0000702c                QDC0_WATCHDOG_IRQHandler
 .text.QDC0_INDEX_IRQHandler
                0x00007034        0x8 ./startup/startup_mcxa153.o
                0x00007034                QDC0_INDEX_IRQHandler
 .text.FREQME0_IRQHandler
                0x0000703c        0x8 ./startup/startup_mcxa153.o
                0x0000703c                FREQME0_IRQHandler
 .text.LPTMR0_IRQHandler
                0x00007044        0x8 ./startup/startup_mcxa153.o
                0x00007044                LPTMR0_IRQHandler
 .text.Reserved72_IRQHandler
                0x0000704c        0x8 ./startup/startup_mcxa153.o
                0x0000704c                Reserved72_IRQHandler
 .text.OS_EVENT_IRQHandler
                0x00007054        0x8 ./startup/startup_mcxa153.o
                0x00007054                OS_EVENT_IRQHandler
 .text.WAKETIMER0_IRQHandler
                0x0000705c        0x8 ./startup/startup_mcxa153.o
                0x0000705c                WAKETIMER0_IRQHandler
 .text.UTICK0_IRQHandler
                0x00007064        0x8 ./startup/startup_mcxa153.o
                0x00007064                UTICK0_IRQHandler
 .text.WWDT0_IRQHandler
                0x0000706c        0x8 ./startup/startup_mcxa153.o
                0x0000706c                WWDT0_IRQHandler
 .text.Reserved77_IRQHandler
                0x00007074        0x8 ./startup/startup_mcxa153.o
                0x00007074                Reserved77_IRQHandler
 .text.ADC0_IRQHandler
                0x0000707c        0x8 ./startup/startup_mcxa153.o
                0x0000707c                ADC0_IRQHandler
 .text.Reserved79_IRQHandler
                0x00007084        0x8 ./startup/startup_mcxa153.o
                0x00007084                Reserved79_IRQHandler
 .text.CMP0_IRQHandler
                0x0000708c        0x8 ./startup/startup_mcxa153.o
                0x0000708c                CMP0_IRQHandler
 .text.CMP1_IRQHandler
                0x00007094        0x8 ./startup/startup_mcxa153.o
                0x00007094                CMP1_IRQHandler
 .text.Reserved82_IRQHandler
                0x0000709c        0x8 ./startup/startup_mcxa153.o
                0x0000709c                Reserved82_IRQHandler
 .text.Reserved83_IRQHandler
                0x000070a4        0x8 ./startup/startup_mcxa153.o
                0x000070a4                Reserved83_IRQHandler
 .text.Reserved84_IRQHandler
                0x000070ac        0x8 ./startup/startup_mcxa153.o
                0x000070ac                Reserved84_IRQHandler
 .text.Reserved85_IRQHandler
                0x000070b4        0x8 ./startup/startup_mcxa153.o
                0x000070b4                Reserved85_IRQHandler
 .text.Reserved86_IRQHandler
                0x000070bc        0x8 ./startup/startup_mcxa153.o
                0x000070bc                Reserved86_IRQHandler
 .text.GPIO0_IRQHandler
                0x000070c4        0x8 ./startup/startup_mcxa153.o
                0x000070c4                GPIO0_IRQHandler
 .text.GPIO1_IRQHandler
                0x000070cc        0x8 ./startup/startup_mcxa153.o
                0x000070cc                GPIO1_IRQHandler
 .text.GPIO2_IRQHandler
                0x000070d4        0x8 ./startup/startup_mcxa153.o
                0x000070d4                GPIO2_IRQHandler
 .text.GPIO3_IRQHandler
                0x000070dc        0x8 ./startup/startup_mcxa153.o
                0x000070dc                GPIO3_IRQHandler
 .text.ld_word  0x000070e4       0x30 ./source/utils/sdCard/FatFs/ff.o
 .text.ld_dword
                0x00007114       0x44 ./source/utils/sdCard/FatFs/ff.o
 .text.st_word  0x00007158       0x34 ./source/utils/sdCard/FatFs/ff.o
 .text.st_dword
                0x0000718c       0x56 ./source/utils/sdCard/FatFs/ff.o
 .text.dbc_1st  0x000071e2       0x3e ./source/utils/sdCard/FatFs/ff.o
 .text.dbc_2nd  0x00007220       0x52 ./source/utils/sdCard/FatFs/ff.o
 .text.sync_window
                0x00007272       0x78 ./source/utils/sdCard/FatFs/ff.o
 .text.move_window
                0x000072ea       0x5a ./source/utils/sdCard/FatFs/ff.o
 .text.clst2sect
                0x00007344       0x3c ./source/utils/sdCard/FatFs/ff.o
 .text.get_fat  0x00007380      0x14e ./source/utils/sdCard/FatFs/ff.o
 .text.put_fat  0x000074ce      0x1d4 ./source/utils/sdCard/FatFs/ff.o
 .text.remove_chain
                0x000076a2       0xca ./source/utils/sdCard/FatFs/ff.o
 .text.create_chain
                0x0000776c      0x1aa ./source/utils/sdCard/FatFs/ff.o
 .text.dir_clear
                0x00007916       0x90 ./source/utils/sdCard/FatFs/ff.o
 .text.dir_sdi  0x000079a6       0xf6 ./source/utils/sdCard/FatFs/ff.o
 .text.dir_next
                0x00007a9c      0x12c ./source/utils/sdCard/FatFs/ff.o
 .text.dir_alloc
                0x00007bc8       0x8e ./source/utils/sdCard/FatFs/ff.o
 .text.ld_clust
                0x00007c56       0x3e ./source/utils/sdCard/FatFs/ff.o
 .text.st_clust
                0x00007c94       0x40 ./source/utils/sdCard/FatFs/ff.o
 .text.dir_read
                0x00007cd4       0xba ./source/utils/sdCard/FatFs/ff.o
 .text.dir_find
                0x00007d8e       0xaa ./source/utils/sdCard/FatFs/ff.o
 .text.dir_register
                0x00007e38       0x64 ./source/utils/sdCard/FatFs/ff.o
 .text.dir_remove
                0x00007e9c       0x3c ./source/utils/sdCard/FatFs/ff.o
 .text.follow_path
                0x00007ed8      0x11c ./source/utils/sdCard/FatFs/ff.o
 .text.find_volume
                0x00007ff4       0xbe ./source/utils/sdCard/FatFs/ff.o
 .text.validate
                0x000080b2       0x6a ./source/utils/sdCard/FatFs/ff.o
 .text.f_read   0x0000811c      0x21a ./source/utils/sdCard/FatFs/ff.o
                0x0000811c                f_read
 .text.f_write  0x00008336      0x2ba ./source/utils/sdCard/FatFs/ff.o
                0x00008336                f_write
 .text.f_close  0x000085f0       0x40 ./source/utils/sdCard/FatFs/ff.o
                0x000085f0                f_close
 .text.f_lseek  0x00008630      0x1fc ./source/utils/sdCard/FatFs/ff.o
                0x00008630                f_lseek
 .text.f_unlink
                0x0000882c      0x168 ./source/utils/sdCard/FatFs/ff.o
                0x0000882c                f_unlink
 .text.putc_bfd
                0x00008994       0x70 ./source/utils/sdCard/FatFs/ff.o
 .text.putc_flush
                0x00008a04       0x4a ./source/utils/sdCard/FatFs/ff.o
 .text.putc_init
                0x00008a4e       0x22 ./source/utils/sdCard/FatFs/ff.o
 .text.dly_us   0x00008a70       0x32 ./source/utils/sdCard/FatFs/sdmm.o
                0x00008a70                dly_us
 .text.wait_ready
                0x00008aa2       0x48 ./source/utils/sdCard/FatFs/sdmm.o
 .text.rcvr_datablock
                0x00008aea       0x62 ./source/utils/sdCard/FatFs/sdmm.o
 .text.xmit_datablock
                0x00008b4c       0x6a ./source/utils/sdCard/FatFs/sdmm.o
 .text.send_cmd
                0x00008bb6       0xda ./source/utils/sdCard/FatFs/sdmm.o
 .text.disk_ioctl
                0x00008c90      0x116 ./source/utils/sdCard/FatFs/sdmm.o
                0x00008c90                disk_ioctl
 .text.strsep   0x00008da6       0x78 ./source/utils/gps/gps.o
                0x00008da6                strsep
 .text.__sys_write
                0x00008e1e       0x56 ./source/utils/comProtocols/Lpuart/retarget.o
                0x00008e1e                __sys_write
 .text.__sys_readc
                0x00008e74        0xe ./source/utils/comProtocols/Lpuart/retarget.o
                0x00008e74                __sys_readc
 .text.f_init   0x00008e82       0x4a ./source/utils/comProtocols/fifo.o
                0x00008e82                f_init
 .text.f_push   0x00008ecc       0x6a ./source/utils/comProtocols/fifo.o
                0x00008ecc                f_push
 .text.f_pop    0x00008f36       0x66 ./source/utils/comProtocols/fifo.o
                0x00008f36                f_pop
 .text.f_cnt    0x00008f9c       0x16 ./source/utils/comProtocols/fifo.o
                0x00008f9c                f_cnt
 .text.HardFault_Handler
                0x00008fb2       0x36 ./source/semihost_hardfault.o
                0x00008fb2                HardFault_Handler
 .text.SystemInitHook
                0x00008fe8        0xc ./device/system_MCXA153.o
                0x00008fe8                SystemInitHook
 .text.__main   0x00008ff4        0xe C:/nxp/MCUXpressoIDE_24.12.148/ide/plugins/com.nxp.mcuxpresso.tools.win32_24.12.0.202407110909/tools/bin/../lib/gcc/arm-none-eabi/13.2.1/../../../../arm-none-eabi/lib/thumb/v8-m.main/nofp\libcr_semihost_nf.a(_cr__main.o)
                0x00008ff4                __CR_SEMIHOST
                0x00008ff4                __main
 .text.memcpy   0x00009002        0x4 C:/nxp/MCUXpressoIDE_24.12.148/ide/plugins/com.nxp.mcuxpresso.tools.win32_24.12.0.202407110909/tools/bin/../lib/gcc/arm-none-eabi/13.2.1/../../../../arm-none-eabi/lib/thumb/v8-m.main/nofp\libcr_c.a(memcpy.o)
                0x00009002                memcpy
 .text.memset   0x00009006        0x4 C:/nxp/MCUXpressoIDE_24.12.148/ide/plugins/com.nxp.mcuxpresso.tools.win32_24.12.0.202407110909/tools/bin/../lib/gcc/arm-none-eabi/13.2.1/../../../../arm-none-eabi/lib/thumb/v8-m.main/nofp\libcr_c.a(memset.o)
                0x00009006                memset
 .text.fabs     0x0000900a       0x1c C:/nxp/MCUXpressoIDE_24.12.148/ide/plugins/com.nxp.mcuxpresso.tools.win32_24.12.0.202407110909/tools/bin/../lib/gcc/arm-none-eabi/13.2.1/../../../../arm-none-eabi/lib/thumb/v8-m.main/nofp\libcr_c.a(fabs.o)
                0x0000900a                fabs
 .text.fp_round
                0x00009026       0x4c C:/nxp/MCUXpressoIDE_24.12.148/ide/plugins/com.nxp.mcuxpresso.tools.win32_24.12.0.202407110909/tools/bin/../lib/gcc/arm-none-eabi/13.2.1/../../../../arm-none-eabi/lib/thumb/v8-m.main/nofp\libcr_c.a(fpprintf.o)
 .text.pr_dec.constprop.0
                0x00009072       0x24 C:/nxp/MCUXpressoIDE_24.12.148/ide/plugins/com.nxp.mcuxpresso.tools.win32_24.12.0.202407110909/tools/bin/../lib/gcc/arm-none-eabi/13.2.1/../../../../arm-none-eabi/lib/thumb/v8-m.main/nofp\libcr_c.a(fpprintf.o)
 .text.memcmp   0x00009096       0x42 C:/nxp/MCUXpressoIDE_24.12.148/ide/plugins/com.nxp.mcuxpresso.tools.win32_24.12.0.202407110909/tools/bin/../lib/gcc/arm-none-eabi/13.2.1/../../../../arm-none-eabi/lib/thumb/v8-m.main/nofp\libcr_c.a(memcmp.o)
                0x00009096                memcmp
 .text.sscanf   0x000090d8       0x3e C:/nxp/MCUXpressoIDE_24.12.148/ide/plugins/com.nxp.mcuxpresso.tools.win32_24.12.0.202407110909/tools/bin/../lib/gcc/arm-none-eabi/13.2.1/../../../../arm-none-eabi/lib/thumb/v8-m.main/nofp\libcr_c.a(scanf.o)
                0x000090d8                sscanf
 .text.setvbuf  0x00009116       0x3e C:/nxp/MCUXpressoIDE_24.12.148/ide/plugins/com.nxp.mcuxpresso.tools.win32_24.12.0.202407110909/tools/bin/../lib/gcc/arm-none-eabi/13.2.1/../../../../arm-none-eabi/lib/thumb/v8-m.main/nofp\libcr_c.a(setvbuf.o)
                0x00009116                setvbuf
 .text.sin      0x00009154       0x38 C:/nxp/MCUXpressoIDE_24.12.148/ide/plugins/com.nxp.mcuxpresso.tools.win32_24.12.0.202407110909/tools/bin/../lib/gcc/arm-none-eabi/13.2.1/../../../../arm-none-eabi/lib/thumb/v8-m.main/nofp\libcr_c.a(sin.o)
                0x00009154                sin
 .text.strchr   0x0000918c       0x18 C:/nxp/MCUXpressoIDE_24.12.148/ide/plugins/com.nxp.mcuxpresso.tools.win32_24.12.0.202407110909/tools/bin/../lib/gcc/arm-none-eabi/13.2.1/../../../../arm-none-eabi/lib/thumb/v8-m.main/nofp\libcr_c.a(strchr.o)
                0x0000918c                strchr
 .text.strlen   0x000091a4       0x4e C:/nxp/MCUXpressoIDE_24.12.148/ide/plugins/com.nxp.mcuxpresso.tools.win32_24.12.0.202407110909/tools/bin/../lib/gcc/arm-none-eabi/13.2.1/../../../../arm-none-eabi/lib/thumb/v8-m.main/nofp\libcr_c.a(strlen.o)
                0x000091a4                strlen
 .text.strncat  0x000091f2       0x28 C:/nxp/MCUXpressoIDE_24.12.148/ide/plugins/com.nxp.mcuxpresso.tools.win32_24.12.0.202407110909/tools/bin/../lib/gcc/arm-none-eabi/13.2.1/../../../../arm-none-eabi/lib/thumb/v8-m.main/nofp\libcr_c.a(strncat.o)
                0x000091f2                strncat
 .text.strncmp  0x0000921a       0x54 C:/nxp/MCUXpressoIDE_24.12.148/ide/plugins/com.nxp.mcuxpresso.tools.win32_24.12.0.202407110909/tools/bin/../lib/gcc/arm-none-eabi/13.2.1/../../../../arm-none-eabi/lib/thumb/v8-m.main/nofp\libcr_c.a(strncmp.o)
                0x0000921a                strncmp
 .text.strpbrk  0x0000926e       0x20 C:/nxp/MCUXpressoIDE_24.12.148/ide/plugins/com.nxp.mcuxpresso.tools.win32_24.12.0.202407110909/tools/bin/../lib/gcc/arm-none-eabi/13.2.1/../../../../arm-none-eabi/lib/thumb/v8-m.main/nofp\libcr_c.a(strpbrk.o)
                0x0000926e                strpbrk
 .text.ungetc   0x0000928e       0x32 C:/nxp/MCUXpressoIDE_24.12.148/ide/plugins/com.nxp.mcuxpresso.tools.win32_24.12.0.202407110909/tools/bin/../lib/gcc/arm-none-eabi/13.2.1/../../../../arm-none-eabi/lib/thumb/v8-m.main/nofp\libcr_c.a(ungetc.o)
                0x0000928e                ungetc
 .text._Csys_read_
                0x000092c0       0x22 C:/nxp/MCUXpressoIDE_24.12.148/ide/plugins/com.nxp.mcuxpresso.tools.win32_24.12.0.202407110909/tools/bin/../lib/gcc/arm-none-eabi/13.2.1/../../../../arm-none-eabi/lib/thumb/v8-m.main/nofp\libcr_c.a(__fillbuf.o)
                0x000092c0                _Csys_read_
 .text._deferredlazyseek
                0x000092e2       0x40 C:/nxp/MCUXpressoIDE_24.12.148/ide/plugins/com.nxp.mcuxpresso.tools.win32_24.12.0.202407110909/tools/bin/../lib/gcc/arm-none-eabi/13.2.1/../../../../arm-none-eabi/lib/thumb/v8-m.main/nofp\libcr_c.a(_deferredlazyseek.o)
                0x000092e2                _deferredlazyseek
 .text.__flsbuf
                0x00009322      0x126 C:/nxp/MCUXpressoIDE_24.12.148/ide/plugins/com.nxp.mcuxpresso.tools.win32_24.12.0.202407110909/tools/bin/../lib/gcc/arm-none-eabi/13.2.1/../../../../arm-none-eabi/lib/thumb/v8-m.main/nofp\libcr_c.a(_deferredlazyseek.o)
                0x00009322                __flsbuf
 .text._fdopen  0x00009448       0x68 C:/nxp/MCUXpressoIDE_24.12.148/ide/plugins/com.nxp.mcuxpresso.tools.win32_24.12.0.202407110909/tools/bin/../lib/gcc/arm-none-eabi/13.2.1/../../../../arm-none-eabi/lib/thumb/v8-m.main/nofp\libcr_c.a(_fdopen.o)
                0x00009448                _fdopen
 .text._fflush  0x000094b0       0x52 C:/nxp/MCUXpressoIDE_24.12.148/ide/plugins/com.nxp.mcuxpresso.tools.win32_24.12.0.202407110909/tools/bin/../lib/gcc/arm-none-eabi/13.2.1/../../../../arm-none-eabi/lib/thumb/v8-m.main/nofp\libcr_c.a(_fflush.o)
                0x000094b0                _fflush
 .text._frexpl  0x00009502       0x5a C:/nxp/MCUXpressoIDE_24.12.148/ide/plugins/com.nxp.mcuxpresso.tools.win32_24.12.0.202407110909/tools/bin/../lib/gcc/arm-none-eabi/13.2.1/../../../../arm-none-eabi/lib/thumb/v8-m.main/nofp\libcr_c.a(_frexpl.o)
                0x00009502                _frexpl
 .text.free     0x0000955c       0x30 C:/nxp/MCUXpressoIDE_24.12.148/ide/plugins/com.nxp.mcuxpresso.tools.win32_24.12.0.202407110909/tools/bin/../lib/gcc/arm-none-eabi/13.2.1/../../../../arm-none-eabi/lib/thumb/v8-m.main/nofp\libcr_c.a(alloc.o)
                0x0000955c                free
 .text.fclose   0x0000958c       0x58 C:/nxp/MCUXpressoIDE_24.12.148/ide/plugins/com.nxp.mcuxpresso.tools.win32_24.12.0.202407110909/tools/bin/../lib/gcc/arm-none-eabi/13.2.1/../../../../arm-none-eabi/lib/thumb/v8-m.main/nofp\libcr_c.a(fclose.o)
                0x0000958c                fclose
 .text.remove   0x000095e4       0x14 C:/nxp/MCUXpressoIDE_24.12.148/ide/plugins/com.nxp.mcuxpresso.tools.win32_24.12.0.202407110909/tools/bin/../lib/gcc/arm-none-eabi/13.2.1/../../../../arm-none-eabi/lib/thumb/v8-m.main/nofp\libcr_c.a(remove.o)
                0x000095e4                remove
 .text._do_fflush
                0x000095f8       0x40 C:/nxp/MCUXpressoIDE_24.12.148/ide/plugins/com.nxp.mcuxpresso.tools.win32_24.12.0.202407110909/tools/bin/../lib/gcc/arm-none-eabi/13.2.1/../../../../arm-none-eabi/lib/thumb/v8-m.main/nofp\libcr_c.a(_do_fflush.o)
                0x000095f8                _do_fflush
 .text.__aeabi_division_uldivmod
                0x00009638      0x174 C:/nxp/MCUXpressoIDE_24.12.148/ide/plugins/com.nxp.mcuxpresso.tools.win32_24.12.0.202407110909/tools/bin/../lib/gcc/arm-none-eabi/13.2.1/thumb/v8-m.main/nofp\libcr_eabihelpers.a(division_64.o)
                0x00009638                __aeabi_uldivmod
                0x0000963c                __bhs_ldivmod1
 .text.__aeabi_division_idiv0
                0x000097ac        0x2 C:/nxp/MCUXpressoIDE_24.12.148/ide/plugins/com.nxp.mcuxpresso.tools.win32_24.12.0.202407110909/tools/bin/../lib/gcc/arm-none-eabi/13.2.1/thumb/v8-m.main/nofp\libcr_eabihelpers.a(division_idiv0.o)
                0x000097ac                __aeabi_idiv0
 .text.__aeabi_d2iz
                0x000097ae       0x42 C:/nxp/MCUXpressoIDE_24.12.148/ide/plugins/com.nxp.mcuxpresso.tools.win32_24.12.0.202407110909/tools/bin/../lib/gcc/arm-none-eabi/13.2.1/thumb/v8-m.main/nofp\libcr_eabihelpers.a(double.o)
                0x000097ae                __aeabi_d2iz
 .text.__bhs_ui2d
                0x000097f0       0x46 C:/nxp/MCUXpressoIDE_24.12.148/ide/plugins/com.nxp.mcuxpresso.tools.win32_24.12.0.202407110909/tools/bin/../lib/gcc/arm-none-eabi/13.2.1/thumb/v8-m.main/nofp\libcr_eabihelpers.a(double.o)
                0x000097f0                __bhs_ui2d
 .text.__aeabi_i2d
                0x00009836       0x10 C:/nxp/MCUXpressoIDE_24.12.148/ide/plugins/com.nxp.mcuxpresso.tools.win32_24.12.0.202407110909/tools/bin/../lib/gcc/arm-none-eabi/13.2.1/thumb/v8-m.main/nofp\libcr_eabihelpers.a(double.o)
                0x00009836                __aeabi_i2d
 .text.__aeabi_dcmpeq
                0x00009846       0x30 C:/nxp/MCUXpressoIDE_24.12.148/ide/plugins/com.nxp.mcuxpresso.tools.win32_24.12.0.202407110909/tools/bin/../lib/gcc/arm-none-eabi/13.2.1/thumb/v8-m.main/nofp\libcr_eabihelpers.a(double.o)
                0x00009846                __aeabi_dcmpeq
 .text.__aeabi_dcmplt
                0x00009876       0x56 C:/nxp/MCUXpressoIDE_24.12.148/ide/plugins/com.nxp.mcuxpresso.tools.win32_24.12.0.202407110909/tools/bin/../lib/gcc/arm-none-eabi/13.2.1/thumb/v8-m.main/nofp\libcr_eabihelpers.a(double.o)
                0x00009876                __aeabi_dcmplt
 .text.__aeabi_dcmpgt
                0x000098cc       0x56 C:/nxp/MCUXpressoIDE_24.12.148/ide/plugins/com.nxp.mcuxpresso.tools.win32_24.12.0.202407110909/tools/bin/../lib/gcc/arm-none-eabi/13.2.1/thumb/v8-m.main/nofp\libcr_eabihelpers.a(double.o)
                0x000098cc                __aeabi_dcmpgt
 .text.__aeabi_dcmple
                0x00009922       0x54 C:/nxp/MCUXpressoIDE_24.12.148/ide/plugins/com.nxp.mcuxpresso.tools.win32_24.12.0.202407110909/tools/bin/../lib/gcc/arm-none-eabi/13.2.1/thumb/v8-m.main/nofp\libcr_eabihelpers.a(double.o)
                0x00009922                __aeabi_dcmple
 .text.__aeabi_dcmpge
                0x00009976       0x5a C:/nxp/MCUXpressoIDE_24.12.148/ide/plugins/com.nxp.mcuxpresso.tools.win32_24.12.0.202407110909/tools/bin/../lib/gcc/arm-none-eabi/13.2.1/thumb/v8-m.main/nofp\libcr_eabihelpers.a(double.o)
                0x00009976                __aeabi_dcmpge
 .text.__aeabi_f2iz
                0x000099d0       0x34 C:/nxp/MCUXpressoIDE_24.12.148/ide/plugins/com.nxp.mcuxpresso.tools.win32_24.12.0.202407110909/tools/bin/../lib/gcc/arm-none-eabi/13.2.1/thumb/v8-m.main/nofp\libcr_eabihelpers.a(float.o)
                0x000099d0                __aeabi_f2iz
 .text.__aeabi_f2uiz
                0x00009a04       0x26 C:/nxp/MCUXpressoIDE_24.12.148/ide/plugins/com.nxp.mcuxpresso.tools.win32_24.12.0.202407110909/tools/bin/../lib/gcc/arm-none-eabi/13.2.1/thumb/v8-m.main/nofp\libcr_eabihelpers.a(float.o)
                0x00009a04                __aeabi_f2uiz
 .text.__bhs_ui2f
                0x00009a2a       0x26 C:/nxp/MCUXpressoIDE_24.12.148/ide/plugins/com.nxp.mcuxpresso.tools.win32_24.12.0.202407110909/tools/bin/../lib/gcc/arm-none-eabi/13.2.1/thumb/v8-m.main/nofp\libcr_eabihelpers.a(float.o)
                0x00009a2a                __bhs_ui2f
 .text.__aeabi_i2f
                0x00009a50       0x10 C:/nxp/MCUXpressoIDE_24.12.148/ide/plugins/com.nxp.mcuxpresso.tools.win32_24.12.0.202407110909/tools/bin/../lib/gcc/arm-none-eabi/13.2.1/thumb/v8-m.main/nofp\libcr_eabihelpers.a(float.o)
                0x00009a50                __aeabi_i2f
 .text.__aeabi_ui2f
                0x00009a60        0x8 C:/nxp/MCUXpressoIDE_24.12.148/ide/plugins/com.nxp.mcuxpresso.tools.win32_24.12.0.202407110909/tools/bin/../lib/gcc/arm-none-eabi/13.2.1/thumb/v8-m.main/nofp\libcr_eabihelpers.a(float.o)
                0x00009a60                __aeabi_ui2f
 .text.__aeabi_fcmpeq
                0x00009a68       0x1e C:/nxp/MCUXpressoIDE_24.12.148/ide/plugins/com.nxp.mcuxpresso.tools.win32_24.12.0.202407110909/tools/bin/../lib/gcc/arm-none-eabi/13.2.1/thumb/v8-m.main/nofp\libcr_eabihelpers.a(float.o)
                0x00009a68                __aeabi_fcmpeq
 .text.__aeabi_fcmplt
                0x00009a86       0x3a C:/nxp/MCUXpressoIDE_24.12.148/ide/plugins/com.nxp.mcuxpresso.tools.win32_24.12.0.202407110909/tools/bin/../lib/gcc/arm-none-eabi/13.2.1/thumb/v8-m.main/nofp\libcr_eabihelpers.a(float.o)
                0x00009a86                __aeabi_fcmplt
 .text.__aeabi_memcpy
                0x00009ac0       0x34 C:/nxp/MCUXpressoIDE_24.12.148/ide/plugins/com.nxp.mcuxpresso.tools.win32_24.12.0.202407110909/tools/bin/../lib/gcc/arm-none-eabi/13.2.1/thumb/v8-m.main/nofp\libcr_eabihelpers.a(memcpy.o)
                0x00009ac0                __aeabi_memcpy
                0x00009aca                __aeabi_memcpy8
                0x00009aca                __aeabi_memcpy4
 .text.__aeabi_memset_lowlevel
                0x00009af4       0x32 C:/nxp/MCUXpressoIDE_24.12.148/ide/plugins/com.nxp.mcuxpresso.tools.win32_24.12.0.202407110909/tools/bin/../lib/gcc/arm-none-eabi/13.2.1/thumb/v8-m.main/nofp\libcr_eabihelpers.a(memcpy.o)
                0x00009af4                __aeabi_lowlevel_memset
 .text.__sys_close
                0x00009b26        0xc C:/nxp/MCUXpressoIDE_24.12.148/ide/plugins/com.nxp.mcuxpresso.tools.win32_24.12.0.202407110909/tools/bin/../lib/gcc/arm-none-eabi/13.2.1/../../../../arm-none-eabi/lib/thumb/v8-m.main/nofp\libcr_semihost_nf.a(__sys_close.o)
                0x00009b26                __sys_close
 .text.__sys_flen
                0x00009b32        0xc C:/nxp/MCUXpressoIDE_24.12.148/ide/plugins/com.nxp.mcuxpresso.tools.win32_24.12.0.202407110909/tools/bin/../lib/gcc/arm-none-eabi/13.2.1/../../../../arm-none-eabi/lib/thumb/v8-m.main/nofp\libcr_semihost_nf.a(__sys_flen.o)
                0x00009b32                __sys_flen
 .text.__sys_istty
                0x00009b3e        0xc C:/nxp/MCUXpressoIDE_24.12.148/ide/plugins/com.nxp.mcuxpresso.tools.win32_24.12.0.202407110909/tools/bin/../lib/gcc/arm-none-eabi/13.2.1/../../../../arm-none-eabi/lib/thumb/v8-m.main/nofp\libcr_semihost_nf.a(__sys_istty.o)
                0x00009b3e                __sys_istty
 .text.__sys_read
                0x00009b4a        0xc C:/nxp/MCUXpressoIDE_24.12.148/ide/plugins/com.nxp.mcuxpresso.tools.win32_24.12.0.202407110909/tools/bin/../lib/gcc/arm-none-eabi/13.2.1/../../../../arm-none-eabi/lib/thumb/v8-m.main/nofp\libcr_semihost_nf.a(__sys_read.o)
                0x00009b4a                __sys_read
 .text.__sys_remove
                0x00009b56        0xc C:/nxp/MCUXpressoIDE_24.12.148/ide/plugins/com.nxp.mcuxpresso.tools.win32_24.12.0.202407110909/tools/bin/../lib/gcc/arm-none-eabi/13.2.1/../../../../arm-none-eabi/lib/thumb/v8-m.main/nofp\libcr_semihost_nf.a(__sys_remove.o)
                0x00009b56                __sys_remove
 .text.__sys_seek
                0x00009b62        0xc C:/nxp/MCUXpressoIDE_24.12.148/ide/plugins/com.nxp.mcuxpresso.tools.win32_24.12.0.202407110909/tools/bin/../lib/gcc/arm-none-eabi/13.2.1/../../../../arm-none-eabi/lib/thumb/v8-m.main/nofp\libcr_semihost_nf.a(__sys_seek.o)
                0x00009b62                __sys_seek
 .text.__sys_tmpnam
                0x00009b6e        0xc C:/nxp/MCUXpressoIDE_24.12.148/ide/plugins/com.nxp.mcuxpresso.tools.win32_24.12.0.202407110909/tools/bin/../lib/gcc/arm-none-eabi/13.2.1/../../../../arm-none-eabi/lib/thumb/v8-m.main/nofp\libcr_semihost_nf.a(__sys_tmpnam.o)
                0x00009b6e                __sys_tmpnam
 *(SORT_BY_ALIGNMENT(.rodata) SORT_BY_ALIGNMENT(.rodata.*) SORT_BY_ALIGNMENT(.constdata) SORT_BY_ALIGNMENT(.constdata.*))
 *fill*         0x00009b7a        0x6 ff
 .rodata.a.0    0x00009b80       0x20 C:/nxp/MCUXpressoIDE_24.12.148/ide/plugins/com.nxp.mcuxpresso.tools.win32_24.12.0.202407110909/tools/bin/../lib/gcc/arm-none-eabi/13.2.1/../../../../arm-none-eabi/lib/thumb/v8-m.main/nofp\libcr_c.a(atan.o)
 .rodata.create_name.str1.4
                0x00009ba0      0x13e ./source/utils/sdCard/FatFs/ff.o
                                  0xf (size before relaxing)
 .rodata.check_fs.str1.4
                0x00009cde        0x9 ./source/utils/sdCard/FatFs/ff.o
 .rodata.ftoa.str1.4
                0x00009cde        0xb ./source/utils/sdCard/FatFs/ff.o
 .rodata.sdInit.str1.4
                0x00009cde       0x31 ./source/utils/sdCard/sdCard.o
 .rodata.sdWrite.str1.4
                0x00009cde        0x8 ./source/utils/sdCard/sdCard.o
 .rodata.sdLog.str1.4
                0x00009cde       0x16 ./source/utils/sdCard/sdCard.o
 .rodata.sdRead.str1.4
                0x00009cde       0x14 ./source/utils/sdCard/sdCard.o
 .rodata.gpsInit.str1.4
                0x00009cde       0x4a ./source/utils/gps/gps.o
 .rodata.updatePosition.str1.4
                0x00009cde       0x64 ./source/utils/gps/gps.o
 .rodata.parseNMEA.str1.4
                0x00009cde        0x2 ./source/utils/gps/gps.o
 *fill*         0x00009cde        0x2 ff
 .rodata.__num_Ciob_streams
                0x00009ce0        0x4 C:/nxp/MCUXpressoIDE_24.12.148/ide/plugins/com.nxp.mcuxpresso.tools.win32_24.12.0.202407110909/tools/bin/../lib/gcc/arm-none-eabi/13.2.1/../../../../arm-none-eabi/lib/thumb/v8-m.main/nofp\libcr_semihost_nf.a(__ciob.o)
                0x00009ce0                __num_Ciob_streams
 .rodata.fp_display.str1.1
                0x00009ce4       0x87 C:/nxp/MCUXpressoIDE_24.12.148/ide/plugins/com.nxp.mcuxpresso.tools.win32_24.12.0.202407110909/tools/bin/../lib/gcc/arm-none-eabi/13.2.1/../../../../arm-none-eabi/lib/thumb/v8-m.main/nofp\libcr_c.a(fpprintf.o)
                                 0x35 (size before relaxing)
 .rodata._initio.str1.1
                0x00009d6b        0x4 C:/nxp/MCUXpressoIDE_24.12.148/ide/plugins/com.nxp.mcuxpresso.tools.win32_24.12.0.202407110909/tools/bin/../lib/gcc/arm-none-eabi/13.2.1/../../../../arm-none-eabi/lib/thumb/v8-m.main/nofp\libcr_c.a(initio.o)
 .rodata.__vfprintf.str1.1
                0x00009d6b       0x38 C:/nxp/MCUXpressoIDE_24.12.148/ide/plugins/com.nxp.mcuxpresso.tools.win32_24.12.0.202407110909/tools/bin/../lib/gcc/arm-none-eabi/13.2.1/../../../../arm-none-eabi/lib/thumb/v8-m.main/nofp\libcr_c.a(printf.o)
 .rodata.strtod.str1.1
                0x00009d6b        0x6 C:/nxp/MCUXpressoIDE_24.12.148/ide/plugins/com.nxp.mcuxpresso.tools.win32_24.12.0.202407110909/tools/bin/../lib/gcc/arm-none-eabi/13.2.1/../../../../arm-none-eabi/lib/thumb/v8-m.main/nofp\libcr_c.a(scanf.o)
 .rodata._Csys_alloc.str1.1
                0x00009d6b       0x18 C:/nxp/MCUXpressoIDE_24.12.148/ide/plugins/com.nxp.mcuxpresso.tools.win32_24.12.0.202407110909/tools/bin/../lib/gcc/arm-none-eabi/13.2.1/../../../../arm-none-eabi/lib/thumb/v8-m.main/nofp\libcr_c.a(alloc.o)
 .rodata.__ctype
                0x00009d6b      0x180 C:/nxp/MCUXpressoIDE_24.12.148/ide/plugins/com.nxp.mcuxpresso.tools.win32_24.12.0.202407110909/tools/bin/../lib/gcc/arm-none-eabi/13.2.1/../../../../arm-none-eabi/lib/thumb/v8-m.main/nofp\libcr_c.a(ctype.o)
                0x00009d6b                __ctype
                0x00009eec                        . = ALIGN (0x4)
 *fill*         0x00009eeb        0x1 ff

.glue_7         0x00009eec        0x0
 .glue_7        0x00009eec        0x0 linker stubs

.glue_7t        0x00009eec        0x0
 .glue_7t       0x00009eec        0x0 linker stubs

.vfp11_veneer   0x00009eec        0x0
 .vfp11_veneer  0x00009eec        0x0 linker stubs

.v4_bx          0x00009eec        0x0
 .v4_bx         0x00009eec        0x0 linker stubs

.iplt           0x00009eec        0x0
 .iplt          0x00009eec        0x0 ./startup/startup_mcxa153.o

.rel.dyn        0x00009eec        0x0
 .rel.iplt      0x00009eec        0x0 ./startup/startup_mcxa153.o

.ARM.extab
 *(SORT_BY_ALIGNMENT(.ARM.extab*) SORT_BY_ALIGNMENT(.gnu.linkonce.armextab.*))

.ARM.exidx      0x00009eec        0x0
                0x00009eec                        __exidx_start = .
 *(SORT_BY_ALIGNMENT(.ARM.exidx*) SORT_BY_ALIGNMENT(.gnu.linkonce.armexidx.*))
                0x00009eec                        __exidx_end = .
                0x00009eec                        _etext = .

.data_RAM2      0x04000000        0x0 load address 0x00009eec
 FILL mask 0xff
                [!provide]                        PROVIDE (__start_data_RAM2 = .)
                [!provide]                        PROVIDE (__start_data_SRAMX0 = .)
 *(SORT_BY_ALIGNMENT(.ramfunc.$RAM2))
 *(SORT_BY_ALIGNMENT(.ramfunc.$SRAMX0))
 *(SORT_BY_ALIGNMENT(.data.$RAM2))
 *(SORT_BY_ALIGNMENT(.data.$SRAMX0))
 *(SORT_BY_ALIGNMENT(.data.$RAM2.*))
 *(SORT_BY_ALIGNMENT(.data.$SRAMX0.*))
                0x04000000                        . = ALIGN (0x4)
                [!provide]                        PROVIDE (__end_data_RAM2 = .)
                [!provide]                        PROVIDE (__end_data_SRAMX0 = .)

.data_RAM3      0x04002000        0x0 load address 0x00009eec
 FILL mask 0xff
                [!provide]                        PROVIDE (__start_data_RAM3 = .)
                [!provide]                        PROVIDE (__start_data_SRAMX1 = .)
 *(SORT_BY_ALIGNMENT(.ramfunc.$RAM3))
 *(SORT_BY_ALIGNMENT(.ramfunc.$SRAMX1))
 *(SORT_BY_ALIGNMENT(.data.$RAM3))
 *(SORT_BY_ALIGNMENT(.data.$SRAMX1))
 *(SORT_BY_ALIGNMENT(.data.$RAM3.*))
 *(SORT_BY_ALIGNMENT(.data.$SRAMX1.*))
                0x04002000                        . = ALIGN (0x4)
                [!provide]                        PROVIDE (__end_data_RAM3 = .)
                [!provide]                        PROVIDE (__end_data_SRAMX1 = .)

.uninit_RESERVED
                0x20000000        0x0
                0x20000000                        _start_uninit_RESERVED = .
 *(SORT_BY_ALIGNMENT(.bss.$RESERVED*))
                0x20000000                        . = ALIGN (0x4)
                0x20000000                        _end_uninit_RESERVED = .

.data           0x20000000        0xc load address 0x00009eec
 FILL mask 0xff
                0x20000000                        _data = .
                [!provide]                        PROVIDE (__start_data_RAM = .)
                [!provide]                        PROVIDE (__start_data_SRAM = .)
 *(SORT_BY_ALIGNMENT(vtable))
 *(SORT_BY_ALIGNMENT(.ramfunc*))
 *(SORT_BY_ALIGNMENT(CodeQuickAccess))
 *(SORT_BY_ALIGNMENT(DataQuickAccess))
 *(SORT_BY_ALIGNMENT(RamFunction))
 *(SORT_BY_ALIGNMENT(.data*))
 .data.neginf.0
                0x20000000        0x4 C:/nxp/MCUXpressoIDE_24.12.148/ide/plugins/com.nxp.mcuxpresso.tools.win32_24.12.0.202407110909/tools/bin/../lib/gcc/arm-none-eabi/13.2.1/../../../../arm-none-eabi/lib/thumb/v8-m.main/nofp\libcr_c.a(scanf.o)
 .data.posinf.1
                0x20000004        0x4 C:/nxp/MCUXpressoIDE_24.12.148/ide/plugins/com.nxp.mcuxpresso.tools.win32_24.12.0.202407110909/tools/bin/../lib/gcc/arm-none-eabi/13.2.1/../../../../arm-none-eabi/lib/thumb/v8-m.main/nofp\libcr_c.a(scanf.o)
 .data.Stat     0x20000008        0x1 ./source/utils/sdCard/FatFs/sdmm.o
                0x2000000c                        . = ALIGN (0x4)
 *fill*         0x20000009        0x3 ff
                0x2000000c                        _edata = .
                [!provide]                        PROVIDE (__end_data_RAM = .)
                [!provide]                        PROVIDE (__end_data_SRAM = .)

.igot.plt       0x2000000c        0x0 load address 0x00009ef8
 .igot.plt      0x2000000c        0x0 ./startup/startup_mcxa153.o

.bss_RAM2       0x04000000        0x0
                [!provide]                        PROVIDE (__start_bss_RAM2 = .)
                [!provide]                        PROVIDE (__start_bss_SRAMX0 = .)
 *(SORT_BY_ALIGNMENT(.bss.$RAM2))
 *(SORT_BY_ALIGNMENT(.bss.$SRAMX0))
 *(SORT_BY_ALIGNMENT(.bss.$RAM2.*))
 *(SORT_BY_ALIGNMENT(.bss.$SRAMX0.*))
                0x04000000                        . = ALIGN ((. != 0x0)?0x4:0x1)
                [!provide]                        PROVIDE (__end_bss_RAM2 = .)
                [!provide]                        PROVIDE (__end_bss_SRAMX0 = .)

.bss_RAM3       0x04002000        0x0
                [!provide]                        PROVIDE (__start_bss_RAM3 = .)
                [!provide]                        PROVIDE (__start_bss_SRAMX1 = .)
 *(SORT_BY_ALIGNMENT(.bss.$RAM3))
 *(SORT_BY_ALIGNMENT(.bss.$SRAMX1))
 *(SORT_BY_ALIGNMENT(.bss.$RAM3.*))
 *(SORT_BY_ALIGNMENT(.bss.$SRAMX1.*))
                0x04002000                        . = ALIGN ((. != 0x0)?0x4:0x1)
                [!provide]                        PROVIDE (__end_bss_RAM3 = .)
                [!provide]                        PROVIDE (__end_bss_SRAMX1 = .)

.bss            0x2000000c      0x82c
                0x2000000c                        _bss = .
                [!provide]                        PROVIDE (__start_bss_RAM = .)
                [!provide]                        PROVIDE (__start_bss_SRAM = .)
 *(SORT_BY_ALIGNMENT(.bss*))
 .bss.FatFs     0x2000000c        0x4 ./source/utils/sdCard/FatFs/ff.o
 .bss.FatFs     0x20000010      0x234 ./source/utils/sdCard/sdCard.o
                0x20000010                FatFs
 .bss.Fil       0x20000244       0x28 ./source/utils/sdCard/sdCard.o
                0x20000244                Fil
 .bss.br        0x2000026c        0x4 ./source/utils/sdCard/sdCard.o
                0x2000026c                br
 .bss.readBuf   0x20000270      0x200 ./source/utils/sdCard/sdCard.o
                0x20000270                readBuf
 .bss.buffer    0x20000470       0x80 ./source/utils/gps/gps.o
                0x20000470                buffer
 .bss.targetCoordinates
                0x200004f0        0xc ./source/utils/gps/gps.o
                0x200004f0                targetCoordinates
 .bss.boxCoordinates
                0x200004fc        0xc ./source/utils/gps/gps.o
                0x200004fc                boxCoordinates
 .bss.tx        0x20000508       0x18 ./source/utils/comProtocols/Lpuart/lpuart0_interrupt.o
 .bss.rx        0x20000520       0x18 ./source/utils/comProtocols/Lpuart/lpuart0_interrupt.o
 .bss.tx_buffer
                0x20000538       0x80 ./source/utils/comProtocols/Lpuart/lpuart0_interrupt.o
 .bss.rx_buffer
                0x200005b8       0x80 ./source/utils/comProtocols/Lpuart/lpuart0_interrupt.o
 .bss.tx        0x20000638       0x18 ./source/utils/comProtocols/Lpuart/lpuart2_interrupt.o
 .bss.rx        0x20000650       0x18 ./source/utils/comProtocols/Lpuart/lpuart2_interrupt.o
 .bss.tx_buffer
                0x20000668       0x80 ./source/utils/comProtocols/Lpuart/lpuart2_interrupt.o
 .bss.rx_buffer
                0x200006e8       0x80 ./source/utils/comProtocols/Lpuart/lpuart2_interrupt.o
 .bss.ms        0x20000768        0x4 ./source/main.o
                0x20000768                ms
 .bss.won       0x2000076c        0x4 ./source/main.o
                0x2000076c                won
 .bss.errno     0x20000770        0x4 C:/nxp/MCUXpressoIDE_24.12.148/ide/plugins/com.nxp.mcuxpresso.tools.win32_24.12.0.202407110909/tools/bin/../lib/gcc/arm-none-eabi/13.2.1/../../../../arm-none-eabi/lib/thumb/v8-m.main/nofp\libcr_c.a(errno.o)
                0x20000770                errno
 .bss.__end_of_heap
                0x20000774        0x4 C:/nxp/MCUXpressoIDE_24.12.148/ide/plugins/com.nxp.mcuxpresso.tools.win32_24.12.0.202407110909/tools/bin/../lib/gcc/arm-none-eabi/13.2.1/../../../../arm-none-eabi/lib/thumb/v8-m.main/nofp\libcr_c.a(__init_alloc.o)
                0x20000774                __end_of_heap
 .bss.__heaps   0x20000778        0x4 C:/nxp/MCUXpressoIDE_24.12.148/ide/plugins/com.nxp.mcuxpresso.tools.win32_24.12.0.202407110909/tools/bin/../lib/gcc/arm-none-eabi/13.2.1/../../../../arm-none-eabi/lib/thumb/v8-m.main/nofp\libcr_c.a(__init_alloc.o)
                0x20000778                __heaps
 .bss.__Ciob    0x2000077c       0xb4 C:/nxp/MCUXpressoIDE_24.12.148/ide/plugins/com.nxp.mcuxpresso.tools.win32_24.12.0.202407110909/tools/bin/../lib/gcc/arm-none-eabi/13.2.1/../../../../arm-none-eabi/lib/thumb/v8-m.main/nofp\libcr_semihost_nf.a(__ciob.o)
                0x2000077c                __Ciob
 .bss.Fsid      0x20000830        0x2 ./source/utils/sdCard/FatFs/ff.o
 .bss.CurrVol   0x20000832        0x1 ./source/utils/sdCard/FatFs/ff.o
 .bss.CardType  0x20000833        0x1 ./source/utils/sdCard/FatFs/sdmm.o
 .bss.fr        0x20000834        0x1 ./source/utils/sdCard/sdCard.o
                0x20000834                fr
 .bss.successFlag
                0x20000835        0x1 ./source/games/gpsGame/gpsGame.o
                0x20000835                successFlag
 *(SORT_BY_ALIGNMENT(COMMON))
                0x20000838                        . = ALIGN (0x4)
 *fill*         0x20000836        0x2 
                0x20000838                        _ebss = .
                [!provide]                        PROVIDE (__end_bss_RAM = .)
                [!provide]                        PROVIDE (__end_bss_SRAM = .)
                [!provide]                        PROVIDE (end = .)

.noinit_RAM2    0x04000000        0x0
                [!provide]                        PROVIDE (__start_noinit_RAM2 = .)
                [!provide]                        PROVIDE (__start_noinit_SRAMX0 = .)
 *(SORT_BY_ALIGNMENT(.noinit.$RAM2))
 *(SORT_BY_ALIGNMENT(.noinit.$SRAMX0))
 *(SORT_BY_ALIGNMENT(.noinit.$RAM2.*))
 *(SORT_BY_ALIGNMENT(.noinit.$SRAMX0.*))
                0x04000000                        . = ALIGN (0x4)
                [!provide]                        PROVIDE (__end_noinit_RAM2 = .)
                [!provide]                        PROVIDE (__end_noinit_SRAMX0 = .)

.noinit_RAM3    0x04002000        0x0
                [!provide]                        PROVIDE (__start_noinit_RAM3 = .)
                [!provide]                        PROVIDE (__start_noinit_SRAMX1 = .)
 *(SORT_BY_ALIGNMENT(.noinit.$RAM3))
 *(SORT_BY_ALIGNMENT(.noinit.$SRAMX1))
 *(SORT_BY_ALIGNMENT(.noinit.$RAM3.*))
 *(SORT_BY_ALIGNMENT(.noinit.$SRAMX1.*))
                0x04002000                        . = ALIGN (0x4)
                [!provide]                        PROVIDE (__end_noinit_RAM3 = .)
                [!provide]                        PROVIDE (__end_noinit_SRAMX1 = .)

.noinit         0x20000838        0x0
                0x20000838                        _noinit = .
                [!provide]                        PROVIDE (__start_noinit_RAM = .)
                [!provide]                        PROVIDE (__start_noinit_SRAM = .)
 *(SORT_BY_ALIGNMENT(.noinit*))
                0x20000838                        . = ALIGN (0x4)
                0x20000838                        _end_noinit = .
                [!provide]                        PROVIDE (__end_noinit_RAM = .)
                [!provide]                        PROVIDE (__end_noinit_SRAM = .)
                0x00000600                        _HeapSize = 0x600

.heap           0x20000838      0x600
                0x20000838                        _pvHeapStart = .
                0x20000e38                        . = (. + _HeapSize)
 *fill*         0x20000838      0x600 
                0x20000e38                        . = ALIGN (0x4)
                0x20000e38                        _pvHeapLimit = .
                0x00000600                        _StackSize = 0x600

.heap2stackfill
                0x20000e38      0x600
                0x20001438                        . = (. + _StackSize)
 *fill*         0x20000e38      0x600 

.stack          0x20005a00        0x0
                0x20005a00                        _vStackBase = .
                0x20005a00                        . = ALIGN (0x4)
                0x20006000                        _vStackTop = (. + _StackSize)
                0x00000000                        _image_start = LOADADDR (.text)
                0x00009ef8                        _image_end = (LOADADDR (.data) + SIZEOF (.data))
                0x00009ef8                        _image_size = (_image_end - _image_start)
OUTPUT(frdmmcxa153_ese_driver_examples_lpuart_interrupt.axf elf32-littlearm)
LOAD linker stubs

.debug_info     0x00000000    0x153e5
 .debug_info    0x00000000      0xb86 ./startup/startup_mcxa153.o
 .debug_info    0x00000b86      0xaf0 ./source/utils/temperatureSensor/lm35d_polling.o
 .debug_info    0x00001676     0x21d6 ./source/utils/sdCard/FatFs/ff.o
 .debug_info    0x0000384c      0xbdc ./source/utils/sdCard/FatFs/sdmm.o
 .debug_info    0x00004428      0x63d ./source/utils/sdCard/sdCard.o
 .debug_info    0x00004a65      0x486 ./source/utils/gps/gps.o
 .debug_info    0x00004eeb      0xf5b ./source/utils/comProtocols/Lpuart/lpuart0_interrupt.o
 .debug_info    0x00005e46      0xf5b ./source/utils/comProtocols/Lpuart/lpuart2_interrupt.o
 .debug_info    0x00006da1      0x128 ./source/utils/comProtocols/Lpuart/retarget.o
 .debug_info    0x00006ec9      0x670 ./source/utils/comProtocols/GPIO/gpio_output.o
 .debug_info    0x00007539      0x2dc ./source/utils/comProtocols/fifo.o
 .debug_info    0x00007815      0x326 ./source/games/gpsGame/gpsGame.o
 .debug_info    0x00007b3b      0xa04 ./source/main.o
 .debug_info    0x0000853f       0x3c ./source/semihost_hardfault.o
 .debug_info    0x0000857b      0xc6a ./device/system_MCXA153.o
 .debug_info    0x000091e5       0x85 C:/nxp/MCUXpressoIDE_24.12.148/ide/plugins/com.nxp.mcuxpresso.tools.win32_24.12.0.202407110909/tools/bin/../lib/gcc/arm-none-eabi/13.2.1/../../../../arm-none-eabi/lib/thumb/v8-m.main/nofp\libcr_semihost_nf.a(_cr__main.o)
 .debug_info    0x0000926a      0x12b C:/nxp/MCUXpressoIDE_24.12.148/ide/plugins/com.nxp.mcuxpresso.tools.win32_24.12.0.202407110909/tools/bin/../lib/gcc/arm-none-eabi/13.2.1/../../../../arm-none-eabi/lib/thumb/v8-m.main/nofp\libcr_c.a(memcpy.o)
 .debug_info    0x00009395       0xfc C:/nxp/MCUXpressoIDE_24.12.148/ide/plugins/com.nxp.mcuxpresso.tools.win32_24.12.0.202407110909/tools/bin/../lib/gcc/arm-none-eabi/13.2.1/../../../../arm-none-eabi/lib/thumb/v8-m.main/nofp\libcr_c.a(memset.o)
 .debug_info    0x00009491      0x189 C:/nxp/MCUXpressoIDE_24.12.148/ide/plugins/com.nxp.mcuxpresso.tools.win32_24.12.0.202407110909/tools/bin/../lib/gcc/arm-none-eabi/13.2.1/../../../../arm-none-eabi/lib/thumb/v8-m.main/nofp\libcr_c.a(atan2.o)
 .debug_info    0x0000961a       0xe2 C:/nxp/MCUXpressoIDE_24.12.148/ide/plugins/com.nxp.mcuxpresso.tools.win32_24.12.0.202407110909/tools/bin/../lib/gcc/arm-none-eabi/13.2.1/../../../../arm-none-eabi/lib/thumb/v8-m.main/nofp\libcr_c.a(cos.o)
 .debug_info    0x000096fc       0x44 C:/nxp/MCUXpressoIDE_24.12.148/ide/plugins/com.nxp.mcuxpresso.tools.win32_24.12.0.202407110909/tools/bin/../lib/gcc/arm-none-eabi/13.2.1/../../../../arm-none-eabi/lib/thumb/v8-m.main/nofp\libcr_c.a(errno.o)
 .debug_info    0x00009740       0x8f C:/nxp/MCUXpressoIDE_24.12.148/ide/plugins/com.nxp.mcuxpresso.tools.win32_24.12.0.202407110909/tools/bin/../lib/gcc/arm-none-eabi/13.2.1/../../../../arm-none-eabi/lib/thumb/v8-m.main/nofp\libcr_c.a(fabs.o)
 .debug_info    0x000097cf     0x1569 C:/nxp/MCUXpressoIDE_24.12.148/ide/plugins/com.nxp.mcuxpresso.tools.win32_24.12.0.202407110909/tools/bin/../lib/gcc/arm-none-eabi/13.2.1/../../../../arm-none-eabi/lib/thumb/v8-m.main/nofp\libcr_c.a(fpprintf.o)
 .debug_info    0x0000ad38      0x339 C:/nxp/MCUXpressoIDE_24.12.148/ide/plugins/com.nxp.mcuxpresso.tools.win32_24.12.0.202407110909/tools/bin/../lib/gcc/arm-none-eabi/13.2.1/../../../../arm-none-eabi/lib/thumb/v8-m.main/nofp\libcr_c.a(initio.o)
 .debug_info    0x0000b071      0x115 C:/nxp/MCUXpressoIDE_24.12.148/ide/plugins/com.nxp.mcuxpresso.tools.win32_24.12.0.202407110909/tools/bin/../lib/gcc/arm-none-eabi/13.2.1/../../../../arm-none-eabi/lib/thumb/v8-m.main/nofp\libcr_c.a(memcmp.o)
 .debug_info    0x0000b186     0x1280 C:/nxp/MCUXpressoIDE_24.12.148/ide/plugins/com.nxp.mcuxpresso.tools.win32_24.12.0.202407110909/tools/bin/../lib/gcc/arm-none-eabi/13.2.1/../../../../arm-none-eabi/lib/thumb/v8-m.main/nofp\libcr_c.a(printf.o)
 .debug_info    0x0000c406     0x19dd C:/nxp/MCUXpressoIDE_24.12.148/ide/plugins/com.nxp.mcuxpresso.tools.win32_24.12.0.202407110909/tools/bin/../lib/gcc/arm-none-eabi/13.2.1/../../../../arm-none-eabi/lib/thumb/v8-m.main/nofp\libcr_c.a(scanf.o)
 .debug_info    0x0000dde3      0x1fd C:/nxp/MCUXpressoIDE_24.12.148/ide/plugins/com.nxp.mcuxpresso.tools.win32_24.12.0.202407110909/tools/bin/../lib/gcc/arm-none-eabi/13.2.1/../../../../arm-none-eabi/lib/thumb/v8-m.main/nofp\libcr_c.a(setvbuf.o)
 .debug_info    0x0000dfe0       0xbe C:/nxp/MCUXpressoIDE_24.12.148/ide/plugins/com.nxp.mcuxpresso.tools.win32_24.12.0.202407110909/tools/bin/../lib/gcc/arm-none-eabi/13.2.1/../../../../arm-none-eabi/lib/thumb/v8-m.main/nofp\libcr_c.a(sin.o)
 .debug_info    0x0000e09e      0x203 C:/nxp/MCUXpressoIDE_24.12.148/ide/plugins/com.nxp.mcuxpresso.tools.win32_24.12.0.202407110909/tools/bin/../lib/gcc/arm-none-eabi/13.2.1/../../../../arm-none-eabi/lib/thumb/v8-m.main/nofp\libcr_c.a(sqrt.o)
 .debug_info    0x0000e2a1       0xa8 C:/nxp/MCUXpressoIDE_24.12.148/ide/plugins/com.nxp.mcuxpresso.tools.win32_24.12.0.202407110909/tools/bin/../lib/gcc/arm-none-eabi/13.2.1/../../../../arm-none-eabi/lib/thumb/v8-m.main/nofp\libcr_c.a(strchr.o)
 .debug_info    0x0000e349       0xe1 C:/nxp/MCUXpressoIDE_24.12.148/ide/plugins/com.nxp.mcuxpresso.tools.win32_24.12.0.202407110909/tools/bin/../lib/gcc/arm-none-eabi/13.2.1/../../../../arm-none-eabi/lib/thumb/v8-m.main/nofp\libcr_c.a(strlen.o)
 .debug_info    0x0000e42a       0xca C:/nxp/MCUXpressoIDE_24.12.148/ide/plugins/com.nxp.mcuxpresso.tools.win32_24.12.0.202407110909/tools/bin/../lib/gcc/arm-none-eabi/13.2.1/../../../../arm-none-eabi/lib/thumb/v8-m.main/nofp\libcr_c.a(strncat.o)
 .debug_info    0x0000e4f4      0x11c C:/nxp/MCUXpressoIDE_24.12.148/ide/plugins/com.nxp.mcuxpresso.tools.win32_24.12.0.202407110909/tools/bin/../lib/gcc/arm-none-eabi/13.2.1/../../../../arm-none-eabi/lib/thumb/v8-m.main/nofp\libcr_c.a(strncmp.o)
 .debug_info    0x0000e610       0xda C:/nxp/MCUXpressoIDE_24.12.148/ide/plugins/com.nxp.mcuxpresso.tools.win32_24.12.0.202407110909/tools/bin/../lib/gcc/arm-none-eabi/13.2.1/../../../../arm-none-eabi/lib/thumb/v8-m.main/nofp\libcr_c.a(strpbrk.o)
 .debug_info    0x0000e6ea      0x192 C:/nxp/MCUXpressoIDE_24.12.148/ide/plugins/com.nxp.mcuxpresso.tools.win32_24.12.0.202407110909/tools/bin/../lib/gcc/arm-none-eabi/13.2.1/../../../../arm-none-eabi/lib/thumb/v8-m.main/nofp\libcr_c.a(ungetc.o)
 .debug_info    0x0000e87c      0x46d C:/nxp/MCUXpressoIDE_24.12.148/ide/plugins/com.nxp.mcuxpresso.tools.win32_24.12.0.202407110909/tools/bin/../lib/gcc/arm-none-eabi/13.2.1/../../../../arm-none-eabi/lib/thumb/v8-m.main/nofp\libcr_c.a(__fillbuf.o)
 .debug_info    0x0000ece9      0x369 C:/nxp/MCUXpressoIDE_24.12.148/ide/plugins/com.nxp.mcuxpresso.tools.win32_24.12.0.202407110909/tools/bin/../lib/gcc/arm-none-eabi/13.2.1/../../../../arm-none-eabi/lib/thumb/v8-m.main/nofp\libcr_c.a(_deferredlazyseek.o)
 .debug_info    0x0000f052      0x24b C:/nxp/MCUXpressoIDE_24.12.148/ide/plugins/com.nxp.mcuxpresso.tools.win32_24.12.0.202407110909/tools/bin/../lib/gcc/arm-none-eabi/13.2.1/../../../../arm-none-eabi/lib/thumb/v8-m.main/nofp\libcr_c.a(_fdopen.o)
 .debug_info    0x0000f29d      0x1e3 C:/nxp/MCUXpressoIDE_24.12.148/ide/plugins/com.nxp.mcuxpresso.tools.win32_24.12.0.202407110909/tools/bin/../lib/gcc/arm-none-eabi/13.2.1/../../../../arm-none-eabi/lib/thumb/v8-m.main/nofp\libcr_c.a(_fflush.o)
 .debug_info    0x0000f480      0x15e C:/nxp/MCUXpressoIDE_24.12.148/ide/plugins/com.nxp.mcuxpresso.tools.win32_24.12.0.202407110909/tools/bin/../lib/gcc/arm-none-eabi/13.2.1/../../../../arm-none-eabi/lib/thumb/v8-m.main/nofp\libcr_c.a(_frexpl.o)
 .debug_info    0x0000f5de      0x146 C:/nxp/MCUXpressoIDE_24.12.148/ide/plugins/com.nxp.mcuxpresso.tools.win32_24.12.0.202407110909/tools/bin/../lib/gcc/arm-none-eabi/13.2.1/../../../../arm-none-eabi/lib/thumb/v8-m.main/nofp\libcr_c.a(_ldexpl.o)
 .debug_info    0x0000f724      0x286 C:/nxp/MCUXpressoIDE_24.12.148/ide/plugins/com.nxp.mcuxpresso.tools.win32_24.12.0.202407110909/tools/bin/../lib/gcc/arm-none-eabi/13.2.1/../../../../arm-none-eabi/lib/thumb/v8-m.main/nofp\libcr_c.a(_sincos.o)
 .debug_info    0x0000f9aa      0x289 C:/nxp/MCUXpressoIDE_24.12.148/ide/plugins/com.nxp.mcuxpresso.tools.win32_24.12.0.202407110909/tools/bin/../lib/gcc/arm-none-eabi/13.2.1/../../../../arm-none-eabi/lib/thumb/v8-m.main/nofp\libcr_c.a(_writebuf.o)
 .debug_info    0x0000fc33      0x520 C:/nxp/MCUXpressoIDE_24.12.148/ide/plugins/com.nxp.mcuxpresso.tools.win32_24.12.0.202407110909/tools/bin/../lib/gcc/arm-none-eabi/13.2.1/../../../../arm-none-eabi/lib/thumb/v8-m.main/nofp\libcr_c.a(alloc.o)
 .debug_info    0x00010153      0x27c C:/nxp/MCUXpressoIDE_24.12.148/ide/plugins/com.nxp.mcuxpresso.tools.win32_24.12.0.202407110909/tools/bin/../lib/gcc/arm-none-eabi/13.2.1/../../../../arm-none-eabi/lib/thumb/v8-m.main/nofp\libcr_c.a(atan.o)
 .debug_info    0x000103cf      0x2f8 C:/nxp/MCUXpressoIDE_24.12.148/ide/plugins/com.nxp.mcuxpresso.tools.win32_24.12.0.202407110909/tools/bin/../lib/gcc/arm-none-eabi/13.2.1/../../../../arm-none-eabi/lib/thumb/v8-m.main/nofp\libcr_c.a(ctype.o)
 .debug_info    0x000106c7      0x318 C:/nxp/MCUXpressoIDE_24.12.148/ide/plugins/com.nxp.mcuxpresso.tools.win32_24.12.0.202407110909/tools/bin/../lib/gcc/arm-none-eabi/13.2.1/../../../../arm-none-eabi/lib/thumb/v8-m.main/nofp\libcr_c.a(fclose.o)
 .debug_info    0x000109df      0x209 C:/nxp/MCUXpressoIDE_24.12.148/ide/plugins/com.nxp.mcuxpresso.tools.win32_24.12.0.202407110909/tools/bin/../lib/gcc/arm-none-eabi/13.2.1/../../../../arm-none-eabi/lib/thumb/v8-m.main/nofp\libcr_c.a(fflush.o)
 .debug_info    0x00010be8      0x276 C:/nxp/MCUXpressoIDE_24.12.148/ide/plugins/com.nxp.mcuxpresso.tools.win32_24.12.0.202407110909/tools/bin/../lib/gcc/arm-none-eabi/13.2.1/../../../../arm-none-eabi/lib/thumb/v8-m.main/nofp\libcr_c.a(fseek.o)
 .debug_info    0x00010e5e      0x197 C:/nxp/MCUXpressoIDE_24.12.148/ide/plugins/com.nxp.mcuxpresso.tools.win32_24.12.0.202407110909/tools/bin/../lib/gcc/arm-none-eabi/13.2.1/../../../../arm-none-eabi/lib/thumb/v8-m.main/nofp\libcr_c.a(ftell.o)
 .debug_info    0x00010ff5      0x1d7 C:/nxp/MCUXpressoIDE_24.12.148/ide/plugins/com.nxp.mcuxpresso.tools.win32_24.12.0.202407110909/tools/bin/../lib/gcc/arm-none-eabi/13.2.1/../../../../arm-none-eabi/lib/thumb/v8-m.main/nofp\libcr_c.a(remove.o)
 .debug_info    0x000111cc       0xd4 C:/nxp/MCUXpressoIDE_24.12.148/ide/plugins/com.nxp.mcuxpresso.tools.win32_24.12.0.202407110909/tools/bin/../lib/gcc/arm-none-eabi/13.2.1/../../../../arm-none-eabi/lib/thumb/v8-m.main/nofp\libcr_c.a(__init_alloc.o)
 .debug_info    0x000112a0      0x107 C:/nxp/MCUXpressoIDE_24.12.148/ide/plugins/com.nxp.mcuxpresso.tools.win32_24.12.0.202407110909/tools/bin/../lib/gcc/arm-none-eabi/13.2.1/../../../../arm-none-eabi/lib/thumb/v8-m.main/nofp\libcr_c.a(_cr_sbrk.o)
 .debug_info    0x000113a7      0x23a C:/nxp/MCUXpressoIDE_24.12.148/ide/plugins/com.nxp.mcuxpresso.tools.win32_24.12.0.202407110909/tools/bin/../lib/gcc/arm-none-eabi/13.2.1/../../../../arm-none-eabi/lib/thumb/v8-m.main/nofp\libcr_c.a(_do_fflush.o)
 .debug_info    0x000115e1       0x78 C:/nxp/MCUXpressoIDE_24.12.148/ide/plugins/com.nxp.mcuxpresso.tools.win32_24.12.0.202407110909/tools/bin/../lib/gcc/arm-none-eabi/13.2.1/../../../../arm-none-eabi/lib/thumb/v8-m.main/nofp\libcr_c.a(_cr_check_heap.o)
 .debug_info    0x00011659     0x2131 C:/nxp/MCUXpressoIDE_24.12.148/ide/plugins/com.nxp.mcuxpresso.tools.win32_24.12.0.202407110909/tools/bin/../lib/gcc/arm-none-eabi/13.2.1/thumb/v8-m.main/nofp\libcr_eabihelpers.a(double.o)
 .debug_info    0x0001378a     0x1ad0 C:/nxp/MCUXpressoIDE_24.12.148/ide/plugins/com.nxp.mcuxpresso.tools.win32_24.12.0.202407110909/tools/bin/../lib/gcc/arm-none-eabi/13.2.1/thumb/v8-m.main/nofp\libcr_eabihelpers.a(float.o)
 .debug_info    0x0001525a      0x18b C:/nxp/MCUXpressoIDE_24.12.148/ide/plugins/com.nxp.mcuxpresso.tools.win32_24.12.0.202407110909/tools/bin/../lib/gcc/arm-none-eabi/13.2.1/../../../../arm-none-eabi/lib/thumb/v8-m.main/nofp\libcr_semihost_nf.a(__ciob.o)

.debug_abbrev   0x00000000     0x4eb6
 .debug_abbrev  0x00000000      0x134 ./startup/startup_mcxa153.o
 .debug_abbrev  0x00000134      0x16d ./source/utils/temperatureSensor/lm35d_polling.o
 .debug_abbrev  0x000002a1      0x25f ./source/utils/sdCard/FatFs/ff.o
 .debug_abbrev  0x00000500      0x21d ./source/utils/sdCard/FatFs/sdmm.o
 .debug_abbrev  0x0000071d      0x1f2 ./source/utils/sdCard/sdCard.o
 .debug_abbrev  0x0000090f      0x1be ./source/utils/gps/gps.o
 .debug_abbrev  0x00000acd      0x251 ./source/utils/comProtocols/Lpuart/lpuart0_interrupt.o
 .debug_abbrev  0x00000d1e      0x251 ./source/utils/comProtocols/Lpuart/lpuart2_interrupt.o
 .debug_abbrev  0x00000f6f       0xe2 ./source/utils/comProtocols/Lpuart/retarget.o
 .debug_abbrev  0x00001051       0xb8 ./source/utils/comProtocols/GPIO/gpio_output.o
 .debug_abbrev  0x00001109      0x191 ./source/utils/comProtocols/fifo.o
 .debug_abbrev  0x0000129a      0x19b ./source/games/gpsGame/gpsGame.o
 .debug_abbrev  0x00001435      0x280 ./source/main.o
 .debug_abbrev  0x000016b5       0x31 ./source/semihost_hardfault.o
 .debug_abbrev  0x000016e6      0x17f ./device/system_MCXA153.o
 .debug_abbrev  0x00001865       0x70 C:/nxp/MCUXpressoIDE_24.12.148/ide/plugins/com.nxp.mcuxpresso.tools.win32_24.12.0.202407110909/tools/bin/../lib/gcc/arm-none-eabi/13.2.1/../../../../arm-none-eabi/lib/thumb/v8-m.main/nofp\libcr_semihost_nf.a(_cr__main.o)
 .debug_abbrev  0x000018d5       0xb6 C:/nxp/MCUXpressoIDE_24.12.148/ide/plugins/com.nxp.mcuxpresso.tools.win32_24.12.0.202407110909/tools/bin/../lib/gcc/arm-none-eabi/13.2.1/../../../../arm-none-eabi/lib/thumb/v8-m.main/nofp\libcr_c.a(memcpy.o)
 .debug_abbrev  0x0000198b       0xa8 C:/nxp/MCUXpressoIDE_24.12.148/ide/plugins/com.nxp.mcuxpresso.tools.win32_24.12.0.202407110909/tools/bin/../lib/gcc/arm-none-eabi/13.2.1/../../../../arm-none-eabi/lib/thumb/v8-m.main/nofp\libcr_c.a(memset.o)
 .debug_abbrev  0x00001a33       0xac C:/nxp/MCUXpressoIDE_24.12.148/ide/plugins/com.nxp.mcuxpresso.tools.win32_24.12.0.202407110909/tools/bin/../lib/gcc/arm-none-eabi/13.2.1/../../../../arm-none-eabi/lib/thumb/v8-m.main/nofp\libcr_c.a(atan2.o)
 .debug_abbrev  0x00001adf       0x92 C:/nxp/MCUXpressoIDE_24.12.148/ide/plugins/com.nxp.mcuxpresso.tools.win32_24.12.0.202407110909/tools/bin/../lib/gcc/arm-none-eabi/13.2.1/../../../../arm-none-eabi/lib/thumb/v8-m.main/nofp\libcr_c.a(cos.o)
 .debug_abbrev  0x00001b71       0x44 C:/nxp/MCUXpressoIDE_24.12.148/ide/plugins/com.nxp.mcuxpresso.tools.win32_24.12.0.202407110909/tools/bin/../lib/gcc/arm-none-eabi/13.2.1/../../../../arm-none-eabi/lib/thumb/v8-m.main/nofp\libcr_c.a(errno.o)
 .debug_abbrev  0x00001bb5       0x74 C:/nxp/MCUXpressoIDE_24.12.148/ide/plugins/com.nxp.mcuxpresso.tools.win32_24.12.0.202407110909/tools/bin/../lib/gcc/arm-none-eabi/13.2.1/../../../../arm-none-eabi/lib/thumb/v8-m.main/nofp\libcr_c.a(fabs.o)
 .debug_abbrev  0x00001c29      0x46c C:/nxp/MCUXpressoIDE_24.12.148/ide/plugins/com.nxp.mcuxpresso.tools.win32_24.12.0.202407110909/tools/bin/../lib/gcc/arm-none-eabi/13.2.1/../../../../arm-none-eabi/lib/thumb/v8-m.main/nofp\libcr_c.a(fpprintf.o)
 .debug_abbrev  0x00002095      0x169 C:/nxp/MCUXpressoIDE_24.12.148/ide/plugins/com.nxp.mcuxpresso.tools.win32_24.12.0.202407110909/tools/bin/../lib/gcc/arm-none-eabi/13.2.1/../../../../arm-none-eabi/lib/thumb/v8-m.main/nofp\libcr_c.a(initio.o)