Archive member included to satisfy reference by file (symbol)

C:/nxp/MCUXpressoIDE_24.12.148/ide/plugins/com.nxp.mcuxpresso.tools.win32_24.12.0.202407110909/tools/bin/../lib/gcc/arm-none-eabi/13.2.1/../../../../arm-none-eabi/lib/thumb/v8-m.main/nofp\libcr_semihost_nf.a(_cr__main.o)
                              ./startup/startup_mcxa153.o (__main)
C:/nxp/MCUXpressoIDE_24.12.148/ide/plugins/com.nxp.mcuxpresso.tools.win32_24.12.0.202407110909/tools/bin/../lib/gcc/arm-none-eabi/13.2.1/../../../../arm-none-eabi/lib/thumb/v8-m.main/nofp\libcr_c.a(memcpy.o)
                              ./source/utils/sdCard/FatFs/ff.o (memcpy)
C:/nxp/MCUXpressoIDE_24.12.148/ide/plugins/com.nxp.mcuxpresso.tools.win32_24.12.0.202407110909/tools/bin/../lib/gcc/arm-none-eabi/13.2.1/../../../../arm-none-eabi/lib/thumb/v8-m.main/nofp\libcr_c.a(memset.o)
                              ./source/utils/sdCard/FatFs/ff.o (memset)
C:/nxp/MCUXpressoIDE_24.12.148/ide/plugins/com.nxp.mcuxpresso.tools.win32_24.12.0.202407110909/tools/bin/../lib/gcc/arm-none-eabi/13.2.1/../../../../arm-none-eabi/lib/thumb/v8-m.main/nofp\libcr_c.a(atan2.o)
                              ./source/games/gpsGame/gpsGame.o (atan2)
C:/nxp/MCUXpressoIDE_24.12.148/ide/plugins/com.nxp.mcuxpresso.tools.win32_24.12.0.202407110909/tools/bin/../lib/gcc/arm-none-eabi/13.2.1/../../../../arm-none-eabi/lib/thumb/v8-m.main/nofp\libcr_c.a(cos.o)
                              ./source/games/gpsGame/gpsGame.o (cos)
C:/nxp/MCUXpressoIDE_24.12.148/ide/plugins/com.nxp.mcuxpresso.tools.win32_24.12.0.202407110909/tools/bin/../lib/gcc/arm-none-eabi/13.2.1/../../../../arm-none-eabi/lib/thumb/v8-m.main/nofp\libcr_c.a(errno.o)
                              C:/nxp/MCUXpressoIDE_24.12.148/ide/plugins/com.nxp.mcuxpresso.tools.win32_24.12.0.202407110909/tools/bin/../lib/gcc/arm-none-eabi/13.2.1/../../../../arm-none-eabi/lib/thumb/v8-m.main/nofp\libcr_c.a(atan2.o) (errno)
C:/nxp/MCUXpressoIDE_24.12.148/ide/plugins/com.nxp.mcuxpresso.tools.win32_24.12.0.202407110909/tools/bin/../lib/gcc/arm-none-eabi/13.2.1/../../../../arm-none-eabi/lib/thumb/v8-m.main/nofp\libcr_c.a(fabs.o)
                              C:/nxp/MCUXpressoIDE_24.12.148/ide/plugins/com.nxp.mcuxpresso.tools.win32_24.12.0.202407110909/tools/bin/../lib/gcc/arm-none-eabi/13.2.1/../../../../arm-none-eabi/lib/thumb/v8-m.main/nofp\libcr_c.a(atan2.o) (fabs)
C:/nxp/MCUXpressoIDE_24.12.148/ide/plugins/com.nxp.mcuxpresso.tools.win32_24.12.0.202407110909/tools/bin/../lib/gcc/arm-none-eabi/13.2.1/../../../../arm-none-eabi/lib/thumb/v8-m.main/nofp\libcr_c.a(fpprintf.o)
                              ./source/utils/sdCard/sdCard.o (printf)
C:/nxp/MCUXpressoIDE_24.12.148/ide/plugins/com.nxp.mcuxpresso.tools.win32_24.12.0.202407110909/tools/bin/../lib/gcc/arm-none-eabi/13.2.1/../../../../arm-none-eabi/lib/thumb/v8-m.main/nofp\libcr_c.a(initio.o)
                              C:/nxp/MCUXpressoIDE_24.12.148/ide/plugins/com.nxp.mcuxpresso.tools.win32_24.12.0.202407110909/tools/bin/../lib/gcc/arm-none-eabi/13.2.1/../../../../arm-none-eabi/lib/thumb/v8-m.main/nofp\libcr_semihost_nf.a(_cr__main.o) (_initio)
C:/nxp/MCUXpressoIDE_24.12.148/ide/plugins/com.nxp.mcuxpresso.tools.win32_24.12.0.202407110909/tools/bin/../lib/gcc/arm-none-eabi/13.2.1/../../../../arm-none-eabi/lib/thumb/v8-m.main/nofp\libcr_c.a(memcmp.o)
                              ./source/utils/sdCard/FatFs/ff.o (memcmp)
C:/nxp/MCUXpressoIDE_24.12.148/ide/plugins/com.nxp.mcuxpresso.tools.win32_24.12.0.202407110909/tools/bin/../lib/gcc/arm-none-eabi/13.2.1/../../../../arm-none-eabi/lib/thumb/v8-m.main/nofp\libcr_c.a(printf.o)
                              C:/nxp/MCUXpressoIDE_24.12.148/ide/plugins/com.nxp.mcuxpresso.tools.win32_24.12.0.202407110909/tools/bin/../lib/gcc/arm-none-eabi/13.2.1/../../../../arm-none-eabi/lib/thumb/v8-m.main/nofp\libcr_c.a(fpprintf.o) (__vfprintf)
C:/nxp/MCUXpressoIDE_24.12.148/ide/plugins/com.nxp.mcuxpresso.tools.win32_24.12.0.202407110909/tools/bin/../lib/gcc/arm-none-eabi/13.2.1/../../../../arm-none-eabi/lib/thumb/v8-m.main/nofp\libcr_c.a(scanf.o)
                              ./source/utils/gps/gps.o (atof)
C:/nxp/MCUXpressoIDE_24.12.148/ide/plugins/com.nxp.mcuxpresso.tools.win32_24.12.0.202407110909/tools/bin/../lib/gcc/arm-none-eabi/13.2.1/../../../../arm-none-eabi/lib/thumb/v8-m.main/nofp\libcr_c.a(setvbuf.o)
                              C:/nxp/MCUXpressoIDE_24.12.148/ide/plugins/com.nxp.mcuxpresso.tools.win32_24.12.0.202407110909/tools/bin/../lib/gcc/arm-none-eabi/13.2.1/../../../../arm-none-eabi/lib/thumb/v8-m.main/nofp\libcr_c.a(initio.o) (setvbuf)
C:/nxp/MCUXpressoIDE_24.12.148/ide/plugins/com.nxp.mcuxpresso.tools.win32_24.12.0.202407110909/tools/bin/../lib/gcc/arm-none-eabi/13.2.1/../../../../arm-none-eabi/lib/thumb/v8-m.main/nofp\libcr_c.a(sin.o)
                              ./source/games/gpsGame/gpsGame.o (sin)
[...]
Memory Configuration

Name             Origin             Length             Attributes
PROGRAM_FLASH    0x00000000         0x00020000         xr
SRAM             0x20000000         0x00006000         xrw
SRAMX0           0x04000000         0x00002000         xrw
SRAMX1           0x04002000         0x00001000         xrw
*default*        0x00000000         0xffffffff

Linker script and memory map

LOAD ./startup/startup_mcxa153.o
LOAD ./source/utils/sdCard/FatFs/ff.o
LOAD ./source/utils/sdCard/FatFs/sdmm.o
LOAD ./source/utils/sdCard/sdCard.o
LOAD ./source/utils/gps/gps.o
LOAD ./source/utils/comProtocols/Lpuart/lpuart0_interrupt.o
LOAD ./source/utils/comProtocols/Lpuart/lpuart2_interrupt.o
LOAD ./source/utils/comProtocols/Lpuart/retarget.o
LOAD ./source/utils/comProtocols/GPIO/gpio_output.o
LOAD ./source/utils/comProtocols/fifo.o
LOAD ./source/games/gpsGame/gpsGame.o
LOAD ./source/main.o
LOAD ./source/semihost_hardfault.o
LOAD ./device/system_MCXA153.o
START GROUP
LOAD C:/nxp/MCUXpressoIDE_24.12.148/ide/plugins/com.nxp.mcuxpresso.tools.win32_24.12.0.202407110909/tools/bin/../lib/gcc/arm-none-eabi/13.2.1/../../../../arm-none-eabi/lib/thumb/v8-m.main/nofp\libcr_semihost_nf.a
LOAD C:/nxp/MCUXpressoIDE_24.12.148/ide/plugins/com.nxp.mcuxpresso.tools.win32_24.12.0.202407110909/tools/bin/../lib/gcc/arm-none-eabi/13.2.1/../../../../arm-none-eabi/lib/thumb/v8-m.main/nofp\libcr_c.a
LOAD C:/nxp/MCUXpressoIDE_24.12.148/ide/plugins/com.nxp.mcuxpresso.tools.win32_24.12.0.202407110909/tools/bin/../lib/gcc/arm-none-eabi/13.2.1/thumb/v8-m.main/nofp\libcr_eabihelpers.a
LOAD C:/nxp/MCUXpressoIDE_24.12.148/ide/plugins/com.nxp.mcuxpresso.tools.win32_24.12.0.202407110909/tools/bin/../lib/gcc/arm-none-eabi/13.2.1/thumb/v8-m.main/nofp\libgcc.a
END GROUP
                0x00000000                        __base_PROGRAM_FLASH = 0x0
                0x00000000                        __base_Flash = 0x0
                0x00020000                        __top_PROGRAM_FLASH = 0x20000
                0x00020000                        __top_Flash = 0x20000
                0x20000000                        __base_SRAM = 0x20000000
                0x20000000                        __base_RAM = 0x20000000
                0x20006000                        __top_SRAM = 0x20006000
                0x20006000                        __top_RAM = 0x20006000
                0x04000000                        __base_SRAMX0 = 0x4000000
                0x04000000                        __base_RAM2 = 0x4000000
                0x04002000                        __top_SRAMX0 = 0x4002000
                0x04002000                        __top_RAM2 = 0x4002000
                0x04002000                        __base_SRAMX1 = 0x4002000
                0x04002000                        __base_RAM3 = 0x4002000
                0x04003000                        __top_SRAMX1 = 0x4003000
                0x04003000                        __top_RAM3 = 0x4003000

.text           0x00000000     0x9c24
 FILL mask 0xff
                0x00000000                        __vectors_start__ = ABSOLUTE (.)
 *(SORT_BY_ALIGNMENT(.isr_vector))
 .isr_vector    0x00000000      0x16c ./startup/startup_mcxa153.o
                0x00000000                g_pfnVectors
                0x00000000                __Vectors
                0x0000016c                        . = ALIGN (0x4)
                0x0000016c                        __section_table_start = .
                0x0000016c                        __data_section_table = .
                0x0000016c        0x4 LONG 0x9c24 LOADADDR (.data)
                0x00000170        0x4 LONG 0x20000000 ADDR (.data)
                0x00000174        0x4 LONG 0xc SIZEOF (.data)
                0x00000178        0x4 LONG 0x9c24 LOADADDR (.data_RAM2)
                0x0000017c        0x4 LONG 0x4000000 ADDR (.data_RAM2)
                0x00000180        0x4 LONG 0x0 SIZEOF (.data_RAM2)
                0x00000184        0x4 LONG 0x9c24 LOADADDR (.data_RAM3)
                0x00000188        0x4 LONG 0x4002000 ADDR (.data_RAM3)
                0x0000018c        0x4 LONG 0x0 SIZEOF (.data_RAM3)
                0x00000190                        __data_section_table_end = .
                0x00000190                        __bss_section_table = .
                0x00000190        0x4 LONG 0x2000000c ADDR (.bss)
                0x00000194        0x4 LONG 0x82c SIZEOF (.bss)
                0x00000198        0x4 LONG 0x4000000 ADDR (.bss_RAM2)
                0x0000019c        0x4 LONG 0x0 SIZEOF (.bss_RAM2)
                0x000001a0        0x4 LONG 0x4002000 ADDR (.bss_RAM3)
                0x000001a4        0x4 LONG 0x0 SIZEOF (.bss_RAM3)
                0x000001a8                        __bss_section_table_end = .
                0x000001a8                        __section_table_end = .
 *(SORT_BY_ALIGNMENT(.after_vectors*))
 .after_vectors.reset
                0x000001a8       0x68 ./startup/startup_mcxa153.o
                0x000001a8                ResetISR
 .after_vectors.init_data
                0x00000210       0x1c ./startup/startup_mcxa153.o
                0x00000210                data_init
 .after_vectors.init_bss
                0x0000022c       0x12 ./startup/startup_mcxa153.o
                0x0000022c                bss_init
 .after_vectors
                0x0000023e       0x16 ./startup/startup_mcxa153.o
                0x0000023e                NMI_Handler
                0x00000242                MemManage_Handler
                0x00000244                BusFault_Handler
                0x00000246                UsageFault_Handler
                0x00000248                SecureFault_Handler
                0x0000024a                SVC_Handler
                0x0000024c                DebugMon_Handler
                0x0000024e                PendSV_Handler
                0x00000252                LPTMR0_DriverIRQHandler
                0x00000252                FLEXPWM0_SUBMODULE1_DriverIRQHandler
                0x00000252                MBC0_DriverIRQHandler
                0x00000252                WAKETIMER0_DriverIRQHandler
                0x00000252                I3C0_DriverIRQHandler
                0x00000252                LPI2C0_DriverIRQHandler
                0x00000252                FLEXPWM0_RELOAD_ERROR_DriverIRQHandler
                0x00000252                QDC0_HOME_DriverIRQHandler
                0x00000252                Reserved82_DriverIRQHandler
                0x00000252                QDC0_WATCHDOG_DriverIRQHandler
                0x00000252                ERM0_MULTI_BIT_DriverIRQHandler
                0x00000252                Reserved36_DriverIRQHandler
                0x00000252                CTIMER2_DriverIRQHandler
                0x00000252                Reserved33_DriverIRQHandler
                0x00000252                CMP1_DriverIRQHandler
                0x00000252                IntDefaultHandler
                0x00000252                USB0_DriverIRQHandler
                0x00000252                QDC0_INDEX_DriverIRQHandler
                0x00000252                UTICK0_DriverIRQHandler
                0x00000252                Reserved41_DriverIRQHandler
                0x00000252                FLEXPWM0_SUBMODULE2_DriverIRQHandler
                0x00000252                Reserved39_DriverIRQHandler
                0x00000252                WWDT0_DriverIRQHandler
                0x00000252                Reserved84_DriverIRQHandler
                0x00000252                FLEXPWM0_FAULT_DriverIRQHandler
                0x00000252                GPIO0_DriverIRQHandler
                0x00000252                Reserved38_DriverIRQHandler
                0x00000252                FREQME0_DriverIRQHandler
                0x00000252                Reserved22_DriverIRQHandler
                0x00000252                Reserved53_DriverIRQHandler
                0x00000252                Reserved35_DriverIRQHandler
                0x00000252                CTIMER0_DriverIRQHandler
                0x00000252                Reserved79_DriverIRQHandler
                0x00000252                Reserved24_DriverIRQHandler
                0x00000252                CTIMER1_DriverIRQHandler
                0x00000252                QDC0_COMPARE_DriverIRQHandler
                0x00000252                LPUART1_DriverIRQHandler
                0x00000252                WUU0_DriverIRQHandler
                0x00000252                LPSPI0_DriverIRQHandler
                0x00000252                DMA_CH3_DriverIRQHandler
                0x00000252                Reserved83_DriverIRQHandler
                0x00000252                Reserved72_DriverIRQHandler
                0x00000252                Reserved23_DriverIRQHandler
                0x00000252                Reserved65_DriverIRQHandler
                0x00000252                ERM0_SINGLE_BIT_DriverIRQHandler
                0x00000252                DMA_CH2_DriverIRQHandler
                0x00000252                CMC_DriverIRQHandler
                0x00000252                Reserved51_DriverIRQHandler
                0x00000252                Reserved25_DriverIRQHandler
                0x00000252                LPUART2_DriverIRQHandler
                0x00000252                FMU0_DriverIRQHandler
                0x00000252                LPSPI1_DriverIRQHandler
                0x00000252                Reserved77_DriverIRQHandler
                0x00000252                Reserved16_DriverIRQHandler
                0x00000252                LPUART0_DriverIRQHandler
                0x00000252                GPIO2_DriverIRQHandler
                0x00000252                Reserved85_DriverIRQHandler
                0x00000252                ADC0_DriverIRQHandler
                0x00000252                CMP0_DriverIRQHandler
                0x00000252                CDOG0_DriverIRQHandler
                0x00000252                Reserved59_DriverIRQHandler
                0x00000252                DMA_CH0_DriverIRQHandler
                0x00000252                Reserved58_DriverIRQHandler
                0x00000252                DMA_CH1_DriverIRQHandler
                0x00000252                SPC0_DriverIRQHandler
                0x00000252                GLIKEY0_DriverIRQHandler
                0x00000252                Reserved43_DriverIRQHandler
                0x00000252                Reserved46_DriverIRQHandler
                0x00000252                Reserved37_DriverIRQHandler
                0x00000252                Reserved86_DriverIRQHandler
                0x00000252                GPIO1_DriverIRQHandler
                0x00000252                FLEXPWM0_SUBMODULE0_DriverIRQHandler
                0x00000252                Reserved50_DriverIRQHandler
                0x00000252                OS_EVENT_DriverIRQHandler
                0x00000252                SCG0_DriverIRQHandler
                0x00000252                GPIO3_DriverIRQHandler
 *(SORT_BY_ALIGNMENT(.text*))
 *fill*         0x00000254        0x4 ff
 .text.ilog10   0x00000258       0xf8 ./source/utils/sdCard/FatFs/ff.o
 .text.i10x     0x00000350       0xc8 ./source/utils/sdCard/FatFs/ff.o
 .text.atan2    0x00000418      0x110 C:/nxp/MCUXpressoIDE_24.12.148/ide/plugins/com.nxp.mcuxpresso.tools.win32_24.12.0.202407110909/tools/bin/../lib/gcc/arm-none-eabi/13.2.1/../../../../arm-none-eabi/lib/thumb/v8-m.main/nofp\libcr_c.a(atan2.o)
                0x00000418                atan2
 .text.cos      0x00000528       0x60 C:/nxp/MCUXpressoIDE_24.12.148/ide/plugins/com.nxp.mcuxpresso.tools.win32_24.12.0.202407110909/tools/bin/../lib/gcc/arm-none-eabi/13.2.1/../../../../arm-none-eabi/lib/thumb/v8-m.main/nofp\libcr_c.a(cos.o)
                0x00000528                cos
 .text.fp_display
                0x00000588      0x9ac C:/nxp/MCUXpressoIDE_24.12.148/ide/plugins/com.nxp.mcuxpresso.tools.win32_24.12.0.202407110909/tools/bin/../lib/gcc/arm-none-eabi/13.2.1/../../../../arm-none-eabi/lib/thumb/v8-m.main/nofp\libcr_c.a(fpprintf.o)
 *fill*         0x00000f34        0x4 ff
 .text.vfscanf  0x00000f38      0x900 C:/nxp/MCUXpressoIDE_24.12.148/ide/plugins/com.nxp.mcuxpresso.tools.win32_24.12.0.202407110909/tools/bin/../lib/gcc/arm-none-eabi/13.2.1/../../../../arm-none-eabi/lib/thumb/v8-m.main/nofp\libcr_c.a(scanf.o)
                0x00000f38                vfscanf
 .text.sqrt     0x00001838      0x10c C:/nxp/MCUXpressoIDE_24.12.148/ide/plugins/com.nxp.mcuxpresso.tools.win32_24.12.0.202407110909/tools/bin/../lib/gcc/arm-none-eabi/13.2.1/../../../../arm-none-eabi/lib/thumb/v8-m.main/nofp\libcr_c.a(sqrt.o)
                0x00001838                sqrt
 *fill*         0x00001944        0x4 ff
 .text._sincos  0x00001948      0x1fc C:/nxp/MCUXpressoIDE_24.12.148/ide/plugins/com.nxp.mcuxpresso.tools.win32_24.12.0.202407110909/tools/bin/../lib/gcc/arm-none-eabi/13.2.1/../../../../arm-none-eabi/lib/thumb/v8-m.main/nofp\libcr_c.a(_sincos.o)
                0x00001948                _sincos
 *fill*         0x00001b44        0x4 ff
 .text.atan     0x00001b48      0x214 C:/nxp/MCUXpressoIDE_24.12.148/ide/plugins/com.nxp.mcuxpresso.tools.win32_24.12.0.202407110909/tools/bin/../lib/gcc/arm-none-eabi/13.2.1/../../../../arm-none-eabi/lib/thumb/v8-m.main/nofp\libcr_c.a(atan.o)
                0x00001b48                atan
 .text.sync_fs  0x00001d5c       0xe0 ./source/utils/sdCard/FatFs/ff.o
 .text.create_name
                0x00001e3c      0x20c ./source/utils/sdCard/FatFs/ff.o
 .text.get_ldnumber
                0x00002048       0x88 ./source/utils/sdCard/FatFs/ff.o
 .text.check_fs
                0x000020d0      0x148 ./source/utils/sdCard/FatFs/ff.o
 .text.mount_volume
                0x00002218      0x3fc ./source/utils/sdCard/FatFs/ff.o
 .text.f_mount  0x00002614       0x94 ./source/utils/sdCard/FatFs/ff.o
                0x00002614                f_mount
 .text.f_open   0x000026a8      0x2e0 ./source/utils/sdCard/FatFs/ff.o
                0x000026a8                f_open
 .text.f_sync   0x00002988       0xc8 ./source/utils/sdCard/FatFs/ff.o
                0x00002988                f_sync
 .text.ftoa     0x00002a50      0x310 ./source/utils/sdCard/FatFs/ff.o
 .text.f_printf
                0x00002d60      0x704 ./source/utils/sdCard/FatFs/ff.o
                0x00002d60                f_printf
 .text.xmit_mmc
                0x00003464      0x210 ./source/utils/sdCard/FatFs/sdmm.o
 .text.rcvr_mmc
                0x00003674      0x1bc ./source/utils/sdCard/FatFs/sdmm.o
 .text.deselect
                0x00003830       0x28 ./source/utils/sdCard/FatFs/sdmm.o
 .text.select   0x00003858       0x3c ./source/utils/sdCard/FatFs/sdmm.o
 .text.disk_status
                0x00003894       0x28 ./source/utils/sdCard/FatFs/sdmm.o
                0x00003894                disk_status
 .text.disk_initialize
                0x000038bc      0x224 ./source/utils/sdCard/FatFs/sdmm.o
                0x000038bc                disk_initialize
 .text.disk_read
                0x00003ae0       0xac ./source/utils/sdCard/FatFs/sdmm.o
                0x00003ae0                disk_read
 .text.disk_write
                0x00003b8c       0xdc ./source/utils/sdCard/FatFs/sdmm.o
                0x00003b8c                disk_write
 .text.sdInit   0x00003c68       0x4c ./source/utils/sdCard/sdCard.o
                0x00003c68                sdInit
 .text.sdLog    0x00003cb4       0xb4 ./source/utils/sdCard/sdCard.o
                0x00003cb4                sdLog
 .text.sdRead   0x00003d68       0xbc ./source/utils/sdCard/sdCard.o
                0x00003d68                sdRead
 .text.gpsInit  0x00003e24       0x70 ./source/utils/gps/gps.o
                0x00003e24                gpsInit
 .text.updatePosition
                0x00003e94      0x13c ./source/utils/gps/gps.o
                0x00003e94                updatePosition
 .text.parseNMEA
                0x00003fd0      0x114 ./source/utils/gps/gps.o
                0x00003fd0                parseNMEA
 .text.convertToDecimal
                0x000040e4       0x98 ./source/utils/gps/gps.o
                0x000040e4                convertToDecimal
 .text.getPosition
                0x0000417c       0x20 ./source/utils/gps/gps.o
                0x0000417c                getPosition
 .text.getTarget
                0x0000419c       0x20 ./source/utils/gps/gps.o
                0x0000419c                getTarget
 .text.__NVIC_EnableIRQ
                0x000041bc       0x38 ./source/utils/comProtocols/Lpuart/lpuart0_interrupt.o
 .text.__NVIC_ClearPendingIRQ
                0x000041f4       0x3c ./source/utils/comProtocols/Lpuart/lpuart0_interrupt.o
 .text.__NVIC_SetPriority
                0x00004230       0x54 ./source/utils/comProtocols/Lpuart/lpuart0_interrupt.o
 .text.lpuart0_init
                0x00004284       0xc4 ./source/utils/comProtocols/Lpuart/lpuart0_interrupt.o
                0x00004284                lpuart0_init
 .text.lpuart0_putchar
                0x00004348       0x40 ./source/utils/comProtocols/Lpuart/lpuart0_interrupt.o
                0x00004348                lpuart0_putchar
 .text.lpuart0_getchar
                0x00004388       0x30 ./source/utils/comProtocols/Lpuart/lpuart0_interrupt.o
                0x00004388                lpuart0_getchar
 .text.LPUART0_IRQHandler
                0x000043b8       0x7c ./source/utils/comProtocols/Lpuart/lpuart0_interrupt.o
                0x000043b8                LPUART0_IRQHandler
 .text.__NVIC_EnableIRQ
                0x00004434       0x38 ./source/utils/comProtocols/Lpuart/lpuart2_interrupt.o
 .text.__NVIC_ClearPendingIRQ
                0x0000446c       0x3c ./source/utils/comProtocols/Lpuart/lpuart2_interrupt.o
 .text.__NVIC_SetPriority
                0x000044a8       0x54 ./source/utils/comProtocols/Lpuart/lpuart2_interrupt.o
 .text.lpuart2_init
                0x000044fc       0xc4 ./source/utils/comProtocols/Lpuart/lpuart2_interrupt.o
                0x000044fc                lpuart2_init
 .text.lpuart2_getchar
                0x000045c0       0x30 ./source/utils/comProtocols/Lpuart/lpuart2_interrupt.o
                0x000045c0                lpuart2_getchar
 .text.lpuart2_rxcnt
                0x000045f0       0x14 ./source/utils/comProtocols/Lpuart/lpuart2_interrupt.o
                0x000045f0                lpuart2_rxcnt
 .text.LPUART2_IRQHandler
                0x00004604       0x7c ./source/utils/comProtocols/Lpuart/lpuart2_interrupt.o
                0x00004604                LPUART2_IRQHandler
 .text.gpio_output_init
                0x00004680       0x74 ./source/utils/comProtocols/GPIO/gpio_output.o
                0x00004680                gpio_output_init
 .text.distance
                0x000046f4      0x1ec ./source/games/gpsGame/gpsGame.o
                0x000046f4                distance
 .text.calculateBearing
                0x000048e0      0x1a0 ./source/games/gpsGame/gpsGame.o
                0x000048e0                calculateBearing
 .text.getSuccessFlag
                0x00004a80       0x14 ./source/games/gpsGame/gpsGame.o
                0x00004a80                getSuccessFlag
 .text.setSuccessFlag
                0x00004a94       0x20 ./source/games/gpsGame/gpsGame.o
                0x00004a94                setSuccessFlag
 .text.degToRad
                0x00004ab4       0x50 ./source/games/gpsGame/gpsGame.o
                0x00004ab4                degToRad
 .text.radToDeg
                0x00004b04       0x54 ./source/games/gpsGame/gpsGame.o
                0x00004b04                radToDeg
 .text.__NVIC_SetPriority
                0x00004b58       0x54 ./source/main.o
 .text.SysTick_Config
                0x00004bac       0x44 ./source/main.o
 .text.main     0x00004bf0       0x7c ./source/main.o
                0x00004bf0                main
 .text.SysTick_Handler
                0x00004c6c       0x8c ./source/main.o
                0x00004c6c                SysTick_Handler
 .text.SystemInit
                0x00004cf8      0x120 ./device/system_MCXA153.o
                0x00004cf8                SystemInit
 .text.sprintf  0x00004e18       0x6c C:/nxp/MCUXpressoIDE_24.12.148/ide/plugins/com.nxp.mcuxpresso.tools.win32_24.12.0.202407110909/tools/bin/../lib/gcc/arm-none-eabi/13.2.1/../../../../arm-none-eabi/lib/thumb/v8-m.main/nofp\libcr_c.a(fpprintf.o)
                0x00004e18                sprintf
 .text.vsnprintf
                0x00004e84       0x68 C:/nxp/MCUXpressoIDE_24.12.148/ide/plugins/com.nxp.mcuxpresso.tools.win32_24.12.0.202407110909/tools/bin/../lib/gcc/arm-none-eabi/13.2.1/../../../../arm-none-eabi/lib/thumb/v8-m.main/nofp\libcr_c.a(fpprintf.o)
                0x00004e84                vsnprintf
 .text.printf   0x00004eec       0x54 C:/nxp/MCUXpressoIDE_24.12.148/ide/plugins/com.nxp.mcuxpresso.tools.win32_24.12.0.202407110909/tools/bin/../lib/gcc/arm-none-eabi/13.2.1/../../../../arm-none-eabi/lib/thumb/v8-m.main/nofp\libcr_c.a(fpprintf.o)
                0x00004eec                printf
 .text._initio  0x00004f40       0x78 C:/nxp/MCUXpressoIDE_24.12.148/ide/plugins/com.nxp.mcuxpresso.tools.win32_24.12.0.202407110909/tools/bin/../lib/gcc/arm-none-eabi/13.2.1/../../../../arm-none-eabi/lib/thumb/v8-m.main/nofp\libcr_c.a(initio.o)
                0x00004f40                _initio
 .text.__vfprintf
                0x00004fb8      0xb70 C:/nxp/MCUXpressoIDE_24.12.148/ide/plugins/com.nxp.mcuxpresso.tools.win32_24.12.0.202407110909/tools/bin/../lib/gcc/arm-none-eabi/13.2.1/../../../../arm-none-eabi/lib/thumb/v8-m.main/nofp\libcr_c.a(printf.o)
                0x00004fb8                __vfprintf
 .text.ch_val   0x00005b28       0x30 C:/nxp/MCUXpressoIDE_24.12.148/ide/plugins/com.nxp.mcuxpresso.tools.win32_24.12.0.202407110909/tools/bin/../lib/gcc/arm-none-eabi/13.2.1/../../../../arm-none-eabi/lib/thumb/v8-m.main/nofp\libcr_c.a(scanf.o)
 .text._strtoul
                0x00005b58       0xb4 C:/nxp/MCUXpressoIDE_24.12.148/ide/plugins/com.nxp.mcuxpresso.tools.win32_24.12.0.202407110909/tools/bin/../lib/gcc/arm-none-eabi/13.2.1/../../../../arm-none-eabi/lib/thumb/v8-m.main/nofp\libcr_c.a(scanf.o)
 .text.cr_rd_int
                0x00005c0c      0x1a0 C:/nxp/MCUXpressoIDE_24.12.148/ide/plugins/com.nxp.mcuxpresso.tools.win32_24.12.0.202407110909/tools/bin/../lib/gcc/arm-none-eabi/13.2.1/../../../../arm-none-eabi/lib/thumb/v8-m.main/nofp\libcr_c.a(scanf.o)
 .text.strtod   0x00005dac       0x34 C:/nxp/MCUXpressoIDE_24.12.148/ide/plugins/com.nxp.mcuxpresso.tools.win32_24.12.0.202407110909/tools/bin/../lib/gcc/arm-none-eabi/13.2.1/../../../../arm-none-eabi/lib/thumb/v8-m.main/nofp\libcr_c.a(scanf.o)
                0x00005dac                strtod
 .text.strtol   0x00005de0       0x80 C:/nxp/MCUXpressoIDE_24.12.148/ide/plugins/com.nxp.mcuxpresso.tools.win32_24.12.0.202407110909/tools/bin/../lib/gcc/arm-none-eabi/13.2.1/../../../../arm-none-eabi/lib/thumb/v8-m.main/nofp\libcr_c.a(scanf.o)
                0x00005de0                strtol
 .text.atof     0x00005e60       0x14 C:/nxp/MCUXpressoIDE_24.12.148/ide/plugins/com.nxp.mcuxpresso.tools.win32_24.12.0.202407110909/tools/bin/../lib/gcc/arm-none-eabi/13.2.1/../../../../arm-none-eabi/lib/thumb/v8-m.main/nofp\libcr_c.a(scanf.o)
                0x00005e60                atof
 .text.atoi     0x00005e74       0x18 C:/nxp/MCUXpressoIDE_24.12.148/ide/plugins/com.nxp.mcuxpresso.tools.win32_24.12.0.202407110909/tools/bin/../lib/gcc/arm-none-eabi/13.2.1/../../../../arm-none-eabi/lib/thumb/v8-m.main/nofp\libcr_c.a(scanf.o)
                0x00005e74                atoi
 .text.__filbuf
                0x00005e8c      0x178 C:/nxp/MCUXpressoIDE_24.12.148/ide/plugins/com.nxp.mcuxpresso.tools.win32_24.12.0.202407110909/tools/bin/../lib/gcc/arm-none-eabi/13.2.1/../../../../arm-none-eabi/lib/thumb/v8-m.main/nofp\libcr_c.a(__fillbuf.o)
                0x00005e8c                __filbuf
 .text._ldexpl  0x00006004       0x48 C:/nxp/MCUXpressoIDE_24.12.148/ide/plugins/com.nxp.mcuxpresso.tools.win32_24.12.0.202407110909/tools/bin/../lib/gcc/arm-none-eabi/13.2.1/../../../../arm-none-eabi/lib/thumb/v8-m.main/nofp\libcr_c.a(_ldexpl.o)
                0x00006004                _ldexpl
 .text._Cwritebuf
                0x0000604c       0x6c C:/nxp/MCUXpressoIDE_24.12.148/ide/plugins/com.nxp.mcuxpresso.tools.win32_24.12.0.202407110909/tools/bin/../lib/gcc/arm-none-eabi/13.2.1/../../../../arm-none-eabi/lib/thumb/v8-m.main/nofp\libcr_c.a(_writebuf.o)
                0x0000604c                _Cwritebuf
 .text.malloc   0x000060b8       0xc8 C:/nxp/MCUXpressoIDE_24.12.148/ide/plugins/com.nxp.mcuxpresso.tools.win32_24.12.0.202407110909/tools/bin/../lib/gcc/arm-none-eabi/13.2.1/../../../../arm-none-eabi/lib/thumb/v8-m.main/nofp\libcr_c.a(alloc.o)
                0x000060b8                malloc
 .text._Csys_alloc
                0x00006180       0x20 C:/nxp/MCUXpressoIDE_24.12.148/ide/plugins/com.nxp.mcuxpresso.tools.win32_24.12.0.202407110909/tools/bin/../lib/gcc/arm-none-eabi/13.2.1/../../../../arm-none-eabi/lib/thumb/v8-m.main/nofp\libcr_c.a(alloc.o)
                0x00006180                _Csys_alloc
 .text.fflush   0x000061a0       0x3c C:/nxp/MCUXpressoIDE_24.12.148/ide/plugins/com.nxp.mcuxpresso.tools.win32_24.12.0.202407110909/tools/bin/../lib/gcc/arm-none-eabi/13.2.1/../../../../arm-none-eabi/lib/thumb/v8-m.main/nofp\libcr_c.a(fflush.o)
                0x000061a0                fflush
 .text.fseek    0x000061dc       0xf8 C:/nxp/MCUXpressoIDE_24.12.148/ide/plugins/com.nxp.mcuxpresso.tools.win32_24.12.0.202407110909/tools/bin/../lib/gcc/arm-none-eabi/13.2.1/../../../../arm-none-eabi/lib/thumb/v8-m.main/nofp\libcr_c.a(fseek.o)
                0x000061dc                fseek
 .text.ftell    0x000062d4       0x44 C:/nxp/MCUXpressoIDE_24.12.148/ide/plugins/com.nxp.mcuxpresso.tools.win32_24.12.0.202407110909/tools/bin/../lib/gcc/arm-none-eabi/13.2.1/../../../../arm-none-eabi/lib/thumb/v8-m.main/nofp\libcr_c.a(ftell.o)
                0x000062d4                ftell
 .text._sbrk    0x00006318       0x3c C:/nxp/MCUXpressoIDE_24.12.148/ide/plugins/com.nxp.mcuxpresso.tools.win32_24.12.0.202407110909/tools/bin/../lib/gcc/arm-none-eabi/13.2.1/../../../../arm-none-eabi/lib/thumb/v8-m.main/nofp\libcr_c.a(_cr_sbrk.o)
                0x00006318                _sbrk
 .text.__check_heap_overflow
                0x00006354       0x18 C:/nxp/MCUXpressoIDE_24.12.148/ide/plugins/com.nxp.mcuxpresso.tools.win32_24.12.0.202407110909/tools/bin/../lib/gcc/arm-none-eabi/13.2.1/../../../../arm-none-eabi/lib/thumb/v8-m.main/nofp\libcr_c.a(_cr_check_heap.o)
                0x00006354                __check_heap_overflow
 .text.__aeabi_dmul
                0x0000636c       0xfc C:/nxp/MCUXpressoIDE_24.12.148/ide/plugins/com.nxp.mcuxpresso.tools.win32_24.12.0.202407110909/tools/bin/../lib/gcc/arm-none-eabi/13.2.1/thumb/v8-m.main/nofp\libcr_eabihelpers.a(double.o)
                0x0000636c                __aeabi_dmul
 .text.__aeabi_ddiv
                0x00006468      0x134 C:/nxp/MCUXpressoIDE_24.12.148/ide/plugins/com.nxp.mcuxpresso.tools.win32_24.12.0.202407110909/tools/bin/../lib/gcc/arm-none-eabi/13.2.1/thumb/v8-m.main/nofp\libcr_eabihelpers.a(double.o)
                0x00006468                __aeabi_ddiv
 .text.__aeabi_dsub
                0x0000659c      0x1b4 C:/nxp/MCUXpressoIDE_24.12.148/ide/plugins/com.nxp.mcuxpresso.tools.win32_24.12.0.202407110909/tools/bin/../lib/gcc/arm-none-eabi/13.2.1/thumb/v8-m.main/nofp\libcr_eabihelpers.a(double.o)
                0x0000659c                __aeabi_dsub
 .text.__aeabi_dadd
                0x00006750      0x118 C:/nxp/MCUXpressoIDE_24.12.148/ide/plugins/com.nxp.mcuxpresso.tools.win32_24.12.0.202407110909/tools/bin/../lib/gcc/arm-none-eabi/13.2.1/thumb/v8-m.main/nofp\libcr_eabihelpers.a(double.o)
                0x00006750                __aeabi_dadd
 .text.__aeabi_d2f
                0x00006868       0x58 C:/nxp/MCUXpressoIDE_24.12.148/ide/plugins/com.nxp.mcuxpresso.tools.win32_24.12.0.202407110909/tools/bin/../lib/gcc/arm-none-eabi/13.2.1/thumb/v8-m.main/nofp\libcr_eabihelpers.a(double.o)
                0x00006868                __aeabi_d2f
 .text.__aeabi_fmul
                0x000068c0       0xac C:/nxp/MCUXpressoIDE_24.12.148/ide/plugins/com.nxp.mcuxpresso.tools.win32_24.12.0.202407110909/tools/bin/../lib/gcc/arm-none-eabi/13.2.1/thumb/v8-m.main/nofp\libcr_eabihelpers.a(float.o)
                0x000068c0                __aeabi_fmul
 .text.__aeabi_fdiv
                0x0000696c       0xbc C:/nxp/MCUXpressoIDE_24.12.148/ide/plugins/com.nxp.mcuxpresso.tools.win32_24.12.0.202407110909/tools/bin/../lib/gcc/arm-none-eabi/13.2.1/thumb/v8-m.main/nofp\libcr_eabihelpers.a(float.o)
                0x0000696c                __aeabi_fdiv
 .text.__aeabi_fsub
                0x00006a28       0xe4 C:/nxp/MCUXpressoIDE_24.12.148/ide/plugins/com.nxp.mcuxpresso.tools.win32_24.12.0.202407110909/tools/bin/../lib/gcc/arm-none-eabi/13.2.1/thumb/v8-m.main/nofp\libcr_eabihelpers.a(float.o)
                0x00006a28                __aeabi_fsub
 .text.__aeabi_fadd
                0x00006b0c       0xb8 C:/nxp/MCUXpressoIDE_24.12.148/ide/plugins/com.nxp.mcuxpresso.tools.win32_24.12.0.202407110909/tools/bin/../lib/gcc/arm-none-eabi/13.2.1/thumb/v8-m.main/nofp\libcr_eabihelpers.a(float.o)
                0x00006b0c                __aeabi_fadd
 .text.__aeabi_f2d
                0x00006bc4       0x38 C:/nxp/MCUXpressoIDE_24.12.148/ide/plugins/com.nxp.mcuxpresso.tools.win32_24.12.0.202407110909/tools/bin/../lib/gcc/arm-none-eabi/13.2.1/thumb/v8-m.main/nofp\libcr_eabihelpers.a(float.o)
                0x00006bc4                __aeabi_f2d
 .text.__sys_appexit
                0x00006bfc        0xc C:/nxp/MCUXpressoIDE_24.12.148/ide/plugins/com.nxp.mcuxpresso.tools.win32_24.12.0.202407110909/tools/bin/../lib/gcc/arm-none-eabi/13.2.1/../../../../arm-none-eabi/lib/thumb/v8-m.main/nofp\libcr_semihost_nf.a(__sys_appexit.o)
                0x00006bfc                __sys_appexit
                0x00006bfc                __exit
 .text.Reserved16_IRQHandler
                0x00006c08        0x8 ./startup/startup_mcxa153.o
                0x00006c08                Reserved16_IRQHandler
 .text.CMC_IRQHandler
                0x00006c10        0x8 ./startup/startup_mcxa153.o
                0x00006c10                CMC_IRQHandler
 .text.DMA_CH0_IRQHandler
                0x00006c18        0x8 ./startup/startup_mcxa153.o
                0x00006c18                DMA_CH0_IRQHandler
 .text.DMA_CH1_IRQHandler
                0x00006c20        0x8 ./startup/startup_mcxa153.o
                0x00006c20                DMA_CH1_IRQHandler
 .text.DMA_CH2_IRQHandler
                0x00006c28        0x8 ./startup/startup_mcxa153.o
                0x00006c28                DMA_CH2_IRQHandler
 .text.DMA_CH3_IRQHandler
                0x00006c30        0x8 ./startup/startup_mcxa153.o
                0x00006c30                DMA_CH3_IRQHandler
 .text.Reserved22_IRQHandler
                0x00006c38        0x8 ./startup/startup_mcxa153.o
                0x00006c38                Reserved22_IRQHandler
 .text.Reserved23_IRQHandler
                0x00006c40        0x8 ./startup/startup_mcxa153.o
                0x00006c40                Reserved23_IRQHandler
 .text.Reserved24_IRQHandler
                0x00006c48        0x8 ./startup/startup_mcxa153.o
                0x00006c48                Reserved24_IRQHandler
 .text.Reserved25_IRQHandler
                0x00006c50        0x8 ./startup/startup_mcxa153.o
                0x00006c50                Reserved25_IRQHandler
 .text.ERM0_SINGLE_BIT_IRQHandler
                0x00006c58        0x8 ./startup/startup_mcxa153.o
                0x00006c58                ERM0_SINGLE_BIT_IRQHandler
 .text.ERM0_MULTI_BIT_IRQHandler
                0x00006c60        0x8 ./startup/startup_mcxa153.o
                0x00006c60                ERM0_MULTI_BIT_IRQHandler
 .text.FMU0_IRQHandler
                0x00006c68        0x8 ./startup/startup_mcxa153.o
                0x00006c68                FMU0_IRQHandler
 .text.GLIKEY0_IRQHandler
                0x00006c70        0x8 ./startup/startup_mcxa153.o
                0x00006c70                GLIKEY0_IRQHandler
 .text.MBC0_IRQHandler
                0x00006c78        0x8 ./startup/startup_mcxa153.o
                0x00006c78                MBC0_IRQHandler
 .text.SCG0_IRQHandler
                0x00006c80        0x8 ./startup/startup_mcxa153.o
                0x00006c80                SCG0_IRQHandler
 .text.SPC0_IRQHandler
                0x00006c88        0x8 ./startup/startup_mcxa153.o
                0x00006c88                SPC0_IRQHandler
 .text.Reserved33_IRQHandler
                0x00006c90        0x8 ./startup/startup_mcxa153.o
                0x00006c90                Reserved33_IRQHandler
 .text.WUU0_IRQHandler
                0x00006c98        0x8 ./startup/startup_mcxa153.o
                0x00006c98                WUU0_IRQHandler
 .text.Reserved35_IRQHandler
                0x00006ca0        0x8 ./startup/startup_mcxa153.o
                0x00006ca0                Reserved35_IRQHandler
 .text.Reserved36_IRQHandler
                0x00006ca8        0x8 ./startup/startup_mcxa153.o
                0x00006ca8                Reserved36_IRQHandler
 .text.Reserved37_IRQHandler
                0x00006cb0        0x8 ./startup/startup_mcxa153.o
                0x00006cb0                Reserved37_IRQHandler
 .text.Reserved38_IRQHandler
                0x00006cb8        0x8 ./startup/startup_mcxa153.o
                0x00006cb8                Reserved38_IRQHandler
 .text.Reserved39_IRQHandler
                0x00006cc0        0x8 ./startup/startup_mcxa153.o
                0x00006cc0                Reserved39_IRQHandler
 .text.I3C0_IRQHandler
                0x00006cc8        0x8 ./startup/startup_mcxa153.o
                0x00006cc8                I3C0_IRQHandler
 .text.Reserved41_IRQHandler
                0x00006cd0        0x8 ./startup/startup_mcxa153.o
                0x00006cd0                Reserved41_IRQHandler
 .text.LPI2C0_IRQHandler
                0x00006cd8        0x8 ./startup/startup_mcxa153.o
                0x00006cd8                LPI2C0_IRQHandler
 .text.Reserved43_IRQHandler
                0x00006ce0        0x8 ./startup/startup_mcxa153.o
                0x00006ce0                Reserved43_IRQHandler
 .text.LPSPI0_IRQHandler
                0x00006ce8        0x8 ./startup/startup_mcxa153.o
                0x00006ce8                LPSPI0_IRQHandler
 .text.LPSPI1_IRQHandler
                0x00006cf0        0x8 ./startup/startup_mcxa153.o
                0x00006cf0                LPSPI1_IRQHandler
 .text.Reserved46_IRQHandler
                0x00006cf8        0x8 ./startup/startup_mcxa153.o
                0x00006cf8                Reserved46_IRQHandler
 .text.LPUART1_IRQHandler
                0x00006d00        0x8 ./startup/startup_mcxa153.o
                0x00006d00                LPUART1_IRQHandler
 .text.Reserved50_IRQHandler
                0x00006d08        0x8 ./startup/startup_mcxa153.o
                0x00006d08                Reserved50_IRQHandler
 .text.Reserved51_IRQHandler
                0x00006d10        0x8 ./startup/startup_mcxa153.o
                0x00006d10                Reserved51_IRQHandler
 .text.USB0_IRQHandler
                0x00006d18        0x8 ./startup/startup_mcxa153.o
                0x00006d18                USB0_IRQHandler
 .text.Reserved53_IRQHandler
                0x00006d20        0x8 ./startup/startup_mcxa153.o
                0x00006d20                Reserved53_IRQHandler
 .text.CDOG0_IRQHandler
                0x00006d28        0x8 ./startup/startup_mcxa153.o
                0x00006d28                CDOG0_IRQHandler
 .text.CTIMER0_IRQHandler
                0x00006d30        0x8 ./startup/startup_mcxa153.o
                0x00006d30                CTIMER0_IRQHandler
 .text.CTIMER1_IRQHandler
                0x00006d38        0x8 ./startup/startup_mcxa153.o
                0x00006d38                CTIMER1_IRQHandler
 .text.CTIMER2_IRQHandler
                0x00006d40        0x8 ./startup/startup_mcxa153.o
                0x00006d40                CTIMER2_IRQHandler
 .text.Reserved58_IRQHandler
                0x00006d48        0x8 ./startup/startup_mcxa153.o
                0x00006d48                Reserved58_IRQHandler
 .text.Reserved59_IRQHandler
                0x00006d50        0x8 ./startup/startup_mcxa153.o
                0x00006d50                Reserved59_IRQHandler
 .text.FLEXPWM0_RELOAD_ERROR_IRQHandler
                0x00006d58        0x8 ./startup/startup_mcxa153.o
                0x00006d58                FLEXPWM0_RELOAD_ERROR_IRQHandler
 .text.FLEXPWM0_FAULT_IRQHandler
                0x00006d60        0x8 ./startup/startup_mcxa153.o
                0x00006d60                FLEXPWM0_FAULT_IRQHandler
 .text.FLEXPWM0_SUBMODULE0_IRQHandler
                0x00006d68        0x8 ./startup/startup_mcxa153.o
                0x00006d68                FLEXPWM0_SUBMODULE0_IRQHandler
 .text.FLEXPWM0_SUBMODULE1_IRQHandler
                0x00006d70        0x8 ./startup/startup_mcxa153.o
                0x00006d70                FLEXPWM0_SUBMODULE1_IRQHandler
 .text.FLEXPWM0_SUBMODULE2_IRQHandler
                0x00006d78        0x8 ./startup/startup_mcxa153.o
                0x00006d78                FLEXPWM0_SUBMODULE2_IRQHandler
 .text.Reserved65_IRQHandler
                0x00006d80        0x8 ./startup/startup_mcxa153.o
                0x00006d80                Reserved65_IRQHandler
 .text.QDC0_COMPARE_IRQHandler
                0x00006d88        0x8 ./startup/startup_mcxa153.o
                0x00006d88                QDC0_COMPARE_IRQHandler
 .text.QDC0_HOME_IRQHandler
                0x00006d90        0x8 ./startup/startup_mcxa153.o
                0x00006d90                QDC0_HOME_IRQHandler
 .text.QDC0_WATCHDOG_IRQHandler
                0x00006d98        0x8 ./startup/startup_mcxa153.o
                0x00006d98                QDC0_WATCHDOG_IRQHandler
 .text.QDC0_INDEX_IRQHandler
                0x00006da0        0x8 ./startup/startup_mcxa153.o
                0x00006da0                QDC0_INDEX_IRQHandler
 .text.FREQME0_IRQHandler
                0x00006da8        0x8 ./startup/startup_mcxa153.o
                0x00006da8                FREQME0_IRQHandler
 .text.LPTMR0_IRQHandler
                0x00006db0        0x8 ./startup/startup_mcxa153.o
                0x00006db0                LPTMR0_IRQHandler
 .text.Reserved72_IRQHandler
                0x00006db8        0x8 ./startup/startup_mcxa153.o
                0x00006db8                Reserved72_IRQHandler
 .text.OS_EVENT_IRQHandler
                0x00006dc0        0x8 ./startup/startup_mcxa153.o
                0x00006dc0                OS_EVENT_IRQHandler
 .text.WAKETIMER0_IRQHandler
                0x00006dc8        0x8 ./startup/startup_mcxa153.o
                0x00006dc8                WAKETIMER0_IRQHandler
 .text.UTICK0_IRQHandler
                0x00006dd0        0x8 ./startup/startup_mcxa153.o
                0x00006dd0                UTICK0_IRQHandler
 .text.WWDT0_IRQHandler
                0x00006dd8        0x8 ./startup/startup_mcxa153.o
                0x00006dd8                WWDT0_IRQHandler
 .text.Reserved77_IRQHandler
                0x00006de0        0x8 ./startup/startup_mcxa153.o
                0x00006de0                Reserved77_IRQHandler
 .text.ADC0_IRQHandler
                0x00006de8        0x8 ./startup/startup_mcxa153.o
                0x00006de8                ADC0_IRQHandler
 .text.Reserved79_IRQHandler
                0x00006df0        0x8 ./startup/startup_mcxa153.o
                0x00006df0                Reserved79_IRQHandler
 .text.CMP0_IRQHandler
                0x00006df8        0x8 ./startup/startup_mcxa153.o
                0x00006df8                CMP0_IRQHandler
 .text.CMP1_IRQHandler
                0x00006e00        0x8 ./startup/startup_mcxa153.o
                0x00006e00                CMP1_IRQHandler
 .text.Reserved82_IRQHandler
                0x00006e08        0x8 ./startup/startup_mcxa153.o
                0x00006e08                Reserved82_IRQHandler
 .text.Reserved83_IRQHandler
                0x00006e10        0x8 ./startup/startup_mcxa153.o
                0x00006e10                Reserved83_IRQHandler
 .text.Reserved84_IRQHandler
                0x00006e18        0x8 ./startup/startup_mcxa153.o
                0x00006e18                Reserved84_IRQHandler
 .text.Reserved85_IRQHandler
                0x00006e20        0x8 ./startup/startup_mcxa153.o
                0x00006e20                Reserved85_IRQHandler
 .text.Reserved86_IRQHandler
                0x00006e28        0x8 ./startup/startup_mcxa153.o
                0x00006e28                Reserved86_IRQHandler
 .text.GPIO0_IRQHandler
                0x00006e30        0x8 ./startup/startup_mcxa153.o
                0x00006e30                GPIO0_IRQHandler
 .text.GPIO1_IRQHandler
                0x00006e38        0x8 ./startup/startup_mcxa153.o
                0x00006e38                GPIO1_IRQHandler
 .text.GPIO2_IRQHandler
                0x00006e40        0x8 ./startup/startup_mcxa153.o
                0x00006e40                GPIO2_IRQHandler
 .text.GPIO3_IRQHandler
                0x00006e48        0x8 ./startup/startup_mcxa153.o
                0x00006e48                GPIO3_IRQHandler
 .text.ld_word  0x00006e50       0x30 ./source/utils/sdCard/FatFs/ff.o
 .text.ld_dword
                0x00006e80       0x44 ./source/utils/sdCard/FatFs/ff.o
 .text.st_word  0x00006ec4       0x34 ./source/utils/sdCard/FatFs/ff.o
 .text.st_dword
                0x00006ef8       0x56 ./source/utils/sdCard/FatFs/ff.o
 .text.dbc_1st  0x00006f4e       0x3e ./source/utils/sdCard/FatFs/ff.o
 .text.dbc_2nd  0x00006f8c       0x52 ./source/utils/sdCard/FatFs/ff.o
 .text.sync_window
                0x00006fde       0x78 ./source/utils/sdCard/FatFs/ff.o
 .text.move_window
                0x00007056       0x5a ./source/utils/sdCard/FatFs/ff.o
 .text.clst2sect
                0x000070b0       0x3c ./source/utils/sdCard/FatFs/ff.o
 .text.get_fat  0x000070ec      0x14e ./source/utils/sdCard/FatFs/ff.o
 .text.put_fat  0x0000723a      0x1d4 ./source/utils/sdCard/FatFs/ff.o
 .text.remove_chain
                0x0000740e       0xca ./source/utils/sdCard/FatFs/ff.o
 .text.create_chain
                0x000074d8      0x1aa ./source/utils/sdCard/FatFs/ff.o
 .text.dir_clear
                0x00007682       0x90 ./source/utils/sdCard/FatFs/ff.o
 .text.dir_sdi  0x00007712       0xf6 ./source/utils/sdCard/FatFs/ff.o
 .text.dir_next
                0x00007808      0x12c ./source/utils/sdCard/FatFs/ff.o
 .text.dir_alloc
                0x00007934       0x8e ./source/utils/sdCard/FatFs/ff.o
 .text.ld_clust
                0x000079c2       0x3e ./source/utils/sdCard/FatFs/ff.o
 .text.st_clust
                0x00007a00       0x40 ./source/utils/sdCard/FatFs/ff.o
 .text.dir_read
                0x00007a40       0xba ./source/utils/sdCard/FatFs/ff.o
 .text.dir_find
                0x00007afa       0xaa ./source/utils/sdCard/FatFs/ff.o
 .text.dir_register
                0x00007ba4       0x64 ./source/utils/sdCard/FatFs/ff.o
 .text.dir_remove
                0x00007c08       0x3c ./source/utils/sdCard/FatFs/ff.o
 .text.follow_path
                0x00007c44      0x11c ./source/utils/sdCard/FatFs/ff.o
 .text.find_volume
                0x00007d60       0xbe ./source/utils/sdCard/FatFs/ff.o
 .text.validate
                0x00007e1e       0x6a ./source/utils/sdCard/FatFs/ff.o
 .text.f_read   0x00007e88      0x21a ./source/utils/sdCard/FatFs/ff.o
                0x00007e88                f_read
 .text.f_write  0x000080a2      0x2ba ./source/utils/sdCard/FatFs/ff.o
                0x000080a2                f_write
 .text.f_close  0x0000835c       0x40 ./source/utils/sdCard/FatFs/ff.o
                0x0000835c                f_close
 .text.f_lseek  0x0000839c      0x1fc ./source/utils/sdCard/FatFs/ff.o
                0x0000839c                f_lseek
 .text.f_unlink
                0x00008598      0x168 ./source/utils/sdCard/FatFs/ff.o
                0x00008598                f_unlink
 .text.putc_bfd
                0x00008700       0x70 ./source/utils/sdCard/FatFs/ff.o
 .text.putc_flush
                0x00008770       0x4a ./source/utils/sdCard/FatFs/ff.o
 .text.putc_init
                0x000087ba       0x22 ./source/utils/sdCard/FatFs/ff.o
 .text.dly_us   0x000087dc       0x32 ./source/utils/sdCard/FatFs/sdmm.o
                0x000087dc                dly_us
 .text.wait_ready
                0x0000880e       0x48 ./source/utils/sdCard/FatFs/sdmm.o
 .text.rcvr_datablock
                0x00008856       0x62 ./source/utils/sdCard/FatFs/sdmm.o
 .text.xmit_datablock
                0x000088b8       0x6a ./source/utils/sdCard/FatFs/sdmm.o
 .text.send_cmd
                0x00008922       0xda ./source/utils/sdCard/FatFs/sdmm.o
 .text.disk_ioctl
                0x000089fc      0x116 ./source/utils/sdCard/FatFs/sdmm.o
                0x000089fc                disk_ioctl
 .text.strsep   0x00008b12       0x78 ./source/utils/gps/gps.o
                0x00008b12                strsep
 .text.__sys_write
                0x00008b8a       0x56 ./source/utils/comProtocols/Lpuart/retarget.o
                0x00008b8a                __sys_write
 .text.__sys_readc
                0x00008be0        0xe ./source/utils/comProtocols/Lpuart/retarget.o
                0x00008be0                __sys_readc
 .text.f_init   0x00008bee       0x4a ./source/utils/comProtocols/fifo.o
                0x00008bee                f_init
 .text.f_push   0x00008c38       0x6a ./source/utils/comProtocols/fifo.o
                0x00008c38                f_push
 .text.f_pop    0x00008ca2       0x66 ./source/utils/comProtocols/fifo.o
                0x00008ca2                f_pop
 .text.f_cnt    0x00008d08       0x16 ./source/utils/comProtocols/fifo.o
                0x00008d08                f_cnt
 .text.HardFault_Handler
                0x00008d1e       0x36 ./source/semihost_hardfault.o
                0x00008d1e                HardFault_Handler
 .text.SystemInitHook
                0x00008d54        0xc ./device/system_MCXA153.o
                0x00008d54                SystemInitHook
 .text.__main   0x00008d60        0xe C:/nxp/MCUXpressoIDE_24.12.148/ide/plugins/com.nxp.mcuxpresso.tools.win32_24.12.0.202407110909/tools/bin/../lib/gcc/arm-none-eabi/13.2.1/../../../../arm-none-eabi/lib/thumb/v8-m.main/nofp\libcr_semihost_nf.a(_cr__main.o)
                0x00008d60                __CR_SEMIHOST
                0x00008d60                __main
 .text.memcpy   0x00008d6e        0x4 C:/nxp/MCUXpressoIDE_24.12.148/ide/plugins/com.nxp.mcuxpresso.tools.win32_24.12.0.202407110909/tools/bin/../lib/gcc/arm-none-eabi/13.2.1/../../../../arm-none-eabi/lib/thumb/v8-m.main/nofp\libcr_c.a(memcpy.o)
                0x00008d6e                memcpy
 .text.memset   0x00008d72        0x4 C:/nxp/MCUXpressoIDE_24.12.148/ide/plugins/com.nxp.mcuxpresso.tools.win32_24.12.0.202407110909/tools/bin/../lib/gcc/arm-none-eabi/13.2.1/../../../../arm-none-eabi/lib/thumb/v8-m.main/nofp\libcr_c.a(memset.o)
                0x00008d72                memset
 .text.fabs     0x00008d76       0x1c C:/nxp/MCUXpressoIDE_24.12.148/ide/plugins/com.nxp.mcuxpresso.tools.win32_24.12.0.202407110909/tools/bin/../lib/gcc/arm-none-eabi/13.2.1/../../../../arm-none-eabi/lib/thumb/v8-m.main/nofp\libcr_c.a(fabs.o)
                0x00008d76                fabs
 .text.fp_round
                0x00008d92       0x4c C:/nxp/MCUXpressoIDE_24.12.148/ide/plugins/com.nxp.mcuxpresso.tools.win32_24.12.0.202407110909/tools/bin/../lib/gcc/arm-none-eabi/13.2.1/../../../../arm-none-eabi/lib/thumb/v8-m.main/nofp\libcr_c.a(fpprintf.o)
 .text.pr_dec.constprop.0
                0x00008dde       0x24 C:/nxp/MCUXpressoIDE_24.12.148/ide/plugins/com.nxp.mcuxpresso.tools.win32_24.12.0.202407110909/tools/bin/../lib/gcc/arm-none-eabi/13.2.1/../../../../arm-none-eabi/lib/thumb/v8-m.main/nofp\libcr_c.a(fpprintf.o)
 .text.memcmp   0x00008e02       0x42 C:/nxp/MCUXpressoIDE_24.12.148/ide/plugins/com.nxp.mcuxpresso.tools.win32_24.12.0.202407110909/tools/bin/../lib/gcc/arm-none-eabi/13.2.1/../../../../arm-none-eabi/lib/thumb/v8-m.main/nofp\libcr_c.a(memcmp.o)
                0x00008e02                memcmp
 .text.sscanf   0x00008e44       0x3e C:/nxp/MCUXpressoIDE_24.12.148/ide/plugins/com.nxp.mcuxpresso.tools.win32_24.12.0.202407110909/tools/bin/../lib/gcc/arm-none-eabi/13.2.1/../../../../arm-none-eabi/lib/thumb/v8-m.main/nofp\libcr_c.a(scanf.o)
                0x00008e44                sscanf
 .text.setvbuf  0x00008e82       0x3e C:/nxp/MCUXpressoIDE_24.12.148/ide/plugins/com.nxp.mcuxpresso.tools.win32_24.12.0.202407110909/tools/bin/../lib/gcc/arm-none-eabi/13.2.1/../../../../arm-none-eabi/lib/thumb/v8-m.main/nofp\libcr_c.a(setvbuf.o)
                0x00008e82                setvbuf
 .text.sin      0x00008ec0       0x38 C:/nxp/MCUXpressoIDE_24.12.148/ide/plugins/com.nxp.mcuxpresso.tools.win32_24.12.0.202407110909/tools/bin/../lib/gcc/arm-none-eabi/13.2.1/../../../../arm-none-eabi/lib/thumb/v8-m.main/nofp\libcr_c.a(sin.o)
                0x00008ec0                sin
 .text.strchr   0x00008ef8       0x18 C:/nxp/MCUXpressoIDE_24.12.148/ide/plugins/com.nxp.mcuxpresso.tools.win32_24.12.0.202407110909/tools/bin/../lib/gcc/arm-none-eabi/13.2.1/../../../../arm-none-eabi/lib/thumb/v8-m.main/nofp\libcr_c.a(strchr.o)
                0x00008ef8                strchr
 .text.strlen   0x00008f10       0x4e C:/nxp/MCUXpressoIDE_24.12.148/ide/plugins/com.nxp.mcuxpresso.tools.win32_24.12.0.202407110909/tools/bin/../lib/gcc/arm-none-eabi/13.2.1/../../../../arm-none-eabi/lib/thumb/v8-m.main/nofp\libcr_c.a(strlen.o)
                0x00008f10                strlen
 .text.strncat  0x00008f5e       0x28 C:/nxp/MCUXpressoIDE_24.12.148/ide/plugins/com.nxp.mcuxpresso.tools.win32_24.12.0.202407110909/tools/bin/../lib/gcc/arm-none-eabi/13.2.1/../../../../arm-none-eabi/lib/thumb/v8-m.main/nofp\libcr_c.a(strncat.o)
                0x00008f5e                strncat
 .text.strncmp  0x00008f86       0x54 C:/nxp/MCUXpressoIDE_24.12.148/ide/plugins/com.nxp.mcuxpresso.tools.win32_24.12.0.202407110909/tools/bin/../lib/gcc/arm-none-eabi/13.2.1/../../../../arm-none-eabi/lib/thumb/v8-m.main/nofp\libcr_c.a(strncmp.o)
                0x00008f86                strncmp
 .text.strpbrk  0x00008fda       0x20 C:/nxp/MCUXpressoIDE_24.12.148/ide/plugins/com.nxp.mcuxpresso.tools.win32_24.12.0.202407110909/tools/bin/../lib/gcc/arm-none-eabi/13.2.1/../../../../arm-none-eabi/lib/thumb/v8-m.main/nofp\libcr_c.a(strpbrk.o)
                0x00008fda                strpbrk
 .text.ungetc   0x00008ffa       0x32 C:/nxp/MCUXpressoIDE_24.12.148/ide/plugins/com.nxp.mcuxpresso.tools.win32_24.12.0.202407110909/tools/bin/../lib/gcc/arm-none-eabi/13.2.1/../../../../arm-none-eabi/lib/thumb/v8-m.main/nofp\libcr_c.a(ungetc.o)
                0x00008ffa                ungetc
 .text._Csys_read_
                0x0000902c       0x22 C:/nxp/MCUXpressoIDE_24.12.148/ide/plugins/com.nxp.mcuxpresso.tools.win32_24.12.0.202407110909/tools/bin/../lib/gcc/arm-none-eabi/13.2.1/../../../../arm-none-eabi/lib/thumb/v8-m.main/nofp\libcr_c.a(__fillbuf.o)
                0x0000902c                _Csys_read_
 .text._deferredlazyseek
                0x0000904e       0x40 C:/nxp/MCUXpressoIDE_24.12.148/ide/plugins/com.nxp.mcuxpresso.tools.win32_24.12.0.202407110909/tools/bin/../lib/gcc/arm-none-eabi/13.2.1/../../../../arm-none-eabi/lib/thumb/v8-m.main/nofp\libcr_c.a(_deferredlazyseek.o)
                0x0000904e                _deferredlazyseek
 .text.__flsbuf
                0x0000908e      0x126 C:/nxp/MCUXpressoIDE_24.12.148/ide/plugins/com.nxp.mcuxpresso.tools.win32_24.12.0.202407110909/tools/bin/../lib/gcc/arm-none-eabi/13.2.1/../../../../arm-none-eabi/lib/thumb/v8-m.main/nofp\libcr_c.a(_deferredlazyseek.o)
                0x0000908e                __flsbuf
 .text._fdopen  0x000091b4       0x68 C:/nxp/MCUXpressoIDE_24.12.148/ide/plugins/com.nxp.mcuxpresso.tools.win32_24.12.0.202407110909/tools/bin/../lib/gcc/arm-none-eabi/13.2.1/../../../../arm-none-eabi/lib/thumb/v8-m.main/nofp\libcr_c.a(_fdopen.o)
                0x000091b4                _fdopen
 .text._fflush  0x0000921c       0x52 C:/nxp/MCUXpressoIDE_24.12.148/ide/plugins/com.nxp.mcuxpresso.tools.win32_24.12.0.202407110909/tools/bin/../lib/gcc/arm-none-eabi/13.2.1/../../../../arm-none-eabi/lib/thumb/v8-m.main/nofp\libcr_c.a(_fflush.o)
                0x0000921c                _fflush
 .text._frexpl  0x0000926e       0x5a C:/nxp/MCUXpressoIDE_24.12.148/ide/plugins/com.nxp.mcuxpresso.tools.win32_24.12.0.202407110909/tools/bin/../lib/gcc/arm-none-eabi/13.2.1/../../../../arm-none-eabi/lib/thumb/v8-m.main/nofp\libcr_c.a(_frexpl.o)
                0x0000926e                _frexpl
 .text.free     0x000092c8       0x30 C:/nxp/MCUXpressoIDE_24.12.148/ide/plugins/com.nxp.mcuxpresso.tools.win32_24.12.0.202407110909/tools/bin/../lib/gcc/arm-none-eabi/13.2.1/../../../../arm-none-eabi/lib/thumb/v8-m.main/nofp\libcr_c.a(alloc.o)
                0x000092c8                free
 .text.fclose   0x000092f8       0x58 C:/nxp/MCUXpressoIDE_24.12.148/ide/plugins/com.nxp.mcuxpresso.tools.win32_24.12.0.202407110909/tools/bin/../lib/gcc/arm-none-eabi/13.2.1/../../../../arm-none-eabi/lib/thumb/v8-m.main/nofp\libcr_c.a(fclose.o)
                0x000092f8                fclose
 .text.remove   0x00009350       0x14 C:/nxp/MCUXpressoIDE_24.12.148/ide/plugins/com.nxp.mcuxpresso.tools.win32_24.12.0.202407110909/tools/bin/../lib/gcc/arm-none-eabi/13.2.1/../../../../arm-none-eabi/lib/thumb/v8-m.main/nofp\libcr_c.a(remove.o)
                0x00009350                remove
 .text._do_fflush
                0x00009364       0x40 C:/nxp/MCUXpressoIDE_24.12.148/ide/plugins/com.nxp.mcuxpresso.tools.win32_24.12.0.202407110909/tools/bin/../lib/gcc/arm-none-eabi/13.2.1/../../../../arm-none-eabi/lib/thumb/v8-m.main/nofp\libcr_c.a(_do_fflush.o)
                0x00009364                _do_fflush
 .text.__aeabi_division_uldivmod
                0x000093a4      0x174 C:/nxp/MCUXpressoIDE_24.12.148/ide/plugins/com.nxp.mcuxpresso.tools.win32_24.12.0.202407110909/tools/bin/../lib/gcc/arm-none-eabi/13.2.1/thumb/v8-m.main/nofp\libcr_eabihelpers.a(division_64.o)
                0x000093a4                __aeabi_uldivmod
                0x000093a8                __bhs_ldivmod1
 .text.__aeabi_division_idiv0
                0x00009518        0x2 C:/nxp/MCUXpressoIDE_24.12.148/ide/plugins/com.nxp.mcuxpresso.tools.win32_24.12.0.202407110909/tools/bin/../lib/gcc/arm-none-eabi/13.2.1/thumb/v8-m.main/nofp\libcr_eabihelpers.a(division_idiv0.o)
                0x00009518                __aeabi_idiv0
 .text.__aeabi_d2iz
                0x0000951a       0x42 C:/nxp/MCUXpressoIDE_24.12.148/ide/plugins/com.nxp.mcuxpresso.tools.win32_24.12.0.202407110909/tools/bin/../lib/gcc/arm-none-eabi/13.2.1/thumb/v8-m.main/nofp\libcr_eabihelpers.a(double.o)
                0x0000951a                __aeabi_d2iz
 .text.__bhs_ui2d
                0x0000955c       0x46 C:/nxp/MCUXpressoIDE_24.12.148/ide/plugins/com.nxp.mcuxpresso.tools.win32_24.12.0.202407110909/tools/bin/../lib/gcc/arm-none-eabi/13.2.1/thumb/v8-m.main/nofp\libcr_eabihelpers.a(double.o)
                0x0000955c                __bhs_ui2d
 .text.__aeabi_i2d
                0x000095a2       0x10 C:/nxp/MCUXpressoIDE_24.12.148/ide/plugins/com.nxp.mcuxpresso.tools.win32_24.12.0.202407110909/tools/bin/../lib/gcc/arm-none-eabi/13.2.1/thumb/v8-m.main/nofp\libcr_eabihelpers.a(double.o)
                0x000095a2                __aeabi_i2d
 .text.__aeabi_dcmpeq
                0x000095b2       0x30 C:/nxp/MCUXpressoIDE_24.12.148/ide/plugins/com.nxp.mcuxpresso.tools.win32_24.12.0.202407110909/tools/bin/../lib/gcc/arm-none-eabi/13.2.1/thumb/v8-m.main/nofp\libcr_eabihelpers.a(double.o)
                0x000095b2                __aeabi_dcmpeq
 .text.__aeabi_dcmplt
                0x000095e2       0x56 C:/nxp/MCUXpressoIDE_24.12.148/ide/plugins/com.nxp.mcuxpresso.tools.win32_24.12.0.202407110909/tools/bin/../lib/gcc/arm-none-eabi/13.2.1/thumb/v8-m.main/nofp\libcr_eabihelpers.a(double.o)
                0x000095e2                __aeabi_dcmplt
 .text.__aeabi_dcmpgt
                0x00009638       0x56 C:/nxp/MCUXpressoIDE_24.12.148/ide/plugins/com.nxp.mcuxpresso.tools.win32_24.12.0.202407110909/tools/bin/../lib/gcc/arm-none-eabi/13.2.1/thumb/v8-m.main/nofp\libcr_eabihelpers.a(double.o)
                0x00009638                __aeabi_dcmpgt
 .text.__aeabi_dcmple
                0x0000968e       0x54 C:/nxp/MCUXpressoIDE_24.12.148/ide/plugins/com.nxp.mcuxpresso.tools.win32_24.12.0.202407110909/tools/bin/../lib/gcc/arm-none-eabi/13.2.1/thumb/v8-m.main/nofp\libcr_eabihelpers.a(double.o)
                0x0000968e                __aeabi_dcmple
 .text.__aeabi_dcmpge
                0x000096e2       0x5a C:/nxp/MCUXpressoIDE_24.12.148/ide/plugins/com.nxp.mcuxpresso.tools.win32_24.12.0.202407110909/tools/bin/../lib/gcc/arm-none-eabi/13.2.1/thumb/v8-m.main/nofp\libcr_eabihelpers.a(double.o)
                0x000096e2                __aeabi_dcmpge
 .text.__aeabi_f2iz
                0x0000973c       0x34 C:/nxp/MCUXpressoIDE_24.12.148/ide/plugins/com.nxp.mcuxpresso.tools.win32_24.12.0.202407110909/tools/bin/../lib/gcc/arm-none-eabi/13.2.1/thumb/v8-m.main/nofp\libcr_eabihelpers.a(float.o)
                0x0000973c                __aeabi_f2iz
 .text.__bhs_ui2f
                0x00009770       0x26 C:/nxp/MCUXpressoIDE_24.12.148/ide/plugins/com.nxp.mcuxpresso.tools.win32_24.12.0.202407110909/tools/bin/../lib/gcc/arm-none-eabi/13.2.1/thumb/v8-m.main/nofp\libcr_eabihelpers.a(float.o)
                0x00009770                __bhs_ui2f
 .text.__aeabi_i2f
                0x00009796       0x10 C:/nxp/MCUXpressoIDE_24.12.148/ide/plugins/com.nxp.mcuxpresso.tools.win32_24.12.0.202407110909/tools/bin/../lib/gcc/arm-none-eabi/13.2.1/thumb/v8-m.main/nofp\libcr_eabihelpers.a(float.o)
                0x00009796                __aeabi_i2f
 .text.__aeabi_fcmpeq
                0x000097a6       0x1e C:/nxp/MCUXpressoIDE_24.12.148/ide/plugins/com.nxp.mcuxpresso.tools.win32_24.12.0.202407110909/tools/bin/../lib/gcc/arm-none-eabi/13.2.1/thumb/v8-m.main/nofp\libcr_eabihelpers.a(float.o)
                0x000097a6                __aeabi_fcmpeq
 .text.__aeabi_fcmplt
                0x000097c4       0x3a C:/nxp/MCUXpressoIDE_24.12.148/ide/plugins/com.nxp.mcuxpresso.tools.win32_24.12.0.202407110909/tools/bin/../lib/gcc/arm-none-eabi/13.2.1/thumb/v8-m.main/nofp\libcr_eabihelpers.a(float.o)
                0x000097c4                __aeabi_fcmplt
 .text.__aeabi_memcpy
                0x000097fe       0x34 C:/nxp/MCUXpressoIDE_24.12.148/ide/plugins/com.nxp.mcuxpresso.tools.win32_24.12.0.202407110909/tools/bin/../lib/gcc/arm-none-eabi/13.2.1/thumb/v8-m.main/nofp\libcr_eabihelpers.a(memcpy.o)
                0x000097fe                __aeabi_memcpy
                0x00009808                __aeabi_memcpy8
                0x00009808                __aeabi_memcpy4
 .text.__aeabi_memset_lowlevel
                0x00009832       0x32 C:/nxp/MCUXpressoIDE_24.12.148/ide/plugins/com.nxp.mcuxpresso.tools.win32_24.12.0.202407110909/tools/bin/../lib/gcc/arm-none-eabi/13.2.1/thumb/v8-m.main/nofp\libcr_eabihelpers.a(memcpy.o)
                0x00009832                __aeabi_lowlevel_memset
 .text.__sys_close
                0x00009864        0xc C:/nxp/MCUXpressoIDE_24.12.148/ide/plugins/com.nxp.mcuxpresso.tools.win32_24.12.0.202407110909/tools/bin/../lib/gcc/arm-none-eabi/13.2.1/../../../../arm-none-eabi/lib/thumb/v8-m.main/nofp\libcr_semihost_nf.a(__sys_close.o)
                0x00009864                __sys_close
 .text.__sys_flen
                0x00009870        0xc C:/nxp/MCUXpressoIDE_24.12.148/ide/plugins/com.nxp.mcuxpresso.tools.win32_24.12.0.202407110909/tools/bin/../lib/gcc/arm-none-eabi/13.2.1/../../../../arm-none-eabi/lib/thumb/v8-m.main/nofp\libcr_semihost_nf.a(__sys_flen.o)
                0x00009870                __sys_flen
 .text.__sys_istty
                0x0000987c        0xc C:/nxp/MCUXpressoIDE_24.12.148/ide/plugins/com.nxp.mcuxpresso.tools.win32_24.12.0.202407110909/tools/bin/../lib/gcc/arm-none-eabi/13.2.1/../../../../arm-none-eabi/lib/thumb/v8-m.main/nofp\libcr_semihost_nf.a(__sys_istty.o)
                0x0000987c                __sys_istty
 .text.__sys_read
                0x00009888        0xc C:/nxp/MCUXpressoIDE_24.12.148/ide/plugins/com.nxp.mcuxpresso.tools.win32_24.12.0.202407110909/tools/bin/../lib/gcc/arm-none-eabi/13.2.1/../../../../arm-none-eabi/lib/thumb/v8-m.main/nofp\libcr_semihost_nf.a(__sys_read.o)
                0x00009888                __sys_read
 .text.__sys_remove
                0x00009894        0xc C:/nxp/MCUXpressoIDE_24.12.148/ide/plugins/com.nxp.mcuxpresso.tools.win32_24.12.0.202407110909/tools/bin/../lib/gcc/arm-none-eabi/13.2.1/../../../../arm-none-eabi/lib/thumb/v8-m.main/nofp\libcr_semihost_nf.a(__sys_remove.o)
                0x00009894                __sys_remove
 .text.__sys_seek
                0x000098a0        0xc C:/nxp/MCUXpressoIDE_24.12.148/ide/plugins/com.nxp.mcuxpresso.tools.win32_24.12.0.202407110909/tools/bin/../lib/gcc/arm-none-eabi/13.2.1/../../../../arm-none-eabi/lib/thumb/v8-m.main/nofp\libcr_semihost_nf.a(__sys_seek.o)
                0x000098a0                __sys_seek
 .text.__sys_tmpnam
                0x000098ac        0xc C:/nxp/MCUXpressoIDE_24.12.148/ide/plugins/com.nxp.mcuxpresso.tools.win32_24.12.0.202407110909/tools/bin/../lib/gcc/arm-none-eabi/13.2.1/../../../../arm-none-eabi/lib/thumb/v8-m.main/nofp\libcr_semihost_nf.a(__sys_tmpnam.o)
                0x000098ac                __sys_tmpnam
 *(SORT_BY_ALIGNMENT(.rodata) SORT_BY_ALIGNMENT(.rodata.*) SORT_BY_ALIGNMENT(.constdata) SORT_BY_ALIGNMENT(.constdata.*))
 .rodata.a.0    0x000098b8       0x20 C:/nxp/MCUXpressoIDE_24.12.148/ide/plugins/com.nxp.mcuxpresso.tools.win32_24.12.0.202407110909/tools/bin/../lib/gcc/arm-none-eabi/13.2.1/../../../../arm-none-eabi/lib/thumb/v8-m.main/nofp\libcr_c.a(atan.o)
 .rodata.create_name.str1.4
                0x000098d8      0x13e ./source/utils/sdCard/FatFs/ff.o
                                  0xf (size before relaxing)
 .rodata.check_fs.str1.4
                0x00009a16        0x9 ./source/utils/sdCard/FatFs/ff.o
 .rodata.ftoa.str1.4
                0x00009a16        0xb ./source/utils/sdCard/FatFs/ff.o
 .rodata.sdInit.str1.4
                0x00009a16       0x31 ./source/utils/sdCard/sdCard.o
 .rodata.sdWrite.str1.4
                0x00009a16        0xf ./source/utils/sdCard/sdCard.o
 .rodata.sdLog.str1.4
                0x00009a16       0x16 ./source/utils/sdCard/sdCard.o
 .rodata.sdRead.str1.4
                0x00009a16        0xc ./source/utils/sdCard/sdCard.o
 .rodata.gpsInit.str1.4
                0x00009a16       0x4a ./source/utils/gps/gps.o
 .rodata.updatePosition.str1.4
                0x00009a16       0x64 ./source/utils/gps/gps.o
 .rodata.parseNMEA.str1.4
                0x00009a16        0x2 ./source/utils/gps/gps.o
 *fill*         0x00009a16        0x2 ff
 .rodata.__num_Ciob_streams
                0x00009a18        0x4 C:/nxp/MCUXpressoIDE_24.12.148/ide/plugins/com.nxp.mcuxpresso.tools.win32_24.12.0.202407110909/tools/bin/../lib/gcc/arm-none-eabi/13.2.1/../../../../arm-none-eabi/lib/thumb/v8-m.main/nofp\libcr_semihost_nf.a(__ciob.o)
                0x00009a18                __num_Ciob_streams
 .rodata.fp_display.str1.1
                0x00009a1c       0x87 C:/nxp/MCUXpressoIDE_24.12.148/ide/plugins/com.nxp.mcuxpresso.tools.win32_24.12.0.202407110909/tools/bin/../lib/gcc/arm-none-eabi/13.2.1/../../../../arm-none-eabi/lib/thumb/v8-m.main/nofp\libcr_c.a(fpprintf.o)
                                 0x35 (size before relaxing)
 .rodata._initio.str1.1
                0x00009aa3        0x4 C:/nxp/MCUXpressoIDE_24.12.148/ide/plugins/com.nxp.mcuxpresso.tools.win32_24.12.0.202407110909/tools/bin/../lib/gcc/arm-none-eabi/13.2.1/../../../../arm-none-eabi/lib/thumb/v8-m.main/nofp\libcr_c.a(initio.o)
 .rodata.__vfprintf.str1.1
                0x00009aa3       0x38 C:/nxp/MCUXpressoIDE_24.12.148/ide/plugins/com.nxp.mcuxpresso.tools.win32_24.12.0.202407110909/tools/bin/../lib/gcc/arm-none-eabi/13.2.1/../../../../arm-none-eabi/lib/thumb/v8-m.main/nofp\libcr_c.a(printf.o)
 .rodata.strtod.str1.1
                0x00009aa3        0x6 C:/nxp/MCUXpressoIDE_24.12.148/ide/plugins/com.nxp.mcuxpresso.tools.win32_24.12.0.202407110909/tools/bin/../lib/gcc/arm-none-eabi/13.2.1/../../../../arm-none-eabi/lib/thumb/v8-m.main/nofp\libcr_c.a(scanf.o)
 .rodata._Csys_alloc.str1.1
                0x00009aa3       0x18 C:/nxp/MCUXpressoIDE_24.12.148/ide/plugins/com.nxp.mcuxpresso.tools.win32_24.12.0.202407110909/tools/bin/../lib/gcc/arm-none-eabi/13.2.1/../../../../arm-none-eabi/lib/thumb/v8-m.main/nofp\libcr_c.a(alloc.o)
 .rodata.__ctype
                0x00009aa3      0x180 C:/nxp/MCUXpressoIDE_24.12.148/ide/plugins/com.nxp.mcuxpresso.tools.win32_24.12.0.202407110909/tools/bin/../lib/gcc/arm-none-eabi/13.2.1/../../../../arm-none-eabi/lib/thumb/v8-m.main/nofp\libcr_c.a(ctype.o)
                0x00009aa3                __ctype
                0x00009c24                        . = ALIGN (0x4)
 *fill*         0x00009c23        0x1 ff

.glue_7         0x00009c24        0x0
 .glue_7        0x00009c24        0x0 linker stubs

.glue_7t        0x00009c24        0x0
 .glue_7t       0x00009c24        0x0 linker stubs

.vfp11_veneer   0x00009c24        0x0
 .vfp11_veneer  0x00009c24        0x0 linker stubs

.v4_bx          0x00009c24        0x0
 .v4_bx         0x00009c24        0x0 linker stubs

.iplt           0x00009c24        0x0
 .iplt          0x00009c24        0x0 ./startup/startup_mcxa153.o

.rel.dyn        0x00009c24        0x0
 .rel.iplt      0x00009c24        0x0 ./startup/startup_mcxa153.o

.ARM.extab
 *(SORT_BY_ALIGNMENT(.ARM.extab*) SORT_BY_ALIGNMENT(.gnu.linkonce.armextab.*))

.ARM.exidx      0x00009c24        0x0
                0x00009c24                        __exidx_start = .
 *(SORT_BY_ALIGNMENT(.ARM.exidx*) SORT_BY_ALIGNMENT(.gnu.linkonce.armexidx.*))
                0x00009c24                        __exidx_end = .
                0x00009c24                        _etext = .

.data_RAM2      0x04000000        0x0 load address 0x00009c24
 FILL mask 0xff
                [!provide]                        PROVIDE (__start_data_RAM2 = .)
                [!provide]                        PROVIDE (__start_data_SRAMX0 = .)
 *(SORT_BY_ALIGNMENT(.ramfunc.$RAM2))
 *(SORT_BY_ALIGNMENT(.ramfunc.$SRAMX0))
 *(SORT_BY_ALIGNMENT(.data.$RAM2))
 *(SORT_BY_ALIGNMENT(.data.$SRAMX0))
 *(SORT_BY_ALIGNMENT(.data.$RAM2.*))
 *(SORT_BY_ALIGNMENT(.data.$SRAMX0.*))
                0x04000000                        . = ALIGN (0x4)
                [!provide]                        PROVIDE (__end_data_RAM2 = .)
                [!provide]                        PROVIDE (__end_data_SRAMX0 = .)

.data_RAM3      0x04002000        0x0 load address 0x00009c24
 FILL mask 0xff
                [!provide]                        PROVIDE (__start_data_RAM3 = .)
                [!provide]                        PROVIDE (__start_data_SRAMX1 = .)
 *(SORT_BY_ALIGNMENT(.ramfunc.$RAM3))
 *(SORT_BY_ALIGNMENT(.ramfunc.$SRAMX1))
 *(SORT_BY_ALIGNMENT(.data.$RAM3))
 *(SORT_BY_ALIGNMENT(.data.$SRAMX1))
 *(SORT_BY_ALIGNMENT(.data.$RAM3.*))
 *(SORT_BY_ALIGNMENT(.data.$SRAMX1.*))
                0x04002000                        . = ALIGN (0x4)
                [!provide]                        PROVIDE (__end_data_RAM3 = .)
                [!provide]                        PROVIDE (__end_data_SRAMX1 = .)

.uninit_RESERVED
                0x20000000        0x0
                0x20000000                        _start_uninit_RESERVED = .
 *(SORT_BY_ALIGNMENT(.bss.$RESERVED*))
                0x20000000                        . = ALIGN (0x4)
                0x20000000                        _end_uninit_RESERVED = .

.data           0x20000000        0xc load address 0x00009c24
 FILL mask 0xff
                0x20000000                        _data = .
                [!provide]                        PROVIDE (__start_data_RAM = .)
                [!provide]                        PROVIDE (__start_data_SRAM = .)
 *(SORT_BY_ALIGNMENT(vtable))
 *(SORT_BY_ALIGNMENT(.ramfunc*))
 *(SORT_BY_ALIGNMENT(CodeQuickAccess))
 *(SORT_BY_ALIGNMENT(DataQuickAccess))
 *(SORT_BY_ALIGNMENT(RamFunction))
 *(SORT_BY_ALIGNMENT(.data*))
 .data.neginf.0
                0x20000000        0x4 C:/nxp/MCUXpressoIDE_24.12.148/ide/plugins/com.nxp.mcuxpresso.tools.win32_24.12.0.202407110909/tools/bin/../lib/gcc/arm-none-eabi/13.2.1/../../../../arm-none-eabi/lib/thumb/v8-m.main/nofp\libcr_c.a(scanf.o)
 .data.posinf.1
                0x20000004        0x4 C:/nxp/MCUXpressoIDE_24.12.148/ide/plugins/com.nxp.mcuxpresso.tools.win32_24.12.0.202407110909/tools/bin/../lib/gcc/arm-none-eabi/13.2.1/../../../../arm-none-eabi/lib/thumb/v8-m.main/nofp\libcr_c.a(scanf.o)
 .data.Stat     0x20000008        0x1 ./source/utils/sdCard/FatFs/sdmm.o
                0x2000000c                        . = ALIGN (0x4)
 *fill*         0x20000009        0x3 ff
                0x2000000c                        _edata = .
                [!provide]                        PROVIDE (__end_data_RAM = .)
                [!provide]                        PROVIDE (__end_data_SRAM = .)

.igot.plt       0x2000000c        0x0 load address 0x00009c30
 .igot.plt      0x2000000c        0x0 ./startup/startup_mcxa153.o

.bss_RAM2       0x04000000        0x0
                [!provide]                        PROVIDE (__start_bss_RAM2 = .)
                [!provide]                        PROVIDE (__start_bss_SRAMX0 = .)
 *(SORT_BY_ALIGNMENT(.bss.$RAM2))
 *(SORT_BY_ALIGNMENT(.bss.$SRAMX0))
 *(SORT_BY_ALIGNMENT(.bss.$RAM2.*))
 *(SORT_BY_ALIGNMENT(.bss.$SRAMX0.*))
                0x04000000                        . = ALIGN ((. != 0x0)?0x4:0x1)
                [!provide]                        PROVIDE (__end_bss_RAM2 = .)
                [!provide]                        PROVIDE (__end_bss_SRAMX0 = .)

.bss_RAM3       0x04002000        0x0
                [!provide]                        PROVIDE (__start_bss_RAM3 = .)
                [!provide]                        PROVIDE (__start_bss_SRAMX1 = .)
 *(SORT_BY_ALIGNMENT(.bss.$RAM3))
 *(SORT_BY_ALIGNMENT(.bss.$SRAMX1))
 *(SORT_BY_ALIGNMENT(.bss.$RAM3.*))
 *(SORT_BY_ALIGNMENT(.bss.$SRAMX1.*))
                0x04002000                        . = ALIGN ((. != 0x0)?0x4:0x1)
                [!provide]                        PROVIDE (__end_bss_RAM3 = .)
                [!provide]                        PROVIDE (__end_bss_SRAMX1 = .)

.bss            0x2000000c      0x82c
                0x2000000c                        _bss = .
                [!provide]                        PROVIDE (__start_bss_RAM = .)
                [!provide]                        PROVIDE (__start_bss_SRAM = .)
 *(SORT_BY_ALIGNMENT(.bss*))
 .bss.FatFs     0x2000000c        0x4 ./source/utils/sdCard/FatFs/ff.o
 .bss.FatFs     0x20000010      0x234 ./source/utils/sdCard/sdCard.o
                0x20000010                FatFs
 .bss.Fil       0x20000244       0x28 ./source/utils/sdCard/sdCard.o
                0x20000244                Fil
 .bss.br        0x2000026c        0x4 ./source/utils/sdCard/sdCard.o
                0x2000026c                br
 .bss.readBuf   0x20000270      0x200 ./source/utils/sdCard/sdCard.o
                0x20000270                readBuf
 .bss.buffer    0x20000470       0x80 ./source/utils/gps/gps.o
                0x20000470                buffer
 .bss.targetCoordinates
                0x200004f0        0xc ./source/utils/gps/gps.o
                0x200004f0                targetCoordinates
 .bss.boxCoordinates
                0x200004fc        0xc ./source/utils/gps/gps.o
                0x200004fc                boxCoordinates
 .bss.tx        0x20000508       0x18 ./source/utils/comProtocols/Lpuart/lpuart0_interrupt.o
 .bss.rx        0x20000520       0x18 ./source/utils/comProtocols/Lpuart/lpuart0_interrupt.o
 .bss.tx_buffer
                0x20000538       0x80 ./source/utils/comProtocols/Lpuart/lpuart0_interrupt.o
 .bss.rx_buffer
                0x200005b8       0x80 ./source/utils/comProtocols/Lpuart/lpuart0_interrupt.o
 .bss.tx        0x20000638       0x18 ./source/utils/comProtocols/Lpuart/lpuart2_interrupt.o
 .bss.rx        0x20000650       0x18 ./source/utils/comProtocols/Lpuart/lpuart2_interrupt.o
 .bss.tx_buffer
                0x20000668       0x80 ./source/utils/comProtocols/Lpuart/lpuart2_interrupt.o
 .bss.rx_buffer
                0x200006e8       0x80 ./source/utils/comProtocols/Lpuart/lpuart2_interrupt.o
 .bss.ms        0x20000768        0x4 ./source/main.o
                0x20000768                ms
 .bss.won       0x2000076c        0x4 ./source/main.o
                0x2000076c                won
 .bss.errno     0x20000770        0x4 C:/nxp/MCUXpressoIDE_24.12.148/ide/plugins/com.nxp.mcuxpresso.tools.win32_24.12.0.202407110909/tools/bin/../lib/gcc/arm-none-eabi/13.2.1/../../../../arm-none-eabi/lib/thumb/v8-m.main/nofp\libcr_c.a(errno.o)
                0x20000770                errno
 .bss.__end_of_heap
                0x20000774        0x4 C:/nxp/MCUXpressoIDE_24.12.148/ide/plugins/com.nxp.mcuxpresso.tools.win32_24.12.0.202407110909/tools/bin/../lib/gcc/arm-none-eabi/13.2.1/../../../../arm-none-eabi/lib/thumb/v8-m.main/nofp\libcr_c.a(__init_alloc.o)
                0x20000774                __end_of_heap
 .bss.__heaps   0x20000778        0x4 C:/nxp/MCUXpressoIDE_24.12.148/ide/plugins/com.nxp.mcuxpresso.tools.win32_24.12.0.202407110909/tools/bin/../lib/gcc/arm-none-eabi/13.2.1/../../../../arm-none-eabi/lib/thumb/v8-m.main/nofp\libcr_c.a(__init_alloc.o)
                0x20000778                __heaps
 .bss.__Ciob    0x2000077c       0xb4 C:/nxp/MCUXpressoIDE_24.12.148/ide/plugins/com.nxp.mcuxpresso.tools.win32_24.12.0.202407110909/tools/bin/../lib/gcc/arm-none-eabi/13.2.1/../../../../arm-none-eabi/lib/thumb/v8-m.main/nofp\libcr_semihost_nf.a(__ciob.o)
                0x2000077c                __Ciob
 .bss.Fsid      0x20000830        0x2 ./source/utils/sdCard/FatFs/ff.o
 .bss.CurrVol   0x20000832        0x1 ./source/utils/sdCard/FatFs/ff.o
 .bss.CardType  0x20000833        0x1 ./source/utils/sdCard/FatFs/sdmm.o
 .bss.fr        0x20000834        0x1 ./source/utils/sdCard/sdCard.o
                0x20000834                fr
 .bss.successFlag
                0x20000835        0x1 ./source/games/gpsGame/gpsGame.o
                0x20000835                successFlag
 *(SORT_BY_ALIGNMENT(COMMON))
                0x20000838                        . = ALIGN (0x4)
 *fill*         0x20000836        0x2 
                0x20000838                        _ebss = .
                [!provide]                        PROVIDE (__end_bss_RAM = .)
                [!provide]                        PROVIDE (__end_bss_SRAM = .)
                [!provide]                        PROVIDE (end = .)

.noinit_RAM2    0x04000000        0x0
                [!provide]                        PROVIDE (__start_noinit_RAM2 = .)
                [!provide]                        PROVIDE (__start_noinit_SRAMX0 = .)
 *(SORT_BY_ALIGNMENT(.noinit.$RAM2))
 *(SORT_BY_ALIGNMENT(.noinit.$SRAMX0))
 *(SORT_BY_ALIGNMENT(.noinit.$RAM2.*))
 *(SORT_BY_ALIGNMENT(.noinit.$SRAMX0.*))
                0x04000000                        . = ALIGN (0x4)
                [!provide]                        PROVIDE (__end_noinit_RAM2 = .)
                [!provide]                        PROVIDE (__end_noinit_SRAMX0 = .)

.noinit_RAM3    0x04002000        0x0
                [!provide]                        PROVIDE (__start_noinit_RAM3 = .)
                [!provide]                        PROVIDE (__start_noinit_SRAMX1 = .)
 *(SORT_BY_ALIGNMENT(.noinit.$RAM3))
 *(SORT_BY_ALIGNMENT(.noinit.$SRAMX1))
 *(SORT_BY_ALIGNMENT(.noinit.$RAM3.*))
 *(SORT_BY_ALIGNMENT(.noinit.$SRAMX1.*))
                0x04002000                        . = ALIGN (0x4)
                [!provide]                        PROVIDE (__end_noinit_RAM3 = .)
                [!provide]                        PROVIDE (__end_noinit_SRAMX1 = .)

.noinit         0x20000838        0x0
                0x20000838                        _noinit = .
                [!provide]                        PROVIDE (__start_noinit_RAM = .)
                [!provide]                        PROVIDE (__start_noinit_SRAM = .)
 *(SORT_BY_ALIGNMENT(.noinit*))
                0x20000838                        . = ALIGN (0x4)
                0x20000838                        _end_noinit = .
                [!provide]                        PROVIDE (__end_noinit_RAM = .)
                [!provide]                        PROVIDE (__end_noinit_SRAM = .)
                0x00000600                        _HeapSize = 0x600

.heap           0x20000838      0x600
                0x20000838                        _pvHeapStart = .
                0x20000e38                        . = (. + _HeapSize)
 *fill*         0x20000838      0x600 
                0x20000e38                        . = ALIGN (0x4)
                0x20000e38                        _pvHeapLimit = .
                0x00000600                        _StackSize = 0x600

.heap2stackfill
                0x20000e38      0x600
                0x20001438                        . = (. + _StackSize)
 *fill*         0x20000e38      0x600 

.stack          0x20005a00        0x0
                0x20005a00                        _vStackBase = .
                0x20005a00                        . = ALIGN (0x4)
                0x20006000                        _vStackTop = (. + _StackSize)
                0x00000000                        _image_start = LOADADDR (.text)
                0x00009c30                        _image_end = (LOADADDR (.data) + SIZEOF (.data))
                0x00009c30                        _image_size = (_image_end - _image_start)
OUTPUT(frdmmcxa153_ese_driver_examples_lpuart_interrupt.axf elf32-littlearm)
LOAD linker stubs

.debug_info     0x00000000    0x148d5
 .debug_info    0x00000000      0xb86 ./startup/startup_mcxa153.o
 .debug_info    0x00000b86     0x21d6 ./source/utils/sdCard/FatFs/ff.o
 .debug_info    0x00002d5c      0xbdc ./source/utils/sdCard/FatFs/sdmm.o
 .debug_info    0x00003938      0x631 ./source/utils/sdCard/sdCard.o
 .debug_info    0x00003f69      0x486 ./source/utils/gps/gps.o
 .debug_info    0x000043ef      0xf5b ./source/utils/comProtocols/Lpuart/lpuart0_interrupt.o
 .debug_info    0x0000534a      0xf5b ./source/utils/comProtocols/Lpuart/lpuart2_interrupt.o
 .debug_info    0x000062a5      0x128 ./source/utils/comProtocols/Lpuart/retarget.o
 .debug_info    0x000063cd      0x670 ./source/utils/comProtocols/GPIO/gpio_output.o
 .debug_info    0x00006a3d      0x2dc ./source/utils/comProtocols/fifo.o
 .debug_info    0x00006d19      0x326 ./source/games/gpsGame/gpsGame.o
 .debug_info    0x0000703f      0x9f0 ./source/main.o
 .debug_info    0x00007a2f       0x3c ./source/semihost_hardfault.o
 .debug_info    0x00007a6b      0xc6a ./device/system_MCXA153.o
 .debug_info    0x000086d5       0x85 C:/nxp/MCUXpressoIDE_24.12.148/ide/plugins/com.nxp.mcuxpresso.tools.win32_24.12.0.202407110909/tools/bin/../lib/gcc/arm-none-eabi/13.2.1/../../../../arm-none-eabi/lib/thumb/v8-m.main/nofp\libcr_semihost_nf.a(_cr__main.o)
 .debug_info    0x0000875a      0x12b C:/nxp/MCUXpressoIDE_24.12.148/ide/plugins/com.nxp.mcuxpresso.tools.win32_24.12.0.202407110909/tools/bin/../lib/gcc/arm-none-eabi/13.2.1/../../../../arm-none-eabi/lib/thumb/v8-m.main/nofp\libcr_c.a(memcpy.o)
 .debug_info    0x00008885       0xfc C:/nxp/MCUXpressoIDE_24.12.148/ide/plugins/com.nxp.mcuxpresso.tools.win32_24.12.0.202407110909/tools/bin/../lib/gcc/arm-none-eabi/13.2.1/../../../../arm-none-eabi/lib/thumb/v8-m.main/nofp\libcr_c.a(memset.o)
 .debug_info    0x00008981      0x189 C:/nxp/MCUXpressoIDE_24.12.148/ide/plugins/com.nxp.mcuxpresso.tools.win32_24.12.0.202407110909/tools/bin/../lib/gcc/arm-none-eabi/13.2.1/../../../../arm-none-eabi/lib/thumb/v8-m.main/nofp\libcr_c.a(atan2.o)
 .debug_info    0x00008b0a       0xe2 C:/nxp/MCUXpressoIDE_24.12.148/ide/plugins/com.nxp.mcuxpresso.tools.win32_24.12.0.202407110909/tools/bin/../lib/gcc/arm-none-eabi/13.2.1/../../../../arm-none-eabi/lib/thumb/v8-m.main/nofp\libcr_c.a(cos.o)
 .debug_info    0x00008bec       0x44 C:/nxp/MCUXpressoIDE_24.12.148/ide/plugins/com.nxp.mcuxpresso.tools.win32_24.12.0.202407110909/tools/bin/../lib/gcc/arm-none-eabi/13.2.1/../../../../arm-none-eabi/lib/thumb/v8-m.main/nofp\libcr_c.a(errno.o)
 .debug_info    0x00008c30       0x8f C:/nxp/MCUXpressoIDE_24.12.148/ide/plugins/com.nxp.mcuxpresso.tools.win32_24.12.0.202407110909/tools/bin/../lib/gcc/arm-none-eabi/13.2.1/../../../../arm-none-eabi/lib/thumb/v8-m.main/nofp\libcr_c.a(fabs.o)
 .debug_info    0x00008cbf     0x1569 C:/nxp/MCUXpressoIDE_24.12.148/ide/plugins/com.nxp.mcuxpresso.tools.win32_24.12.0.202407110909/tools/bin/../lib/gcc/arm-none-eabi/13.2.1/../../../../arm-none-eabi/lib/thumb/v8-m.main/nofp\libcr_c.a(fpprintf.o)
 .debug_info    0x0000a228      0x339 C:/nxp/MCUXpressoIDE_24.12.148/ide/plugins/com.nxp.mcuxpresso.tools.win32_24.12.0.202407110909/tools/bin/../lib/gcc/arm-none-eabi/13.2.1/../../../../arm-none-eabi/lib/thumb/v8-m.main/nofp\libcr_c.a(initio.o)
 .debug_info    0x0000a561      0x115 C:/nxp/MCUXpressoIDE_24.12.148/ide/plugins/com.nxp.mcuxpresso.tools.win32_24.12.0.202407110909/tools/bin/../lib/gcc/arm-none-eabi/13.2.1/../../../../arm-none-eabi/lib/thumb/v8-m.main/nofp\libcr_c.a(memcmp.o)
 .debug_info    0x0000a676     0x1280 C:/nxp/MCUXpressoIDE_24.12.148/ide/plugins/com.nxp.mcuxpresso.tools.win32_24.12.0.202407110909/tools/bin/../lib/gcc/arm-none-eabi/13.2.1/../../../../arm-none-eabi/lib/thumb/v8-m.main/nofp\libcr_c.a(printf.o)
 .debug_info    0x0000b8f6     0x19dd C:/nxp/MCUXpressoIDE_24.12.148/ide/plugins/com.nxp.mcuxpresso.tools.win32_24.12.0.202407110909/tools/bin/../lib/gcc/arm-none-eabi/13.2.1/../../../../arm-none-eabi/lib/thumb/v8-m.main/nofp\libcr_c.a(scanf.o)
 .debug_info    0x0000d2d3      0x1fd C:/nxp/MCUXpressoIDE_24.12.148/ide/plugins/com.nxp.mcuxpresso.tools.win32_24.12.0.202407110909/tools/bin/../lib/gcc/arm-none-eabi/13.2.1/../../../../arm-none-eabi/lib/thumb/v8-m.main/nofp\libcr_c.a(setvbuf.o)
 .debug_info    0x0000d4d0       0xbe C:/nxp/MCUXpressoIDE_24.12.148/ide/plugins/com.nxp.mcuxpresso.tools.win32_24.12.0.202407110909/tools/bin/../lib/gcc/arm-none-eabi/13.2.1/../../../../arm-none-eabi/lib/thumb/v8-m.main/nofp\libcr_c.a(sin.o)
 .debug_info    0x0000d58e      0x203 C:/nxp/MCUXpressoIDE_24.12.148/ide/plugins/com.nxp.mcuxpresso.tools.win32_24.12.0.202407110909/tools/bin/../lib/gcc/arm-none-eabi/13.2.1/../../../../arm-none-eabi/lib/thumb/v8-m.main/nofp\libcr_c.a(sqrt.o)
 .debug_info    0x0000d791       0xa8 C:/nxp/MCUXpressoIDE_24.12.148/ide/plugins/com.nxp.mcuxpresso.tools.win32_24.12.0.202407110909/tools/bin/../lib/gcc/arm-none-eabi/13.2.1/../../../../arm-none-eabi/lib/thumb/v8-m.main/nofp\libcr_c.a(strchr.o)
 .debug_info    0x0000d839       0xe1 C:/nxp/MCUXpressoIDE_24.12.148/ide/plugins/com.nxp.mcuxpresso.tools.win32_24.12.0.202407110909/tools/bin/../lib/gcc/arm-none-eabi/13.2.1/../../../../arm-none-eabi/lib/thumb/v8-m.main/nofp\libcr_c.a(strlen.o)
 .debug_info    0x0000d91a       0xca C:/nxp/MCUXpressoIDE_24.12.148/ide/plugins/com.nxp.mcuxpresso.tools.win32_24.12.0.202407110909/tools/bin/../lib/gcc/arm-none-eabi/13.2.1/../../../../arm-none-eabi/lib/thumb/v8-m.main/nofp\libcr_c.a(strncat.o)
 .debug_info    0x0000d9e4      0x11c C:/nxp/MCUXpressoIDE_24.12.148/ide/plugins/com.nxp.mcuxpresso.tools.win32_24.12.0.202407110909/tools/bin/../lib/gcc/arm-none-eabi/13.2.1/../../../../arm-none-eabi/lib/thumb/v8-m.main/nofp\libcr_c.a(strncmp.o)
 .debug_info    0x0000db00       0xda C:/nxp/MCUXpressoIDE_24.12.148/ide/plugins/com.nxp.mcuxpresso.tools.win32_24.12.0.202407110909/tools/bin/../lib/gcc/arm-none-eabi/13.2.1/../../../../arm-none-eabi/lib/thumb/v8-m.main/nofp\libcr_c.a(strpbrk.o)
 .debug_info    0x0000dbda      0x192 C:/nxp/MCUXpressoIDE_24.12.148/ide/plugins/com.nxp.mcuxpresso.tools.win32_24.12.0.202407110909/tools/bin/../lib/gcc/arm-none-eabi/13.2.1/../../../../arm-none-eabi/lib/thumb/v8-m.main/nofp\libcr_c.a(ungetc.o)
 .debug_info    0x0000dd6c      0x46d C:/nxp/MCUXpressoIDE_24.12.148/ide/plugins/com.nxp.mcuxpresso.tools.win32_24.12.0.202407110909/tools/bin/../lib/gcc/arm-none-eabi/13.2.1/../../../../arm-none-eabi/lib/thumb/v8-m.main/nofp\libcr_c.a(__fillbuf.o)
 .debug_info    0x0000e1d9      0x369 C:/nxp/MCUXpressoIDE_24.12.148/ide/plugins/com.nxp.mcuxpresso.tools.win32_24.12.0.202407110909/tools/bin/../lib/gcc/arm-none-eabi/13.2.1/../../../../arm-none-eabi/lib/thumb/v8-m.main/nofp\libcr_c.a(_deferredlazyseek.o)
 .debug_info    0x0000e542      0x24b C:/nxp/MCUXpressoIDE_24.12.148/ide/plugins/com.nxp.mcuxpresso.tools.win32_24.12.0.202407110909/tools/bin/../lib/gcc/arm-none-eabi/13.2.1/../../../../arm-none-eabi/lib/thumb/v8-m.main/nofp\libcr_c.a(_fdopen.o)
 .debug_info    0x0000e78d      0x1e3 C:/nxp/MCUXpressoIDE_24.12.148/ide/plugins/com.nxp.mcuxpresso.tools.win32_24.12.0.202407110909/tools/bin/../lib/gcc/arm-none-eabi/13.2.1/../../../../arm-none-eabi/lib/thumb/v8-m.main/nofp\libcr_c.a(_fflush.o)
 .debug_info    0x0000e970      0x15e C:/nxp/MCUXpressoIDE_24.12.148/ide/plugins/com.nxp.mcuxpresso.tools.win32_24.12.0.202407110909/tools/bin/../lib/gcc/arm-none-eabi/13.2.1/../../../../arm-none-eabi/lib/thumb/v8-m.main/nofp\libcr_c.a(_frexpl.o)
 .debug_info    0x0000eace      0x146 C:/nxp/MCUXpressoIDE_24.12.148/ide/plugins/com.nxp.mcuxpresso.tools.win32_24.12.0.202407110909/tools/bin/../lib/gcc/arm-none-eabi/13.2.1/../../../../arm-none-eabi/lib/thumb/v8-m.main/nofp\libcr_c.a(_ldexpl.o)
 .debug_info    0x0000ec14      0x286 C:/nxp/MCUXpressoIDE_24.12.148/ide/plugins/com.nxp.mcuxpresso.tools.win32_24.12.0.202407110909/tools/bin/../lib/gcc/arm-none-eabi/13.2.1/../../../../arm-none-eabi/lib/thumb/v8-m.main/nofp\libcr_c.a(_sincos.o)
 .debug_info    0x0000ee9a      0x289 C:/nxp/MCUXpressoIDE_24.12.148/ide/plugins/com.nxp.mcuxpresso.tools.win32_24.12.0.202407110909/tools/bin/../lib/gcc/arm-none-eabi/13.2.1/../../../../arm-none-eabi/lib/thumb/v8-m.main/nofp\libcr_c.a(_writebuf.o)
 .debug_info    0x0000f123      0x520 C:/nxp/MCUXpressoIDE_24.12.148/ide/plugins/com.nxp.mcuxpresso.tools.win32_24.12.0.202407110909/tools/bin/../lib/gcc/arm-none-eabi/13.2.1/../../../../arm-none-eabi/lib/thumb/v8-m.main/nofp\libcr_c.a(alloc.o)
 .debug_info    0x0000f643      0x27c C:/nxp/MCUXpressoIDE_24.12.148/ide/plugins/com.nxp.mcuxpresso.tools.win32_24.12.0.202407110909/tools/bin/../lib/gcc/arm-none-eabi/13.2.1/../../../../arm-none-eabi/lib/thumb/v8-m.main/nofp\libcr_c.a(atan.o)
 .debug_info    0x0000f8bf      0x2f8 C:/nxp/MCUXpressoIDE_24.12.148/ide/plugins/com.nxp.mcuxpresso.tools.win32_24.12.0.202407110909/tools/bin/../lib/gcc/arm-none-eabi/13.2.1/../../../../arm-none-eabi/lib/thumb/v8-m.main/nofp\libcr_c.a(ctype.o)
 .debug_info    0x0000fbb7      0x318 C:/nxp/MCUXpressoIDE_24.12.148/ide/plugins/com.nxp.mcuxpresso.tools.win32_24.12.0.202407110909/tools/bin/../lib/gcc/arm-none-eabi/13.2.1/../../../../arm-none-eabi/lib/thumb/v8-m.main/nofp\libcr_c.a(fclose.o)
 .debug_info    0x0000fecf      0x209 C:/nxp/MCUXpressoIDE_24.12.148/ide/plugins/com.nxp.mcuxpresso.tools.win32_24.12.0.202407110909/tools/bin/../lib/gcc/arm-none-eabi/13.2.1/../../../../arm-none-eabi/lib/thumb/v8-m.main/nofp\libcr_c.a(fflush.o)
 .debug_info    0x000100d8      0x276 C:/nxp/MCUXpressoIDE_24.12.148/ide/plugins/com.nxp.mcuxpresso.tools.win32_24.12.0.202407110909/tools/bin/../lib/gcc/arm-none-eabi/13.2.1/../../../../arm-none-eabi/lib/thumb/v8-m.main/nofp\libcr_c.a(fseek.o)
 .debug_info    0x0001034e      0x197 C:/nxp/MCUXpressoIDE_24.12.148/ide/plugins/com.nxp.mcuxpresso.tools.win32_24.12.0.202407110909/tools/bin/../lib/gcc/arm-none-eabi/13.2.1/../../../../arm-none-eabi/lib/thumb/v8-m.main/nofp\libcr_c.a(ftell.o)
 .debug_info    0x000104e5      0x1d7 C:/nxp/MCUXpressoIDE_24.12.148/ide/plugins/com.nxp.mcuxpresso.tools.win32_24.12.0.202407110909/tools/bin/../lib/gcc/arm-none-eabi/13.2.1/../../../../arm-none-eabi/lib/thumb/v8-m.main/nofp\libcr_c.a(remove.o)
 .debug_info    0x000106bc       0xd4 C:/nxp/MCUXpressoIDE_24.12.148/ide/plugins/com.nxp.mcuxpresso.tools.win32_24.12.0.202407110909/tools/bin/../lib/gcc/arm-none-eabi/13.2.1/../../../../arm-none-eabi/lib/thumb/v8-m.main/nofp\libcr_c.a(__init_alloc.o)
 .debug_info    0x00010790      0x107 C:/nxp/MCUXpressoIDE_24.12.148/ide/plugins/com.nxp.mcuxpresso.tools.win32_24.12.0.202407110909/tools/bin/../lib/gcc/arm-none-eabi/13.2.1/../../../../arm-none-eabi/lib/thumb/v8-m.main/nofp\libcr_c.a(_cr_sbrk.o)
 .debug_info    0x00010897      0x23a C:/nxp/MCUXpressoIDE_24.12.148/ide/plugins/com.nxp.mcuxpresso.tools.win32_24.12.0.202407110909/tools/bin/../lib/gcc/arm-none-eabi/13.2.1/../../../../arm-none-eabi/lib/thumb/v8-m.main/nofp\libcr_c.a(_do_fflush.o)
 .debug_info    0x00010ad1       0x78 C:/nxp/MCUXpressoIDE_24.12.148/ide/plugins/com.nxp.mcuxpresso.tools.win32_24.12.0.202407110909/tools/bin/../lib/gcc/arm-none-eabi/13.2.1/../../../../arm-none-eabi/lib/thumb/v8-m.main/nofp\libcr_c.a(_cr_check_heap.o)
 .debug_info    0x00010b49     0x2131 C:/nxp/MCUXpressoIDE_24.12.148/ide/plugins/com.nxp.mcuxpresso.tools.win32_24.12.0.202407110909/tools/bin/../lib/gcc/arm-none-eabi/13.2.1/thumb/v8-m.main/nofp\libcr_eabihelpers.a(double.o)
 .debug_info    0x00012c7a     0x1ad0 C:/nxp/MCUXpressoIDE_24.12.148/ide/plugins/com.nxp.mcuxpresso.tools.win32_24.12.0.202407110909/tools/bin/../lib/gcc/arm-none-eabi/13.2.1/thumb/v8-m.main/nofp\libcr_eabihelpers.a(float.o)
 .debug_info    0x0001474a      0x18b C:/nxp/MCUXpressoIDE_24.12.148/ide/plugins/com.nxp.mcuxpresso.tools.win32_24.12.0.202407110909/tools/bin/../lib/gcc/arm-none-eabi/13.2.1/../../../../arm-none-eabi/lib/thumb/v8-m.main/nofp\libcr_semihost_nf.a(__ciob.o)

.debug_abbrev   0x00000000     0x4d49
 .debug_abbrev  0x00000000      0x134 ./startup/startup_mcxa153.o
 .debug_abbrev  0x00000134      0x25f ./source/utils/sdCard/FatFs/ff.o
 .debug_abbrev  0x00000393      0x21d ./source/utils/sdCard/FatFs/sdmm.o
 .debug_abbrev  0x000005b0      0x1f2 ./source/utils/sdCard/sdCard.o
 .debug_abbrev  0x000007a2      0x1be ./source/utils/gps/gps.o
 .debug_abbrev  0x00000960      0x251 ./source/utils/comProtocols/Lpuart/lpuart0_interrupt.o
 .debug_abbrev  0x00000bb1      0x251 ./source/utils/comProtocols/Lpuart/lpuart2_interrupt.o
 .debug_abbrev  0x00000e02       0xe2 ./source/utils/comProtocols/Lpuart/retarget.o
 .debug_abbrev  0x00000ee4       0xb8 ./source/utils/comProtocols/GPIO/gpio_output.o
 .debug_abbrev  0x00000f9c      0x191 ./source/utils/comProtocols/fifo.o
 .debug_abbrev  0x0000112d      0x19b ./source/games/gpsGame/gpsGame.o
 .debug_abbrev  0x000012c8      0x280 ./source/main.o
 .debug_abbrev  0x00001548       0x31 ./source/semihost_hardfault.o
 .debug_abbrev  0x00001579      0x17f ./device/system_MCXA153.o
 .debug_abbrev  0x000016f8       0x70 C:/nxp/MCUXpressoIDE_24.12.148/ide/plugins/com.nxp.mcuxpresso.tools.win32_24.12.0.202407110909/tools/bin/../lib/gcc/arm-none-eabi/13.2.1/../../../../arm-none-eabi/lib/thumb/v8-m.main/nofp\libcr_semihost_nf.a(_cr__main.o)
 .debug_abbrev  0x00001768       0xb6 C:/nxp/MCUXpressoIDE_24.12.148/ide/plugins/com.nxp.mcuxpresso.tools.win32_24.12.0.202407110909/tools/bin/../lib/gcc/arm-none-eabi/13.2.1/../../../../arm-none-eabi/lib/thumb/v8-m.main/nofp\libcr_c.a(memcpy.o)
 .debug_abbrev  0x0000181e       0xa8 C:/nxp/MCUXpressoIDE_24.12.148/ide/plugins/com.nxp.mcuxpresso.tools.win32_24.12.0.202407110909/tools/bin/../lib/gcc/arm-none-eabi/13.2.1/../../../../arm-none-eabi/lib/thumb/v8-m.main/nofp\libcr_c.a(memset.o)
 .debug_abbrev  0x000018c6       0xac C:/nxp/MCUXpressoIDE_24.12.148/ide/plugins/com.nxp.mcuxpresso.tools.win32_24.12.0.202407110909/tools/bin/../lib/gcc/arm-none-eabi/13.2.1/../../../../arm-none-eabi/lib/thumb/v8-m.main/nofp\libcr_c.a(atan2.o)
 .debug_abbrev  0x00001972       0x92 C:/nxp/MCUXpressoIDE_24.12.148/ide/plugins/com.nxp.mcuxpresso.tools.win32_24.12.0.202407110909/tools/bin/../lib/gcc/arm-none-eabi/13.2.1/../../../../arm-none-eabi/lib/thumb/v8-m.main/nofp\libcr_c.a(cos.o)
 .debug_abbrev  0x00001a04       0x44 C:/nxp/MCUXpressoIDE_24.12.148/ide/plugins/com.nxp.mcuxpresso.tools.win32_24.12.0.202407110909/tools/bin/../lib/gcc/arm-none-eabi/13.2.1/../../../../arm-none-eabi/lib/thumb/v8-m.main/nofp\libcr_c.a(errno.o)
 .debug_abbrev  0x00001a48       0x74 C:/nxp/MCUXpressoIDE_24.12.148/ide/plugins/com.nxp.mcuxpresso.tools.win32_24.12.0.202407110909/tools/bin/../lib/gcc/arm-none-eabi/13.2.1/../../../../arm-none-eabi/lib/thumb/v8-m.main/nofp\libcr_c.a(fabs.o)
 .debug_abbrev  0x00001abc      0x46c C:/nxp/MCUXpressoIDE_24.12.148/ide/plugins/com.nxp.mcuxpresso.tools.win32_24.12.0.202407110909/tools/bin/../lib/gcc/arm-none-eabi/13.2.1/../../../../arm-none-eabi/lib/thumb/v8-m.main/nofp\libcr_c.a(fpprintf.o)
 .debug_abbrev  0x00001f28      0x169 C:/nxp/MCUXpressoIDE_24.12.148/ide/plugins/com.nxp.mcuxpresso.tools.win32_24.12.0.202407110909/tools/bin/../lib/gcc/arm-none-eabi/13.2.1/../../../../arm-none-eabi/lib/thumb/v8-m.main/nofp\libcr_c.a(initio.o)
 .debug_abbrev  0x00002091       0x9d C:/nxp/MCUXpressoIDE_24.12.148/ide/plugins/com.nxp.mcuxpresso.tools.win32_24.12.0.202407110909/tools/bin/../lib/gcc/arm-none-eabi/13.2.1/../../../../arm-none-eabi/lib/thumb/v8-m.main/nofp\libcr_c.a(memcmp.o)
 .debug_abbrev  0x0000212e      0x3ba C:/nxp/MCUXpressoIDE_24.12.148/ide/plugins/com.nxp.mcuxpresso.tools.win32_24.12.0.202407110909/tools/bin/../lib/gcc/arm-none-eabi/13.2.1/../../../../arm-none-eabi/lib/thumb/v8-m.main/nofp\libcr_c.a(printf.o)
 .debug_abbrev  0x000024e8      0x453 C:/nxp/MCUXpressoIDE_24.12.148/ide/plugins/com.nxp.mcuxpresso.tools.win32_24.12.0.202407110909/tools/bin/../lib/gcc/arm-none-eabi/13.2.1/../../../../arm-none-eabi/lib/thumb/v8-m.main/nofp\libcr_c.a(scanf.o)
 .debug_abbrev  0x0000293b       0xe1 C:/nxp/MCUXpressoIDE_24.12.148/ide/plugins/com.nxp.mcuxpresso.tools.win32_24.12.0.202407110909/tools/bin/../lib/gcc/arm-none-eabi/13.2.1/../../../../arm-none-eabi/lib/thumb/v8-m.main/nofp\libcr_c.a(setvbuf.o)
 .debug_abbrev  0x00002a1c       0x92 C:/nxp/MCUXpressoIDE_24.12.148/ide/plugins/com.nxp.mcuxpresso.tools.win32_24.12.0.202407110909/tools/bin/../lib/gcc/arm-none-eabi/13.2.1/../../../../arm-none-eabi/lib/thumb/v8-m.main/nofp\libcr_c.a(sin.o)
 .debug_abbrev  0x00002aae      0x10f C:/nxp/MCUXpressoIDE_24.12.148/ide/plugins/com.nxp.mcuxpresso.tools.win32_24.12.0.202407110909/tools/bin/../lib/gcc/arm-none-eabi/13.2.1/../../../../arm-none-eabi/lib/thumb/v8-m.main/nofp\libcr_c.a(sqrt.o)